<html>
<body>
<pre>
<h1>µVision Build Log</h1>
<h2>Project:</h2>
E:\git stage\v1000_mass\Projects\Mass_Storage\MDK-ARM\MassStorageSimpleBuffer.uvproj
Project File Date:  07/05/2016

<h2>Output:</h2>
Build target 'STM32L152-EVAL'
compiling menutal.c...
..\src\user\menutal.c(344): warning:  #550-D: variable "fr" was set but never used
      FRESULT fr = FR_OK;
..\src\user\menutal.c(4062): warning:  #177-D: variable "i" was declared but never referenced
      u16 index = 0,angle = 0,i = 0;
..\src\user\menutal.c(4236): warning:  #167-D: argument of type "int *" is incompatible with parameter of type "UINT *"
              f_write(&sys_fp,USART2_TX_BUF,Flash_write_buffer_Index,&wb);
..\src\user\menutal.c(4987): warning:  #167-D: argument of type "long *" is incompatible with parameter of type "s32 *"
        most_Altitude = Max_arry32(Altitude_pass,old_altiude_div_cnt);
..\src\user\menutal.c(4988): warning:  #167-D: argument of type "long *" is incompatible with parameter of type "s32 *"
        lest_Altitude = Min_arry32(Altitude_pass,old_altiude_div_cnt);
..\src\user\menutal.c: 5 warnings, 0 errors
compiling stm32l1xx_flash_ramfunc.c...
linking...
Program Size: Code=83156 RO-data=25832 RW-data=872 ZI-data=12168  
FromELF: creating hex file...
After Build - User command #1: fromelf.exe  --bin -o STM32L152-EVAL\V1000.BIN STM32L152-EVAL\STM32L152-EVAL.axf
".\STM32L152-EVAL\STM32L152-EVAL.axf" - 0 Error(s), 5 Warning(s).
</pre>
</body>
</html>
rrors
compiling stm_eeprom.c...
compiling system_stm32l1xx.c...
assembling startup_stm32l1xx_md.s...
compiling usb_core.c...
compiling usb_init.c...
compiling usb_int.c...
compiling usb_mem.c...
compiling usb_regs.c...
compiling usb_sil.c...
compiling stm32l1xx_usart.c...
compiling stm32l1xx_exti.c...
compiling stm32l1xx_gpio.c...
compiling stm32l1xx_i2c.c...
compiling stm32l1xx_rcc.c...
compiling stm32l1xx_spi.c...
compiling stm32l1xx_syscfg.c...
compiling stm32l1xx_adc.c...
compiling stm32l1xx_flash.c...
compiling stm32l1xx_pwr.c...
compiling stm32l1xx_tim.c...
compiling stm32l1xx_rtc.c...
compiling stm32l1xx_flash_ramfunc.c...
compiling delay.c...
compiling sys.c...
..\src\SYSTEM\sys\sys.c(766): warning:  #223-D: function "USART2_Init" declared implicitly
           USART2_Init(16,38400);  //³õÊ¼»¯´®¿Ú2
..\src\SYSTEM\sys\sys.c: 1 warning, 0 errors
compiling usart.c...
compiling myadc.c...
compiling BMP085.c...
compiling myiic.c...
compiling flash.c...
compiling gps.c...
compiling key.c...
compiling led.c...
compiling oled.c...
compiling pwm.c...
compiling rtc.c...
compiling spi.c...
compiling timer.c...
..\src\HARDWARE\TIMER\timer.c(333): warning:  #223-D: function "change_to_runmode_recoder" declared implicitly
                              change_to_runmode_recoder(5);
..\src\HARDWARE\TIMER\timer.c: 1 warning, 0 errors
compiling usart2.c...
compiling diskio.c...
..\src\ff11a\src\diskio.c(32): warning:  #550-D: variable "result" was set but never used
      u8 result;
..\src\ff11a\src\diskio.c: 1 warning, 0 errors
compiling ff.c...
linking...
Program Size: Code=83160 RO-data=25828 RW-data=872 ZI-data=12168  
FromELF: creating hex file...
After Build - User command #1: fromelf.exe  --bin -o STM32L152-EVAL\V1000.BIN STM32L152-EVAL\STM32L152-EVAL.axf
".\STM32L152-EVAL\STM32L152-EVAL.axf" - 0 Error(s), 8 Warning(s).
