Product: MDK-ARM Standard 5.10
Component: ARM Compiler 5.04 update 1 (build 49)
Tool: armlink [5040049]

==============================================================================

Section Cross References

    hw_config.o(i.Enter_LowPowerMode) refers to usb_pwr.o(.data) for bDeviceState
    hw_config.o(i.Get_SerialNum) refers to hw_config.o(i.IntToUnicode) for IntToUnicode
    hw_config.o(i.Get_SerialNum) refers to usb_desc.o(.data) for MASS_StringSerial
    hw_config.o(i.Leave_LowPowerMode) refers to system_stm32l1xx.o(i.SystemInit) for SystemInit
    hw_config.o(i.Leave_LowPowerMode) refers to usb_init.o(.bss) for Device_Info
    hw_config.o(i.Leave_LowPowerMode) refers to usb_pwr.o(.data) for bDeviceState
    hw_config.o(i.MAL_Config) refers to mass_mal.o(i.MAL_Init) for MAL_Init
    hw_config.o(i.Set_System) refers to stm32l1xx_rcc.o(i.RCC_APB2PeriphClockCmd) for RCC_APB2PeriphClockCmd
    hw_config.o(i.Set_System) refers to stm32l1xx_exti.o(i.EXTI_ClearITPendingBit) for EXTI_ClearITPendingBit
    hw_config.o(i.Set_System) refers to stm32l1xx_exti.o(i.EXTI_Init) for EXTI_Init
    hw_config.o(i.Set_System) refers to mass_mal.o(i.MAL_Init) for MAL_Init
    hw_config.o(i.Set_System) refers to hw_config.o(.data) for .data
    hw_config.o(i.Set_USBClock) refers to stm32l1xx_rcc.o(i.RCC_APB1PeriphClockCmd) for RCC_APB1PeriphClockCmd
    hw_config.o(i.USB_Cable_Config) refers to stm32l1xx_syscfg.o(i.SYSCFG_USBPuCmd) for SYSCFG_USBPuCmd
    hw_config.o(i.USB_Interrupts_Config) refers to misc.o(i.NVIC_PriorityGroupConfig) for NVIC_PriorityGroupConfig
    hw_config.o(i.USB_Interrupts_Config) refers to misc.o(i.NVIC_Init) for NVIC_Init
    hw_config.o(i.USB_Interrupts_Config_disable) refers to misc.o(i.NVIC_PriorityGroupConfig) for NVIC_PriorityGroupConfig
    hw_config.o(i.USB_Interrupts_Config_disable) refers to misc.o(i.NVIC_Init) for NVIC_Init
    main.o(i.Del_allgujifile) refers to memseta.o(.text) for __aeabi_memclr4
    main.o(i.Del_allgujifile) refers to main.o(i.scan_directory_oldfile) for scan_directory_oldfile
    main.o(i.Del_allgujifile) refers to menutal.o(i.show_levev_space) for show_levev_space
    main.o(i.Del_allgujifile) refers to printfa.o(i.__0printf) for __2printf
    main.o(i.Del_oldfile_nospace) refers to memseta.o(.text) for __aeabi_memclr4
    main.o(i.Del_oldfile_nospace) refers to menutal.o(i.show_levev_space) for show_levev_space
    main.o(i.Del_oldfile_nospace) refers to main.o(i.scan_directory_oldfile) for scan_directory_oldfile
    main.o(i.Del_oldfile_nospace) refers to printfa.o(i.__0printf) for __2printf
    main.o(i.Del_oldfile_nospace) refers to ff.o(i.f_unlink) for f_unlink
    main.o(i.Del_oldfile_nospace) refers to menutal.o(.data) for guji_mode
    main.o(i.change_clk_need_int) refers to delay.o(i.delay_init) for delay_init
    main.o(i.change_clk_need_int) refers to usart.o(i.uart_init) for uart_init
    main.o(i.change_clk_need_int) refers to usart2.o(i.USART2_Init) for USART2_Init
    main.o(i.change_clk_need_int) refers to timer.o(i.Timerx_Init) for Timerx_Init
    main.o(i.change_clk_need_int) refers to flash.o(i.SPI_Flash_Init) for SPI_Flash_Init
    main.o(i.change_clk_need_int) refers to myadc.o(i.ADC_Config) for ADC_Config
    main.o(i.main) refers to misc.o(i.NVIC_SetVectorTable) for NVIC_SetVectorTable
    main.o(i.main) refers to main.o(i.v1000_memalloc) for v1000_memalloc
    main.o(i.main) refers to memseta.o(.text) for __aeabi_memclr4
    main.o(i.main) refers to delay.o(i.delay_init) for delay_init
    main.o(i.main) refers to usart.o(i.uart_init) for uart_init
    main.o(i.main) refers to myiic.o(i.IIC_Init) for IIC_Init
    main.o(i.main) refers to oled.o(i.OLED_Init) for OLED_Init
    main.o(i.main) refers to rtc.o(i.My_RTC_Init) for My_RTC_Init
    main.o(i.main) refers to led.o(i.LED_Init) for LED_Init
    main.o(i.main) refers to key.o(i.KEY_Init) for KEY_Init
    main.o(i.main) refers to flash.o(i.SPI_Flash_Init) for SPI_Flash_Init
    main.o(i.main) refers to flash.o(i.SPI_Flash_WAKEUP) for SPI_Flash_WAKEUP
    main.o(i.main) refers to spi.o(i.SPIx_SetSpeed) for SPIx_SetSpeed
    main.o(i.main) refers to delay.o(i.delay_ms) for delay_ms
    main.o(i.main) refers to printfa.o(i.__0printf) for __2printf
    main.o(i.main) refers to main.o(i.mkdir_init) for mkdir_init
    main.o(i.main) refers to menutal.o(i.read_poi_file) for read_poi_file
    main.o(i.main) refers to usart2.o(i.USART2_Init) for USART2_Init
    main.o(i.main) refers to timer.o(i.Timerx_Init) for Timerx_Init
    main.o(i.main) refers to menutal.o(i.check_eeprom_init) for check_eeprom_init
    main.o(i.main) refers to menutal.o(i.Send_to_goto_lowpower) for Send_to_goto_lowpower
    main.o(i.main) refers to bmp085.o(i.bmp_moudle_preinit) for bmp_moudle_preinit
    main.o(i.main) refers to myadc.o(i.ADC_Config) for ADC_Config
    main.o(i.main) refers to pwm.o(i.Button_key_perss) for Button_key_perss
    main.o(i.main) refers to flash.o(i.restore_pass) for restore_pass
[...]
    home_menu_item_index                     0x200001ef   Data           1  menutal.o(.data)
    menu_item_index                          0x200001f0   Data           1  menutal.o(.data)
    guji_icon_index                          0x200001f1   Data           1  menutal.o(.data)
    old_div_cnt                              0x200001f2   Data           1  menutal.o(.data)
    old_spped_div_cnt                        0x200001f3   Data           1  menutal.o(.data)
    old_altiude_div_cnt                      0x200001f4   Data           1  menutal.o(.data)
    key_type                                 0x200001f5   Data           1  menutal.o(.data)
    system_power_flag                        0x200001f7   Data           1  menutal.o(.data)
    Arriving_sound_flag                      0x200001f8   Data           1  menutal.o(.data)
    guji_mode                                0x200001f9   Data           1  menutal.o(.data)
    keyTabIndex                              0x200001fa   Data           1  menutal.o(.data)
    ParMenuID_loop                           0x200001fb   Data           1  menutal.o(.data)
    menu_change_index                        0x200001fc   Data           1  menutal.o(.data)
    menu_updown_flag                         0x200001fd   Data           1  menutal.o(.data)
    menu_setting_index                       0x200001fe   Data           1  menutal.o(.data)
    menu_setting_page                        0x200001ff   Data           1  menutal.o(.data)
    menu_setting_item                        0x20000200   Data           1  menutal.o(.data)
    guji_latitude1_flag                      0x20000205   Data           1  menutal.o(.data)
    guji_longitude1_flag                     0x20000206   Data           1  menutal.o(.data)
    sys_fr                                   0x20000207   Data           1  menutal.o(.data)
    Flash_write_buffer_Index                 0x2000020a   Data           2  menutal.o(.data)
    most_temperature                         0x2000020c   Data           2  menutal.o(.data)
    lest_temperature                         0x2000020e   Data           2  menutal.o(.data)
    most_speed                               0x20000210   Data           2  menutal.o(.data)
    lest_speed                               0x20000212   Data           2  menutal.o(.data)
    time_zone                                0x20000214   Data           4  menutal.o(.data)
    Flash_Index                              0x20000218   Data           4  menutal.o(.data)
    Message_head_number                      0x2000021c   Data           4  menutal.o(.data)
    tatol_time                               0x20000220   Data           4  menutal.o(.data)
    tatol_oled_time                          0x20000224   Data           4  menutal.o(.data)
    guiji_distance                           0x20000228   Data           4  menutal.o(.data)
    most_Altitude                            0x2000022c   Data           4  menutal.o(.data)
    lest_Altitude                            0x20000230   Data           4  menutal.o(.data)
    most_pressure                            0x20000234   Data           4  menutal.o(.data)
    lest_pressure                            0x20000238   Data           4  menutal.o(.data)
    menu_setting_postion                     0x2000023c   Data           4  menutal.o(.data)
    menu_setting_postion_2                   0x20000240   Data           4  menutal.o(.data)
    guji_tp_long_dest                        0x20000248   Data           4  menutal.o(.data)
    guji_tp_lati_dest                        0x2000024c   Data           4  menutal.o(.data)
    my_timer                                 0x20000254   Data           6  menutal.o(.data)
    FLASHStatus                              0x2000025c   Data           1  stm_eeprom.o(.data)
    DataMemoryProgramStatus                  0x2000025d   Data           1  stm_eeprom.o(.data)
    NbrOfPage                                0x20000260   Data           4  stm_eeprom.o(.data)
    j                                        0x20000264   Data           4  stm_eeprom.o(.data)
    Address                                  0x20000268   Data           4  stm_eeprom.o(.data)
    SystemCoreClock                          0x2000026c   Data           4  system_stm32l1xx.o(.data)
    PLLMulTable                              0x20000270   Data           9  system_stm32l1xx.o(.data)
    AHBPrescTable                            0x20000279   Data          16  system_stm32l1xx.o(.data)
    Data_Mul_MaxPacketSize                   0x2000028a   Data           1  usb_core.o(.data)
    StatusInfo                               0x2000028c   Data           2  usb_core.o(.data)
    EPindex                                  0x2000028e   Data           1  usb_init.o(.data)
    pInformation                             0x20000290   Data           4  usb_init.o(.data)
    pProperty                                0x20000294   Data           4  usb_init.o(.data)
    pUser_Standard_Requests                  0x20000298   Data           4  usb_init.o(.data)
    wInterrupt_Mask                          0x2000029c   Data           2  usb_init.o(.data)
    SaveRState                               0x2000029e   Data           2  usb_int.o(.data)
    SaveTState                               0x200002a0   Data           2  usb_int.o(.data)
    GPIOA_MODER                              0x200002c0   Data           4  sys.o(.data)
    GPIOB_MODER                              0x200002c4   Data           4  sys.o(.data)
    GPIOC_MODER                              0x200002c8   Data           4  sys.o(.data)
    GPIOD_MODER                              0x200002cc   Data           4  sys.o(.data)
    GPIOA_PUPDR                              0x200002d0   Data           4  sys.o(.data)
    GPIOB_PUPDR                              0x200002d4   Data           4  sys.o(.data)
    GPIOC_PUPDR                              0x200002d8   Data           4  sys.o(.data)
    GPIOD_PUPDR                              0x200002dc   Data           4  sys.o(.data)
    __stdout                                 0x200002e0   Data           4  usart.o(.data)
    bmp_mode_type                            0x200002ec   Data           1  bmp085.o(.data)
    cy                                       0x200002ed   Data           1  bmp085.o(.data)
    ac1                                      0x200002ee   Data           2  bmp085.o(.data)
    ac2                                      0x200002f0   Data           2  bmp085.o(.data)
    ac3                                      0x200002f2   Data           2  bmp085.o(.data)
    ac4                                      0x200002f4   Data           2  bmp085.o(.data)
    ac5                                      0x200002f6   Data           2  bmp085.o(.data)
    ac6                                      0x200002f8   Data           2  bmp085.o(.data)
    b1                                       0x200002fa   Data           2  bmp085.o(.data)
    b2                                       0x200002fc   Data           2  bmp085.o(.data)
    mb                                       0x200002fe   Data           2  bmp085.o(.data)
    mc                                       0x20000300   Data           2  bmp085.o(.data)
    md                                       0x20000302   Data           2  bmp085.o(.data)
    temperature                              0x20000304   Data           4  bmp085.o(.data)
    pressure                                 0x20000308   Data           4  bmp085.o(.data)
    Altitude                                 0x2000030c   Data           4  bmp085.o(.data)
    key_press_cnt                            0x20000310   Data           1  key.o(.data)
    AsynchPrediv                             0x20000314   Data           4  rtc.o(.data)
    SynchPrediv                              0x20000318   Data           4  rtc.o(.data)
    CaptureNumber                            0x2000031c   Data           4  rtc.o(.data)
    PeriodValue                              0x20000320   Data           4  rtc.o(.data)
    RTC_TimeStructure                        0x20000324   Data           4  rtc.o(.data)
    RTC_DateStructure                        0x20000328   Data           4  rtc.o(.data)
    timer_flag                               0x2000032c   Data           1  timer.o(.data)
    button_100_time                          0x2000032d   Data           1  timer.o(.data)
    guji_1s_time                             0x2000032e   Data           1  timer.o(.data)
    flash_led_flag                           0x2000032f   Data           1  timer.o(.data)
    flash_led_low_power_timer                0x20000336   Data           2  timer.o(.data)
    usb_delay_timer_poweron                  0x20000338   Data           2  timer.o(.data)
    usb_delay_timer_poweroff                 0x2000033a   Data           2  timer.o(.data)
    powerdonw_resume_timer                   0x2000033e   Data           2  timer.o(.data)
    save_tsp_tp_timer                        0x20000344   Data           4  timer.o(.data)
    average_speed                            0x20000348   Data           4  timer.o(.data)
    USART2_RX_STA                            0x2000034c   Data           2  usart2.o(.data)
    __microlib_freelist                      0x20000358   Data           4  mvars.o(.data)
    __microlib_freelist_initialised          0x2000035c   Data           4  mvars.o(.data)
    Data_Buffer                              0x20000364   Data         512  memory.o(.bss)
    Bulk_Data_Buff                           0x20000564   Data          64  usb_bot.o(.bss)
    CBW                                      0x200005a4   Data          32  usb_bot.o(.bss)
    CSW                                      0x200005c4   Data          16  usb_bot.o(.bss)
    dtbuf                                    0x200005f8   Data          50  menutal.o(.bss)
    sys_fp                                   0x2000062c   Data         548  menutal.o(.bss)
    temperature_pass                         0x20000850   Data         192  menutal.o(.bss)
    speed_pass                               0x20000910   Data         192  menutal.o(.bss)
    pressure_pass                            0x200009d0   Data         384  menutal.o(.bss)
    Altitude_pass                            0x20000b50   Data         384  menutal.o(.bss)
    Device_Info                              0x20000ce4   Data          28  usb_init.o(.bss)
    bmp                                      0x20000d00   Data          52  bmp085.o(.bss)
    OLED_GRAM                                0x20000d34   Data        1024  oled.o(.bss)
    USART2_TX_BUF                            0x20001138   Data         200  usart2.o(.bss)
    USART2_RX_BUF                            0x20001200   Data         800  usart2.o(.bss)
    __heap_base                              0x20001520   Data           0  startup_stm32l1xx_md.o(HEAP)
    __heap_limit                             0x20001920   Data           0  startup_stm32l1xx_md.o(HEAP)
    __initial_sp                             0x20003320   Data           0  startup_stm32l1xx_md.o(STACK)



==============================================================================

Memory Map of the image

  Image Entry point : 0x080030f5

  Load Region LR_IROM1 (Base: 0x08003000, Size: 0x0001c4f8, Max: 0x0001d000, ABSOLUTE, COMPRESSED[0x0001c28c])

    Execution Region ER_IROM1 (Base: 0x08003000, Size: 0x0001c194, Max: 0x0001d000, ABSOLUTE)

    Base Addr    Size         Type   Attr      Idx    E Section Name        Object

    0x08003000   0x000000f4   Data   RO         1751    RESET               startup_stm32l1xx_md.o
    0x080030f4   0x00000000   Code   RO         6858  * .ARM.Collect$$$$00000000  mc_w.l(entry.o)
    0x080030f4   0x00000004   Code   RO         7227    .ARM.Collect$$$$00000001  mc_w.l(entry2.o)
    0x080030f8   0x00000004   Code   RO         7230    .ARM.Collect$$$$00000004  mc_w.l(entry5.o)
    0x080030fc   0x00000000   Code   RO         7232    .ARM.Collect$$$$00000008  mc_w.l(entry7b.o)
    0x080030fc   0x00000000   Code   RO         7234    .ARM.Collect$$$$0000000A  mc_w.l(entry8b.o)
    0x080030fc   0x00000008   Code   RO         7235    .ARM.Collect$$$$0000000B  mc_w.l(entry9a.o)
    0x08003104   0x00000000   Code   RO         7237    .ARM.Collect$$$$0000000D  mc_w.l(entry10a.o)
    0x08003104   0x00000000   Code   RO         7239    .ARM.Collect$$$$0000000F  mc_w.l(entry11a.o)
    0x08003104   0x00000004   Code   RO         7228    .ARM.Collect$$$$00002712  mc_w.l(entry2.o)
    0x08003108   0x00000024   Code   RO         1752    .text               startup_stm32l1xx_md.o
    0x0800312c   0x00000024   Code   RO         6863    .text               mc_w.l(memcpya.o)
    0x08003150   0x00000024   Code   RO         6865    .text               mc_w.l(memseta.o)
    0x08003174   0x00000024   Code   RO         6867    .text               mc_w.l(strstr.o)
    0x08003198   0x0000001c   Code   RO         6869    .text               mc_w.l(strcmp.o)
    0x080031b4   0x000000b0   Code   RO         7162    .text               mf_w.l(fadd.o)
    0x08003264   0x00000064   Code   RO         7164    .text               mf_w.l(fmul.o)
    0x080032c8   0x0000007c   Code   RO         7166    .text               mf_w.l(fdiv.o)
    0x08003344   0x00000018   Code   RO         7168    .text               mf_w.l(fscalb.o)
    0x0800335c   0x0000014e   Code   RO         7170    .text               mf_w.l(dadd.o)
    0x080034aa   0x000000e4   Code   RO         7172    .text               mf_w.l(dmul.o)
    0x0800358e   0x000000de   Code   RO         7174    .text               mf_w.l(ddiv.o)
    0x0800366c   0x0000002e   Code   RO         7176    .text               mf_w.l(dscalb.o)
    0x0800369a   0x00000012   Code   RO         7178    .text               mf_w.l(fflti.o)
    0x080036ac   0x0000000a   Code   RO         7180    .text               mf_w.l(ffltui.o)
    0x080036b6   0x00000022   Code   RO         7182    .text               mf_w.l(dflti.o)
    0x080036d8   0x0000001a   Code   RO         7184    .text               mf_w.l(dfltui.o)
    0x080036f2   0x00000032   Code   RO         7186    .text               mf_w.l(ffixi.o)
    0x08003724   0x00000028   Code   RO         7188    .text               mf_w.l(ffixui.o)
    0x0800374c   0x0000003e   Code   RO         7190    .text               mf_w.l(dfixi.o)
    0x0800378a   0x00000032   Code   RO         7192    .text               mf_w.l(dfixui.o)
    0x080037bc   0x00000026   Code   RO         7194    .text               mf_w.l(f2d.o)
    0x080037e2   0x00000002   PAD
    0x080037e4   0x00000028   Code   RO         7196    .text               mf_w.l(cdcmple.o)
    0x0800380c   0x00000028   Code   RO         7198    .text               mf_w.l(cdrcmple.o)
    0x08003834   0x00000038   Code   RO         7200    .text               mf_w.l(d2f.o)
    0x0800386c   0x00000014   Code   RO         7204    .text               mf_w.l(cfrcmple.o)
    0x08003880   0x0000002c   Code   RO         7241    .text               mc_w.l(uidiv.o)
    0x080038ac   0x00000062   Code   RO         7243    .text               mc_w.l(uldiv.o)
    0x0800390e   0x0000001e   Code   RO         7245    .text               mc_w.l(llshl.o)
    0x0800392c   0x00000020   Code   RO         7247    .text               mc_w.l(llushr.o)
    0x0800394c   0x00000024   Code   RO         7249    .text               mc_w.l(llsshr.o)
    0x08003970   0x00000000   Code   RO         7260    .text               mc_w.l(iusefp.o)
    0x08003970   0x0000006e   Code   RO         7261    .text               mf_w.l(fepilogue.o)
    0x080039de   0x000000b6   Code   RO         7263    .text               mf_w.l(depilogue.o)
    0x08003a94   0x000000a2   Code   RO         7265    .text               mf_w.l(dsqrt.o)
    0x08003b36   0x00000030   Code   RO         7267    .text               mf_w.l(dfixul.o)
    0x08003b66   0x00000002   PAD
    0x08003b68   0x00000024   Code   RO         7269    .text               mc_w.l(init.o)
    0x08003b8c   0x00000056   Code   RO         7279    .text               mc_w.l(__dczerorl2.o)
    0x08003be2   0x00000014   Code   RO         3438    i.ADC_Cmd           stm32l1xx_adc.o
    0x08003bf6   0x00000002   PAD
    0x08003bf8   0x00000128   Code   RO         5175    i.ADC_Config        myadc.o
    0x08003d20   0x0000000c   Code   RO         3445    i.ADC_DelaySelectionConfig  stm32l1xx_adc.o
    0x08003d2c   0x00000006   Code   RO         3451    i.ADC_GetConversionValue  stm32l1xx_adc.o
    0x08003d32   0x0000000e   Code   RO         3452    i.ADC_GetFlagStatus  stm32l1xx_adc.o
    0x08003d40   0x0000004c   Code   RO         3458    i.ADC_Init          stm32l1xx_adc.o
    0x08003d8c   0x00000010   Code   RO         3462    i.ADC_PowerDownCmd  stm32l1xx_adc.o
    0x08003d9c   0x000000d8   Code   RO         3463    i.ADC_RegularChannelConfig  stm32l1xx_adc.o
    0x08003e74   0x0000000a   Code   RO         3465    i.ADC_SoftwareStartConv  stm32l1xx_adc.o
    0x08003e7e   0x00000018   Code   RO         3467    i.ADC_StructInit    stm32l1xx_adc.o
    0x08003e96   0x00000002   PAD
    0x08003e98   0x00000114   Code   RO         6043    i.Auto_Time_Set     rtc.o
    0x08003fac   0x00000054   Code   RO         5208    i.BMP085_Get_Altitude  bmp085.o
    0x08004000   0x00000034   Code   RO         5209    i.BMP085_RecvACK    bmp085.o
    0x08004034   0x00000030   Code   RO         5211    i.BMP085_SendACK    bmp085.o
    0x08004064   0x0000000e   Code   RO         5212    i.BMP085_SendByte   bmp085.o
    0x08004072   0x00000002   PAD
    0x08004074   0x00000038   Code   RO         5215    i.BMP085_get_process  bmp085.o
    0x080040ac   0x00000032   Code   RO          540    i.Bot_Abort         usb_bot.o
    0x080040de   0x00000002   Code   RO          956    i.BusFault_Handler  stm32_it.o
    0x080040e0   0x00000068   Code   RO         6017    i.Button_key_perss  pwm.o
    0x08004148   0x0000000a   Code   RO         1983    i.ByteSwap          usb_regs.o
    0x08004152   0x00000002   PAD
    0x08004154   0x00000198   Code   RO          541    i.CBW_Decode        usb_bot.o
    0x080042ec   0x0000015c   Code   RO         1920    i.CTR_LP            usb_int.o
    0x08004448   0x00000290   Code   RO         4965    i.Choose_power_mode  sys.o
    0x080046d8   0x00000028   Code   RO         1984    i.ClearDTOG_RX      usb_regs.o
    0x08004700   0x00000028   Code   RO         1985    i.ClearDTOG_TX      usb_regs.o
    0x08004728   0x00000020   Code   RO         1990    i.Clear_Status_Out  usb_regs.o
    0x08004748   0x00000040   Code   RO         4966    i.Config_RCC        sys.o
    0x08004788   0x0000005c   Code   RO         5216    i.ConvAltitude      bmp085.o
    0x080047e4   0x00000016   Code   RO         3675    i.DATA_EEPROM_EraseWord  stm32l1xx_flash.o
    0x080047fa   0x00000022   Code   RO         3683    i.DATA_EEPROM_ProgramWord  stm32l1xx_flash.o
    0x0800481c   0x00000024   Code   RO         3684    i.DATA_EEPROM_Unlock  stm32l1xx_flash.o
    0x08004840   0x000000b4   Code   RO         1758    i.DataStageIn       usb_core.o
    0x080048f4   0x000000a4   Code   RO         1759    i.DataStageOut      usb_core.o
    0x08004998   0x0000019c   Code   RO         1760    i.Data_Setup0       usb_core.o
    0x08004b34   0x00000002   Code   RO          957    i.DebugMon_Handler  stm32_it.o
    0x08004b36   0x00000002   PAD
    0x08004b38   0x00000090   Code   RO          282    i.Del_allgujifile   main.o
    0x08004bc8   0x000000c4   Code   RO          283    i.Del_oldfile_nospace  main.o
    0x08004c8c   0x000000b4   Code   RO         5176    i.DisplayIDDrunmV   myadc.o
    0x08004d40   0x00000004   Code   RO          621    i.EP1_IN_Callback   usb_endp.o
    0x08004d44   0x00000004   Code   RO          622    i.EP2_OUT_Callback  usb_endp.o
    0x08004d48   0x00000018   Code   RO          958    i.EXTI0_IRQHandler  stm32_it.o
    0x08004d60   0x00000034   Code   RO          959    i.EXTI15_10_IRQHandler  stm32_it.o
    0x08004d94   0x0000000c   Code   RO         2572    i.EXTI_ClearITPendingBit  stm32l1xx_exti.o
    0x08004da0   0x00000020   Code   RO         2576    i.EXTI_GetITStatus  stm32l1xx_exti.o
    0x08004dc0   0x00000070   Code   RO         2577    i.EXTI_Init         stm32l1xx_exti.o
    0x08004e30   0x0000000c   Code   RO          139    i.Enter_LowPowerMode  hw_config.o
    0x08004e3c   0x0000000c   Code   RO         3685    i.FLASH_ClearFlag   stm32l1xx_flash.o
    0x08004e48   0x00000028   Code   RO         3689    i.FLASH_GetStatus   stm32l1xx_flash.o
    0x08004e70   0x0000001c   Code   RO         3708    i.FLASH_PrefetchBufferCmd  stm32l1xx_flash.o
    0x08004e8c   0x0000001c   Code   RO         3709    i.FLASH_ReadAccess64Cmd  stm32l1xx_flash.o
    0x08004ea8   0x0000001c   Code   RO         3710    i.FLASH_SLEEPPowerDownCmd  stm32l1xx_flash.o
    0x08004ec4   0x00000014   Code   RO         3711    i.FLASH_SetLatency  stm32l1xx_flash.o
    0x08004ed8   0x0000003a   Code   RO         3713    i.FLASH_WaitForLastOperation  stm32l1xx_flash.o
    0x08004f12   0x0000009e   Code   RO         2634    i.GPIO_Init         stm32l1xx_gpio.o
    0x08004fb0   0x000000a8   Code   RO         4968    i.GPIO_LowPower_Config  sys.o
    0x08005058   0x00000020   Code   RO         2635    i.GPIO_PinAFConfig  stm32l1xx_gpio.o
    0x08005078   0x00000004   Code   RO         2641    i.GPIO_ResetBits    stm32l1xx_gpio.o
    0x0800507c   0x00000004   Code   RO         2642    i.GPIO_SetBits      stm32l1xx_gpio.o
    0x08005080   0x0000002e   Code   RO         5545    i.GPS_Analysis      gps.o
    0x080050ae   0x00000002   PAD
    0x080050b0   0x00000050   Code   RO         4969    i.GPS_power_ctrl    sys.o
    0x08005100   0x00000020   Code   RO         2002    i.GetEPRxAddr       usb_regs.o
    0x08005120   0x00000020   Code   RO         2003    i.GetEPRxCount      usb_regs.o
    0x08005140   0x00000018   Code   RO         2004    i.GetEPRxStatus     usb_regs.o
    0x08005158   0x0000001c   Code   RO         2005    i.GetEPTxAddr       usb_regs.o
    0x08005174   0x0000002a   Code   RO         1049    i.GetSunMoonTime    gongshi.o
    0x0800519e   0x00000002   PAD
    0x080051a0   0x0000001c   Code   RO          678    i.Get_Max_Lun       usb_prop.o
    0x080051bc   0x00000030   Code   RO          140    i.Get_SerialNum     hw_config.o
    0x080051ec   0x0000000c   Code   RO          960    i.HardFault_Handler  stm32_it.o
    0x080051f8   0x00000068   Code   RO         5367    i.IIC_Init          myiic.o
    0x08005260   0x00000050   Code   RO         5369    i.IIC_Read_Byte     myiic.o
    0x080052b0   0x0000004c   Code   RO         5370    i.IIC_Send_Byte     myiic.o
    0x080052fc   0x00000030   Code   RO         5371    i.IIC_Start         myiic.o
    0x0800532c   0x00000030   Code   RO         5372    i.IIC_Stop          myiic.o
    0x0800535c   0x0000005c   Code   RO         1761    i.In0_Process       usb_core.o
    0x080053b8   0x00000064   Code   RO         5217    i.Init_BMP085       bmp085.o
    0x0800541c   0x00000038   Code   RO          141    i.IntToUnicode      hw_config.o
    0x08005454   0x00000026   Code   RO         6045    i.Is_Leap_Year      rtc.o
    0x0800547a   0x00000002   Code   RO         4970    i.JTAG_Set          sys.o
    0x0800547c   0x00000118   Code   RO         5626    i.KEY_Init          key.o
    0x08005594   0x000001f8   Code   RO         5627    i.KEY_Scan          key.o
    0x0800578c   0x00000040   Code   RO         5656    i.LED_Init          led.o
    0x080057cc   0x0000001c   Code   RO          142    i.Leave_LowPowerMode  hw_config.o
    0x080057e8   0x00000038   Code   RO          426    i.MAL_GetStatus     mass_mal.o
    0x08005820   0x0000000c   Code   RO          427    i.MAL_Init          mass_mal.o
    0x0800582c   0x00000016   Code   RO          428    i.MAL_Read          mass_mal.o
    0x08005842   0x00000016   Code   RO          429    i.MAL_Write         mass_mal.o
    0x08005858   0x00000040   Code   RO          679    i.MASS_Data_Setup   usb_prop.o
    0x08005898   0x0000000c   Code   RO          680    i.MASS_GetConfigDescriptor  usb_prop.o
    0x080058a4   0x0000000c   Code   RO          681    i.MASS_GetDeviceDescriptor  usb_prop.o
    0x080058b0   0x00000020   Code   RO          682    i.MASS_GetStringDescriptor  usb_prop.o
    0x080058d0   0x0000000a   Code   RO          683    i.MASS_Get_Interface_Setting  usb_prop.o
    0x080058da   0x00000002   PAD
    0x080058dc   0x00000050   Code   RO          684    i.MASS_NoData_Setup  usb_prop.o
    0x0800592c   0x000000e4   Code   RO          685    i.MASS_Reset        usb_prop.o
    0x08005a10   0x00000002   Code   RO          686    i.MASS_Status_In    usb_prop.o
    0x08005a12   0x00000002   Code   RO          687    i.MASS_Status_Out   usb_prop.o
    0x08005a14   0x00000024   Code   RO          688    i.MASS_init         usb_prop.o
    0x08005a38   0x00000070   Code   RO         4972    i.MY_NVIC_Init      sys.o
    0x08005aa8   0x00000024   Code   RO         4973    i.MY_NVIC_PriorityGroupConfig  sys.o
    0x08005acc   0x0000001c   Code   RO          689    i.Mass_Storage_ClearFeature  usb_prop.o
    0x08005ae8   0x00000068   Code   RO          542    i.Mass_Storage_In   usb_bot.o
    0x08005b50   0x00000060   Code   RO          543    i.Mass_Storage_Out  usb_bot.o
    0x08005bb0   0x00000034   Code   RO          690    i.Mass_Storage_SetConfiguration  usb_prop.o
    0x08005be4   0x0000000c   Code   RO          691    i.Mass_Storage_SetDeviceAddress  usb_prop.o
    0x08005bf0   0x00000024   Code   RO         1214    i.Max_arry          menutal.o
    0x08005c14   0x00000024   Code   RO         1215    i.Max_arry32        menutal.o
    0x08005c38   0x0000000c   Code   RO          961    i.MemManage_Handler  stm32_it.o
    0x08005c44   0x00000024   Code   RO         1216    i.Min_arry          menutal.o
    0x08005c68   0x00000024   Code   RO         1217    i.Min_arry32        menutal.o
    0x08005c8c   0x00000082   Code   RO         5676    i.Movie_Show_Img    oled.o
    0x08005d0e   0x00000002   PAD
    0x08005d10   0x00000074   Code   RO         5677    i.Movie_Show_Img_3  oled.o
    0x08005d84   0x00000068   Code   RO         5678    i.Movie_Show_Img_force1616  oled.o
    0x08005dec   0x0000004a   Code   RO         5218    i.Multiple_read     bmp085.o
    0x08005e36   0x00000002   PAD
    0x08005e38   0x00000140   Code   RO         6046    i.My_RTC_Init       rtc.o
    0x08005f78   0x0000002a   Code   RO         5546    i.NMEA_Comma_Pos    gps.o
    0x08005fa2   0x00000002   PAD
    0x08005fa4   0x00000060   Code   RO         5547    i.NMEA_GPGGA_Analysis  gps.o
    0x08006004   0x000000a0   Code   RO         5548    i.NMEA_GPGSA_Analysis  gps.o
    0x080060a4   0x000000ec   Code   RO         5549    i.NMEA_GPGSV_Analysis  gps.o
    0x08006190   0x000001d8   Code   RO         5550    i.NMEA_GPRMC_Analysis  gps.o
    0x08006368   0x00000084   Code   RO         5551    i.NMEA_GPVTG_Analysis  gps.o
    0x080063ec   0x00000010   Code   RO         5552    i.NMEA_Pow          gps.o
    0x080063fc   0x000000c2   Code   RO         5553    i.NMEA_Str2num      gps.o
    0x080064be   0x00000002   Code   RO          962    i.NMI_Handler       stm32_it.o
    0x080064c0   0x00000002   Code   RO         1762    i.NOP_Process       usb_core.o
    0x080064c2   0x00000002   PAD
    0x080064c4   0x00000064   Code   RO            3    i.NVIC_Init         misc.o
    0x08006528   0x00000014   Code   RO            4    i.NVIC_PriorityGroupConfig  misc.o
    0x0800653c   0x00000014   Code   RO            5    i.NVIC_SetVectorTable  misc.o
    0x08006550   0x000000d4   Code   RO         1763    i.NoData_Setup0     usb_core.o
    0x08006624   0x0000002c   Code   RO         5679    i.OLED_Clear        oled.o
    0x08006650   0x0000001e   Code   RO         5680    i.OLED_Display_Off  oled.o
    0x0800666e   0x0000001e   Code   RO         5681    i.OLED_Display_On   oled.o
    0x0800668c   0x0000003c   Code   RO         5683    i.OLED_DrawPoint    oled.o
    0x080066c8   0x0000001c   Code   RO         5684    i.OLED_DrawVLine    oled.o
    0x080066e4   0x0000001c   Code   RO         5685    i.OLED_DrawVLine_visual  oled.o
    0x08006700   0x00000034   Code   RO         5686    i.OLED_Fill         oled.o
    0x08006734   0x0000015c   Code   RO         5688    i.OLED_Init         oled.o
    0x08006890   0x0000004c   Code   RO         5689    i.OLED_Refresh_Gram  oled.o
    0x080068dc   0x0000004c   Code   RO         5690    i.OLED_Refresh_Gram_low  oled.o
    0x08006928   0x000000c4   Code   RO         5691    i.OLED_ShowChar     oled.o
    0x080069ec   0x0000003e   Code   RO         5694    i.OLED_ShowString   oled.o
    0x08006a2a   0x0000003e   Code   RO         5695    i.OLED_ShowString12  oled.o
    0x08006a68   0x0000003e   Code   RO         5696    i.OLED_ShowString_24  oled.o
    0x08006aa6   0x00000070   Code   RO         5697    i.OLED_ShowString_head  oled.o
    0x08006b16   0x00000002   PAD
    0x08006b18   0x00000034   Code   RO         5698    i.OLED_WR_Byte      oled.o
    0x08006b4c   0x00000048   Code   RO         1764    i.Out0_Process      usb_core.o
    0x08006b94   0x00000020   Code   RO         1957    i.PMAToUserBufferCopy  usb_mem.o
    0x08006bb4   0x000000ac   Code   RO         6018    i.PWM_Init          pwm.o
    0x08006c60   0x00000010   Code   RO         3931    i.PWR_ClearFlag     stm32l1xx_pwr.o
    0x08006c70   0x0000002c   Code   RO         3933    i.PWR_EnterLowPowerRunMode  stm32l1xx_pwr.o
    0x08006c9c   0x00000028   Code   RO         3934    i.PWR_EnterSTANDBYMode  stm32l1xx_pwr.o
    0x08006cc4   0x00000014   Code   RO         3938    i.PWR_GetFlagStatus  stm32l1xx_pwr.o
    0x08006cd8   0x0000000c   Code   RO         3939    i.PWR_PVDCmd        stm32l1xx_pwr.o
    0x08006ce4   0x0000000c   Code   RO         3941    i.PWR_RTCAccessCmd  stm32l1xx_pwr.o
    0x08006cf0   0x0000000c   Code   RO         3942    i.PWR_UltraLowPowerCmd  stm32l1xx_pwr.o
    0x08006cfc   0x00000018   Code   RO         3943    i.PWR_VoltageScalingConfig  stm32l1xx_pwr.o
    0x08006d14   0x00000010   Code   RO         3944    i.PWR_WakeUpPinCmd  stm32l1xx_pwr.o
    0x08006d24   0x00000002   Code   RO          963    i.PendSV_Handler    stm32_it.o
    0x08006d26   0x00000002   PAD
    0x08006d28   0x00000044   Code   RO         1765    i.Post0_Process     usb_core.o
    0x08006d6c   0x0000002c   Code   RO          794    i.PowerOn           usb_pwr.o
    0x08006d98   0x00000018   Code   RO         2943    i.RCC_AHBPeriphClockCmd  stm32l1xx_rcc.o
    0x08006db0   0x00000018   Code   RO         2946    i.RCC_APB1PeriphClockCmd  stm32l1xx_rcc.o
    0x08006dc8   0x00000018   Code   RO         2949    i.RCC_APB2PeriphClockCmd  stm32l1xx_rcc.o
    0x08006de0   0x00000044   Code   RO         2957    i.RCC_DeInit        stm32l1xx_rcc.o
    0x08006e24   0x000000a8   Code   RO         2958    i.RCC_GetClocksFreq  stm32l1xx_rcc.o
    0x08006ecc   0x00000028   Code   RO         2959    i.RCC_GetFlagStatus  stm32l1xx_rcc.o
    0x08006ef4   0x00000010   Code   RO         2961    i.RCC_GetSYSCLKSource  stm32l1xx_rcc.o
    0x08006f04   0x00000014   Code   RO         2962    i.RCC_HCLKConfig    stm32l1xx_rcc.o
    0x08006f18   0x00000010   Code   RO         2963    i.RCC_HSEConfig     stm32l1xx_rcc.o
    0x08006f28   0x0000000c   Code   RO         2964    i.RCC_HSICmd        stm32l1xx_rcc.o
    0x08006f34   0x00000010   Code   RO         2967    i.RCC_LSEConfig     stm32l1xx_rcc.o
    0x08006f44   0x0000000c   Code   RO         2968    i.RCC_LSICmd        stm32l1xx_rcc.o
    0x08006f50   0x00000014   Code   RO         2971    i.RCC_MSIRangeConfig  stm32l1xx_rcc.o
    0x08006f64   0x00000014   Code   RO         2972    i.RCC_PCLK1Config   stm32l1xx_rcc.o
    0x08006f78   0x00000014   Code   RO         2973    i.RCC_PCLK2Config   stm32l1xx_rcc.o
    0x08006f8c   0x0000000c   Code   RO         2976    i.RCC_RTCCLKCmd     stm32l1xx_rcc.o
    0x08006f98   0x00000034   Code   RO         2977    i.RCC_RTCCLKConfig  stm32l1xx_rcc.o
    0x08006fcc   0x00000014   Code   RO         2979    i.RCC_SYSCLKConfig  stm32l1xx_rcc.o
    0x08006fe0   0x00000012   Code   RO         4531    i.RTC_Bcd2ToByte    stm32l1xx_rtc.o
    0x08006ff2   0x00000018   Code   RO         4533    i.RTC_ByteToBcd2    stm32l1xx_rtc.o
    0x0800700a   0x00000002   PAD
    0x0800700c   0x0000001c   Code   RO         4536    i.RTC_ClearFlag     stm32l1xx_rtc.o
    0x08007028   0x00000044   Code   RO         6047    i.RTC_Config        rtc.o
    0x0800706c   0x0000000c   Code   RO         6048    i.RTC_DateShow      rtc.o
    0x08007078   0x0000003c   Code   RO         4543    i.RTC_EnterInitMode  stm32l1xx_rtc.o
    0x080070b4   0x00000010   Code   RO         4544    i.RTC_ExitInitMode  stm32l1xx_rtc.o
    0x080070c4   0x00000090   Code   RO         6049    i.RTC_Get           rtc.o
    0x08007154   0x00000048   Code   RO         4547    i.RTC_GetDate       stm32l1xx_rtc.o
    0x0800719c   0x0000004c   Code   RO         4552    i.RTC_GetTime       stm32l1xx_rtc.o
    0x080071e8   0x0000004c   Code   RO         6050    i.RTC_Get_Week      rtc.o
    0x08007234   0x00000050   Code   RO         4557    i.RTC_Init          stm32l1xx_rtc.o
    0x08007284   0x00000014   Code   RO         4560    i.RTC_ReadBackupRegister  stm32l1xx_rtc.o
    0x08007298   0x0000009c   Code   RO         4563    i.RTC_SetDate       stm32l1xx_rtc.o
    0x08007334   0x000000a0   Code   RO         4564    i.RTC_SetTime       stm32l1xx_rtc.o
    0x080073d4   0x00000160   Code   RO         6051    i.RTC_TimeRegulate  rtc.o
    0x08007534   0x00000018   Code   RO         6052    i.RTC_TimeShow      rtc.o
    0x0800754c   0x00000048   Code   RO         4578    i.RTC_WaitForSynchro  stm32l1xx_rtc.o
    0x08007594   0x00000014   Code   RO         4581    i.RTC_WriteBackupRegister  stm32l1xx_rtc.o
    0x080075a8   0x000000b4   Code   RO          472    i.Read_Memory       memory.o
    0x0800765c   0x00000364   Code   RO         1218    i.Recording_guji    menutal.o
    0x080079c0   0x0000004c   Code   RO         4978    i.Restore_GPIO_Config  sys.o
    0x08007a0c   0x00000094   Code   RO          795    i.Resume            usb_pwr.o
    0x08007aa0   0x00000020   Code   RO          796    i.Resume_Init       usb_pwr.o
    0x08007ac0   0x00000074   Code   RO          846    i.SCSI_Address_Management  usb_scsi.o
    0x08007b34   0x00000030   Code   RO          847    i.SCSI_Format_Cmd   usb_scsi.o
    0x08007b64   0x00000034   Code   RO          848    i.SCSI_Inquiry_Cmd  usb_scsi.o
    0x08007b98   0x00000034   Code   RO          849    i.SCSI_Invalid_Cmd  usb_scsi.o
    0x08007bcc   0x0000000c   Code   RO          850    i.SCSI_ModeSense10_Cmd  usb_scsi.o
    0x08007bd8   0x0000000c   Code   RO          851    i.SCSI_ModeSense6_Cmd  usb_scsi.o
    0x08007be4   0x00000068   Code   RO          852    i.SCSI_Read10_Cmd   usb_scsi.o
    0x08007c4c   0x00000070   Code   RO          853    i.SCSI_ReadCapacity10_Cmd  usb_scsi.o
    0x08007cbc   0x0000006c   Code   RO          854    i.SCSI_ReadFormatCapacity_Cmd  usb_scsi.o
    0x08007d28   0x00000018   Code   RO          855    i.SCSI_RequestSense_Cmd  usb_scsi.o
    0x08007d40   0x00000008   Code   RO          856    i.SCSI_Start_Stop_Unit_Cmd  usb_scsi.o
    0x08007d48   0x00000038   Code   RO          857    i.SCSI_TestUnitReady_Cmd  usb_scsi.o
    0x08007d80   0x00000034   Code   RO          859    i.SCSI_Verify10_Cmd  usb_scsi.o
    0x08007db4   0x00000064   Code   RO          860    i.SCSI_Write10_Cmd  usb_scsi.o
    0x08007e18   0x00000028   Code   RO         5374    i.SDA_IN            myiic.o
    0x08007e40   0x0000002c   Code   RO         5375    i.SDA_OUT           myiic.o
    0x08007e6c   0x00000020   Code   RO         5439    i.SPI_FLASH_Write_Enable  flash.o
    0x08007e8c   0x00000044   Code   RO         5442    i.SPI_Flash_Erase_Sector  flash.o
    0x08007ed0   0x00000004   Code   RO         5443    i.SPI_Flash_Init    flash.o
    0x08007ed4   0x00000028   Code   RO         5444    i.SPI_Flash_PowerDown  flash.o
    0x08007efc   0x00000050   Code   RO         5445    i.SPI_Flash_Read    flash.o
    0x08007f4c   0x00000024   Code   RO         5447    i.SPI_Flash_ReadSR  flash.o
    0x08007f70   0x00000028   Code   RO         5448    i.SPI_Flash_WAKEUP  flash.o
    0x08007f98   0x0000000e   Code   RO         5449    i.SPI_Flash_Wait_Busy  flash.o
    0x08007fa6   0x00000002   PAD
    0x08007fa8   0x000000a2   Code   RO         5450    i.SPI_Flash_Write   flash.o
    0x0800804a   0x0000003e   Code   RO         5451    i.SPI_Flash_Write_NoCheck  flash.o
    0x08008088   0x00000058   Code   RO         5452    i.SPI_Flash_Write_Page  flash.o
    0x080080e0   0x000000e0   Code   RO         6144    i.SPIx_Init         spi.o
    0x080081c0   0x00000038   Code   RO         6145    i.SPIx_ReadWriteByte  spi.o
    0x080081f8   0x0000003c   Code   RO         6146    i.SPIx_SetSpeed     spi.o
    0x08008234   0x00000002   Code   RO          964    i.SVC_Handler       stm32_it.o
    0x08008236   0x00000002   PAD
    0x08008238   0x00000028   Code   RO         3340    i.SYSCFG_EXTILineConfig  stm32l1xx_syscfg.o
    0x08008260   0x0000001c   Code   RO         3351    i.SYSCFG_USBPuCmd   stm32l1xx_syscfg.o
    0x0800827c   0x00000054   Code   RO         1219    i.Send_to_goto_lowpower  menutal.o
    0x080082d0   0x00000010   Code   RO         2013    i.SetBTABLE         usb_regs.o
    0x080082e0   0x00000048   Code   RO         1766    i.SetDeviceAddress  usb_core.o
    0x08008328   0x00000020   Code   RO         2027    i.SetEPRxAddr       usb_regs.o
    0x08008348   0x00000040   Code   RO         2028    i.SetEPRxCount      usb_regs.o
    0x08008388   0x00000030   Code   RO         2029    i.SetEPRxStatus     usb_regs.o
    0x080083b8   0x00000024   Code   RO         2030    i.SetEPRxValid      usb_regs.o
    0x080083dc   0x00000020   Code   RO         2031    i.SetEPTxAddr       usb_regs.o
    0x080083fc   0x0000001c   Code   RO         2032    i.SetEPTxCount      usb_regs.o
    0x08008418   0x00000030   Code   RO         2033    i.SetEPTxStatus     usb_regs.o
    0x08008448   0x0000001c   Code   RO         2035    i.SetEPType         usb_regs.o
    0x08008464   0x0000004a   Code   RO         4979    i.SetHSICLK         sys.o
    0x080084ae   0x00000002   PAD
    0x080084b0   0x00000078   Code   RO         4980    i.SetHSICLKToMSI    sys.o
    0x08008528   0x000000c4   Code   RO         1714    i.SetSysClock       system_stm32l1xx.o
    0x080085ec   0x0000003c   Code   RO          544    i.Set_CSW           usb_bot.o
    0x08008628   0x0000000c   Code   RO          861    i.Set_Scsi_Sense_Data  usb_scsi.o
    0x08008634   0x00000034   Code   RO          144    i.Set_System        hw_config.o
    0x08008668   0x00000008   Code   RO          145    i.Set_USBClock      hw_config.o
    0x08008670   0x00000068   Code   RO         1767    i.Setup0_Process    usb_core.o
    0x080086d8   0x00000028   Code   RO         4981    i.SoftReset         sys.o
    0x08008700   0x000000fc   Code   RO         1768    i.Standard_ClearFeature  usb_core.o
    0x080087fc   0x00000028   Code   RO         1769    i.Standard_GetConfiguration  usb_core.o
    0x08008824   0x0000001c   Code   RO         1770    i.Standard_GetDescriptorData  usb_core.o
    0x08008840   0x00000028   Code   RO         1771    i.Standard_GetInterface  usb_core.o
    0x08008868   0x00000094   Code   RO         1772    i.Standard_GetStatus  usb_core.o
    0x080088fc   0x00000038   Code   RO         1773    i.Standard_SetConfiguration  usb_core.o
    0x08008934   0x00000024   Code   RO         1774    i.Standard_SetDeviceFeature  usb_core.o
    0x08008958   0x00000088   Code   RO         1775    i.Standard_SetEndPointFeature  usb_core.o
    0x080089e0   0x00000048   Code   RO         1776    i.Standard_SetInterface  usb_core.o
    0x08008a28   0x0000003c   Code   RO         4982    i.Stm32_Clock_Init  sys.o
    0x08008a64   0x00000018   Code   RO            7    i.SysTick_CLKSourceConfig  misc.o
    0x08008a7c   0x00000002   Code   RO          965    i.SysTick_Handler   stm32_it.o
    0x08008a7e   0x00000002   PAD
    0x08008a80   0x00000058   Code   RO         1716    i.SystemInit        system_stm32l1xx.o
    0x08008ad8   0x00000094   Code   RO         6176    i.TIM3_IRQHandler   timer.o
    0x08008b6c   0x0000002c   Code   RO         6277    i.TIM4_IRQHandler   usart2.o
    0x08008b98   0x00000040   Code   RO         6278    i.TIM4_Init         usart2.o
    0x08008bd8   0x00000024   Code   RO         6279    i.TIM4_Set          usart2.o
    0x08008bfc   0x00000014   Code   RO         4031    i.TIM_ARRPreloadConfig  stm32l1xx_tim.o
    0x08008c10   0x00000014   Code   RO         4039    i.TIM_Cmd           stm32l1xx_tim.o
    0x08008c24   0x0000003c   Code   RO         4071    i.TIM_OC2Init       stm32l1xx_tim.o
    0x08008c60   0x00000014   Code   RO         4073    i.TIM_OC2PreloadConfig  stm32l1xx_tim.o
    0x08008c74   0x0000005c   Code   RO         4107    i.TIM_TimeBaseInit  stm32l1xx_tim.o
    0x08008cd0   0x000001f8   Code   RO         6177    i.Timer_task        timer.o
    0x08008ec8   0x00000040   Code   RO         6178    i.Timerx_Init       timer.o
    0x08008f08   0x00000034   Code   RO          545    i.Transfer_Data_Request  usb_bot.o
    0x08008f3c   0x00000054   Code   RO         6280    i.USART2_IRQHandler  usart2.o
    0x08008f90   0x000000c0   Code   RO         6281    i.USART2_Init       usart2.o
    0x08009050   0x00000014   Code   RO         2387    i.USART_Cmd         stm32l1xx_usart.o
    0x08009064   0x0000003e   Code   RO         2391    i.USART_GetITStatus  stm32l1xx_usart.o
    0x080090a2   0x00000002   PAD
    0x080090a4   0x000000a4   Code   RO         2394    i.USART_Init        stm32l1xx_usart.o
    0x08009148   0x00000008   Code   RO          146    i.USB_Cable_Config  hw_config.o
    0x08009150   0x00000008   Code   RO          966    i.USB_FS_WKUP_IRQHandler  stm32_it.o
    0x08009158   0x00000028   Code   RO         1885    i.USB_Init          usb_init.o
    0x08009180   0x0000003e   Code   RO          147    i.USB_Interrupts_Config  hw_config.o
    0x080091be   0x0000003c   Code   RO          148    i.USB_Interrupts_Config_disable  hw_config.o
    0x080091fa   0x00000002   PAD
    0x080091fc   0x00000094   Code   RO          650    i.USB_Istr          usb_istr.o
    0x08009290   0x00000004   Code   RO          967    i.USB_LP_IRQHandler  stm32_it.o
    0x08009294   0x00000020   Code   RO         2351    i.USB_SIL_Init      usb_sil.o
    0x080092b4   0x00000024   Code   RO         2352    i.USB_SIL_Read      usb_sil.o
    0x080092d8   0x00000026   Code   RO         2353    i.USB_SIL_Write     usb_sil.o
    0x080092fe   0x00000002   Code   RO          968    i.UsageFault_Handler  stm32_it.o
    0x08009300   0x0000002c   Code   RO         1958    i.UserToPMABufferCopy  usb_mem.o
    0x0800932c   0x000000cc   Code   RO          473    i.Write_Memory      memory.o
    0x080093f8   0x00000020   Code   RO         7106    i.__0printf         mc_w.l(printfa.o)
    0x08009418   0x00000028   Code   RO         7108    i.__0sprintf        mc_w.l(printfa.o)
    0x08009440   0x00000028   Code   RO         7211    i.__ARM_fpclassify  m_ws.l(fpclassify.o)
    0x08009468   0x00000388   Code   RO         7216    i.__ieee754_rem_pio2  m_ws.l(rred.o)
    0x080097f0   0x000000fc   Code   RO         7206    i.__kernel_cos      m_ws.l(cos_i.o)
    0x080098ec   0x000000aa   Code   RO         7213    i.__kernel_poly     m_ws.l(poly.o)
    0x08009996   0x00000002   PAD
    0x08009998   0x000000ec   Code   RO         7221    i.__kernel_sin      m_ws.l(sin_i.o)
    0x08009a84   0x00000010   Code   RO         7209    i.__mathlib_dbl_underflow  m_ws.l(dunder.o)
    0x08009a94   0x0000000e   Code   RO         7273    i.__scatterload_copy  mc_w.l(handlers.o)
    0x08009aa2   0x00000002   Code   RO         7274    i.__scatterload_null  mc_w.l(handlers.o)
    0x08009aa4   0x0000000e   Code   RO         7275    i.__scatterload_zeroinit  mc_w.l(handlers.o)
    0x08009ab2   0x00000002   PAD
    0x08009ab4   0x0000000c   Code   RO         7255    i.__set_errno       mc_w.l(errno.o)
    0x08009ac0   0x00000164   Code   RO         7113    i._fp_digits        mc_w.l(printfa.o)
    0x08009c24   0x000006dc   Code   RO         7114    i._printf_core      mc_w.l(printfa.o)
    0x0800a300   0x00000024   Code   RO         7115    i._printf_post_padding  mc_w.l(printfa.o)
    0x0800a324   0x0000002e   Code   RO         7116    i._printf_pre_padding  mc_w.l(printfa.o)
    0x0800a352   0x0000000a   Code   RO         7118    i._sputc            mc_w.l(printfa.o)
    0x0800a35c   0x00000288   Code   RO         6779    i.acos              m_ws.l(acos.o)
    0x0800a5e4   0x00000164   Code   RO         1220    i.anayes_angle      menutal.o
    0x0800a748   0x00000060   Code   RO         6179    i.arriving_sound_proess  timer.o
    0x0800a7a8   0x00000052   Code   RO         5219    i.arry_Read         bmp085.o
    0x0800a7fa   0x00000038   Code   RO         5220    i.arry_Write        bmp085.o
    0x0800a832   0x00000002   PAD
    0x0800a834   0x0000027c   Code   RO         6789    i.asin              m_ws.l(asin.o)
    0x0800aab0   0x00000224   Code   RO         6799    i.atan              m_ws.l(atan.o)
    0x0800acd4   0x00000180   Code   RO         6809    i.atan2             m_ws.l(atan2.o)
    0x0800ae54   0x00000138   Code   RO         5221    i.bmp085Convert     bmp085.o
    0x0800af8c   0x0000002c   Code   RO         5222    i.bmp085ReadPressure  bmp085.o
    0x0800afb8   0x0000002c   Code   RO         5223    i.bmp085ReadTemp    bmp085.o
    0x0800afe4   0x0000010c   Code   RO         6328    i.bmp280_get_comp_pres_32bit  bmp280.o
    0x0800b0f0   0x00000074   Code   RO         6331    i.bmp280_get_comp_temp_32bit  bmp280.o
    0x0800b164   0x00000064   Code   RO         6333    i.bmp280_get_config  bmp280.o
    0x0800b1c8   0x0000003c   Code   RO         6335    i.bmp280_get_regs   bmp280.o
    0x0800b204   0x0000013c   Code   RO         6337    i.bmp280_get_uncomp_data  bmp280.o
    0x0800b340   0x000000da   Code   RO         6338    i.bmp280_init       bmp280.o
    0x0800b41a   0x00000002   PAD
    0x0800b41c   0x0000006c   Code   RO         5224    i.bmp280_read_pressure_tempreature  bmp085.o
    0x0800b488   0x0000000a   Code   RO         6339    i.bmp280_set_config  bmp280.o
    0x0800b492   0x00000022   Code   RO         6340    i.bmp280_set_power_mode  bmp280.o
    0x0800b4b4   0x00000092   Code   RO         6341    i.bmp280_set_regs   bmp280.o
    0x0800b546   0x00000032   Code   RO         6342    i.bmp280_soft_reset  bmp280.o
    0x0800b578   0x000000f0   Code   RO         5225    i.bmp_moudle_preinit  bmp085.o
    0x0800b668   0x0000037c   Code   RO         1221    i.buffer_Analysis   menutal.o
    0x0800b9e4   0x000000dc   Code   RO         6817    i.ceil              m_ws.l(ceil.o)
    0x0800bac0   0x00000050   Code   RO          284    i.change_clk_need_int  main.o
    0x0800bb10   0x00000114   Code   RO         1222    i.change_latlon_to_index  menutal.o
    0x0800bc24   0x00000058   Code   RO         1223    i.change_to_runmode_recoder  menutal.o
    0x0800bc7c   0x00000450   Code   RO         1224    i.check_eeprom_init  menutal.o
    0x0800c0cc   0x0000005c   Code   RO         6491    i.check_fs          ff.o
    0x0800c128   0x000002ec   Code   RO         1225    i.check_time        menutal.o
    0x0800c414   0x00000018   Code   RO         6492    i.clust2sect        ff.o
    0x0800c42c   0x000000b8   Code   RO         6343    i.conf_sensor       bmp280.o
    0x0800c4e4   0x00000002   Code   RO         5226    i.conversion        bmp085.o
    0x0800c4e6   0x00000002   PAD
    0x0800c4e8   0x000002e4   Code   RO         1226    i.convert_show_en   menutal.o
    0x0800c7cc   0x000000ac   Code   RO         1227    i.convert_show_en_input  menutal.o
    0x0800c878   0x000002c4   Code   RO         1228    i.convert_u32_to_index  menutal.o
    0x0800cb3c   0x000000ac   Code   RO         6821    i.cos               m_ws.l(cos.o)
    0x0800cbe8   0x0000009e   Code   RO         6493    i.create_chain      ff.o
    0x0800cc86   0x00000002   PAD
    0x0800cc88   0x000000fc   Code   RO         6494    i.create_name       ff.o
    0x0800cd84   0x00000044   Code   RO         4930    i.delay_init        delay.o
    0x0800cdc8   0x00000028   Code   RO         4931    i.delay_ms          delay.o
    0x0800cdf0   0x00000028   Code   RO         4932    i.delay_us          delay.o
    0x0800ce18   0x000000bc   Code   RO         1229    i.di_and_flash_empet  menutal.o
    0x0800ced4   0x000000e6   Code   RO         6495    i.dir_next          ff.o
    0x0800cfba   0x0000005c   Code   RO         6496    i.dir_read          ff.o
    0x0800d016   0x00000064   Code   RO         6497    i.dir_register      ff.o
    0x0800d07a   0x00000034   Code   RO         6498    i.dir_remove        ff.o
    0x0800d0ae   0x00000002   PAD
    0x0800d0b0   0x0000007e   Code   RO         6499    i.dir_sdi           ff.o
    0x0800d12e   0x00000014   Code   RO         6444    i.disk_initialize   diskio.o
    0x0800d142   0x00000002   PAD
    0x0800d144   0x00000070   Code   RO         6445    i.disk_ioctl        diskio.o
    0x0800d1b4   0x00000040   Code   RO         6446    i.disk_read         diskio.o
    0x0800d1f4   0x00000030   Code   RO         6447    i.disk_status       diskio.o
    0x0800d224   0x00000040   Code   RO         6448    i.disk_write        diskio.o
    0x0800d264   0x0000001c   Code   RO         6501    i.f_close           ff.o
    0x0800d280   0x00000012   Code   RO         6502    i.f_closedir        ff.o
    0x0800d292   0x000000c0   Code   RO         6503    i.f_getfree         ff.o
    0x0800d352   0x0000012e   Code   RO         6505    i.f_lseek           ff.o
    0x0800d480   0x00000158   Code   RO         6506    i.f_mkdir           ff.o
    0x0800d5d8   0x0000053e   Code   RO         6507    i.f_mkfs            ff.o
    0x0800db16   0x00000002   PAD
    0x0800db18   0x0000004c   Code   RO         6508    i.f_mount           ff.o
    0x0800db64   0x00000140   Code   RO         6509    i.f_open            ff.o
    0x0800dca4   0x00000060   Code   RO         6510    i.f_opendir         ff.o
    0x0800dd04   0x000001e8   Code   RO         6511    i.f_printf          ff.o
    0x0800deec   0x0000014a   Code   RO         6514    i.f_read            ff.o
    0x0800e036   0x0000004e   Code   RO         6515    i.f_readdir         ff.o
    0x0800e084   0x00000098   Code   RO         6518    i.f_sync            ff.o
    0x0800e11c   0x00000090   Code   RO         6520    i.f_unlink          ff.o
    0x0800e1ac   0x0000017e   Code   RO         6522    i.f_write           ff.o
    0x0800e32a   0x00000002   PAD
    0x0800e32c   0x000001e4   Code   RO         1050    i.find_moonrise_set  gongshi.o
    0x0800e510   0x00000238   Code   RO         6523    i.find_volume       ff.o
    0x0800e748   0x00000144   Code   RO         1230    i.firmware_update_process  menutal.o
    0x0800e88c   0x000000dc   Code   RO         6829    i.floor             m_ws.l(floor.o)
    0x0800e968   0x000000aa   Code   RO         6524    i.follow_path       ff.o
    0x0800ea12   0x00000002   PAD
    0x0800ea14   0x00000018   Code   RO         5137    i.fputc             usart.o
    0x0800ea2c   0x00000038   Code   RO         1051    i.frac              gongshi.o
    0x0800ea64   0x00000110   Code   RO         1053    i.getDistanceVer2   gongshi.o
    0x0800eb74   0x00000270   Code   RO         1054    i.get_angle         gongshi.o
    0x0800ede4   0x000000be   Code   RO         6525    i.get_fat           ff.o
    0x0800eea2   0x00000002   PAD
    0x0800eea4   0x0000003c   Code   RO         6054    i.get_fattime       rtc.o
    0x0800eee0   0x0000004c   Code   RO         6526    i.get_fileinfo      ff.o
    0x0800ef2c   0x0000003c   Code   RO         6527    i.get_ldnumber      ff.o
    0x0800ef68   0x000000a4   Code   RO         1231    i.get_next          menutal.o
    0x0800f00c   0x000000b8   Code   RO         1232    i.get_prev          menutal.o
    0x0800f0c4   0x00000080   Code   RO         6180    i.gps_data_receiver  timer.o
    0x0800f144   0x0000015c   Code   RO         1233    i.gpx_filehead_write  menutal.o
    0x0800f2a0   0x000002a8   Code   RO         1234    i.guji_Distance     menutal.o
    0x0800f548   0x00000054   Code   RO         6181    i.handler_timer_1s  timer.o
    0x0800f59c   0x00000068   Code   RO         5227    i.i2c_reg_read      bmp085.o
    0x0800f604   0x00000060   Code   RO         5228    i.i2c_reg_write     bmp085.o
    0x0800f664   0x00000020   Code   RO         1055    i.ipart             gongshi.o
    0x0800f684   0x00000018   Code   RO         1235    i.is_recoreding     menutal.o
    0x0800f69c   0x0000002a   Code   RO         1236    i.is_update_to_poweron  menutal.o
    0x0800f6c6   0x00000012   Code   RO         6528    i.ld_clust          ff.o
    0x0800f6d8   0x000000ec   Code   RO         1056    i.lmst              gongshi.o
    0x0800f7c4   0x00000114   Code   RO          285    i.main              main.o
    0x0800f8d8   0x0000005c   Code   RO         6182    i.main_porcess      timer.o
    0x0800f934   0x0000006c   Code   RO         7135    i.malloc            mc_w.l(malloc.o)
    0x0800f9a0   0x00000012   Code   RO         6529    i.mem_cpy           ff.o
    0x0800f9b2   0x0000000e   Code   RO         6530    i.mem_set           ff.o
    0x0800f9c0   0x000001d0   Code   RO         1237    i.menu_3D_display   menutal.o
    0x0800fb90   0x00000064   Code   RO         1238    i.menu_3d_seq       menutal.o
    0x0800fbf4   0x00000370   Code   RO         1239    i.menu_Pressure_display  menutal.o
    0x0800ff64   0x00000274   Code   RO         1240    i.menu_arruite_change_display  menutal.o
    0x080101d8   0x0000015c   Code   RO         1241    i.menu_chaoxi_display  menutal.o
    0x08010334   0x00000038   Code   RO         1242    i.menu_display_setting  menutal.o
    0x0801036c   0x000008b8   Code   RO         1243    i.menu_display_settingitem_recode  menutal.o
    0x08010c24   0x00000104   Code   RO         1244    i.menu_enter_flash  menutal.o
    0x08010d28   0x0000078c   Code   RO         1245    i.menu_guiji_display  menutal.o
    0x080114b4   0x00000ca4   Code   RO         1246    i.menu_home_display  menutal.o
    0x08012158   0x00000264   Code   RO         1247    i.menu_input_process  menutal.o
    0x080123bc   0x000005e0   Code   RO         1248    i.menu_keyprocess   menutal.o
    0x0801299c   0x00000278   Code   RO         1249    i.menu_main_display  menutal.o
    0x08012c14   0x000000d8   Code   RO         1250    i.menu_real_crood_display  menutal.o
    0x08012cec   0x00000454   Code   RO         1251    i.menu_real_speed_display  menutal.o
    0x08013140   0x0000001c   Code   RO         1252    i.menu_reflash      menutal.o
    0x0801315c   0x00000290   Code   RO         1253    i.menu_setting_control  menutal.o
    0x080133ec   0x00000028   Code   RO         1254    i.menu_setting_index_show  menutal.o
    0x08013414   0x00000070   Code   RO         1255    i.menu_setting_mainpage_control  menutal.o
    0x08013484   0x00000170   Code   RO         1256    i.menu_setting_secpage_control  menutal.o
    0x080135f4   0x00000048   Code   RO         1257    i.menu_show_gujIcon  menutal.o
    0x0801363c   0x00000048   Code   RO         1258    i.menu_show_gujIcon_Status  menutal.o
    0x08013684   0x000000d8   Code   RO         1259    i.menu_show_gujiword  menutal.o
    0x0801375c   0x00000078   Code   RO         1260    i.menu_show_sl_number  menutal.o
    0x080137d4   0x000002bc   Code   RO         1261    i.menu_speed_change_display  menutal.o
    0x08013a90   0x00000330   Code   RO         1262    i.menu_status_dispplay  menutal.o
    0x08013dc0   0x000002ec   Code   RO         1263    i.menu_temp_change_display  menutal.o
    0x080140ac   0x00000024   Code   RO         1264    i.menu_up_format_limit  menutal.o
    0x080140d0   0x00000010   Code   RO         1265    i.menu_up_geren_limit  menutal.o
    0x080140e0   0x00000024   Code   RO         1266    i.menu_up_recode_limit  menutal.o
    0x08014104   0x00000024   Code   RO         1267    i.menu_up_system_limit  menutal.o
    0x08014128   0x00000744   Code   RO         1057    i.minimoon          gongshi.o
    0x0801486c   0x000001c4   Code   RO         1058    i.minisun           gongshi.o
    0x08014a30   0x0000016c   Code   RO         1059    i.mjd               gongshi.o
    0x08014b9c   0x00000090   Code   RO          286    i.mkdir_init        main.o
    0x08014c2c   0x00000108   Code   RO         1060    i.moon_test         gongshi.o
    0x08014d34   0x00000032   Code   RO         6531    i.move_window       ff.o
    0x08014d66   0x00000018   Code   RO         6344    i.null_ptr_check    bmp280.o
    0x08014d7e   0x00000024   Code   RO          287    i.open_append       main.o
    0x08014da2   0x00000002   PAD
    0x08014da4   0x000009e0   Code   RO         6833    i.pow               m_ws.l(pow.o)
    0x08015784   0x00000074   Code   RO         6183    i.powerlow_proess   timer.o
    0x080157f8   0x000000fc   Code   RO         5229    i.print_rslt        bmp085.o
    0x080158f4   0x000000f4   Code   RO         6532    i.put_fat           ff.o
    0x080159e8   0x00000046   Code   RO         6533    i.putc_bfd          ff.o
    0x08015a2e   0x00000002   PAD
    0x08015a30   0x0000013c   Code   RO         1061    i.quad              gongshi.o
    0x08015b6c   0x0000002c   Code   RO         1062    i.rad               gongshi.o
    0x08015b98   0x00000034   Code   RO         1063    i.range             gongshi.o
    0x08015bcc   0x000001b8   Code   RO         1268    i.read_poi_file     menutal.o
    0x08015d84   0x00000030   Code   RO         1269    i.read_the_interest_place  menutal.o
    0x08015db4   0x00000062   Code   RO         6534    i.remove_chain      ff.o
    0x08015e16   0x00000002   PAD
    0x08015e18   0x00000140   Code   RO         5453    i.restore_pass      flash.o
    0x08015f58   0x00000048   Code   RO         1064    i.rev180            gongshi.o
    0x08015fa0   0x00000040   Code   RO         1065    i.revolution        gongshi.o
    0x08015fe0   0x0000007c   Code   RO         6055    i.rtc_set           rtc.o
    0x0801605c   0x000001d0   Code   RO         1270    i.save_guiji_message  menutal.o
    0x0801622c   0x0000011c   Code   RO         1271    i.save_the_interest_place  menutal.o
    0x08016348   0x00000170   Code   RO         1272    i.save_tsp_s        menutal.o
    0x080164b8   0x00000110   Code   RO         1273    i.save_tsp_tp       menutal.o
    0x080165c8   0x00000170   Code   RO          288    i.scan_directory_oldfile  main.o
    0x08016738   0x00000938   Code   RO         1274    i.setting_index_23page  menutal.o
    0x08017070   0x0000011c   Code   RO         1275    i.setting_index_mainpage  menutal.o
    0x0801718c   0x0000003c   Code   RO         1276    i.setting_index_org  menutal.o
    0x080171c8   0x000000f8   Code   RO         1278    i.show_levev_space  menutal.o
    0x080172c0   0x0000010c   Code   RO         1279    i.show_the_fanxiang  menutal.o
    0x080173cc   0x000000b0   Code   RO         6843    i.sin               m_ws.l(sin.o)
    0x0801747c   0x000000fc   Code   RO         1066    i.sin_alt           gongshi.o
    0x08017578   0x0000004c   Code   RO         6851    i.sqrt              m_ws.l(sqrt.o)
    0x080175c4   0x00000010   Code   RO         6535    i.st_clust          ff.o
    0x080175d4   0x00000088   Code   RO         1673    i.stm_EraseWord_Eeprom  stm_eeprom.o
    0x0801765c   0x00000018   Code   RO         1675    i.stm_read_eerpom   stm_eeprom.o
    0x08017674   0x00000048   Code   RO         1676    i.stm_write_eerpom  stm_eeprom.o
    0x080176bc   0x00000024   Code   RO         6056    i.str_cmpx          rtc.o
    0x080176e0   0x00000168   Code   RO         1067    i.sun_RA_dec        gongshi.o
    0x08017848   0x000001dc   Code   RO         1068    i.sunpos            gongshi.o
    0x08017a24   0x00000238   Code   RO         1069    i.sunriset          gongshi.o
    0x08017c5c   0x000000b0   Code   RO         6536    i.sync_fs           ff.o
    0x08017d0c   0x00000052   Code   RO         6537    i.sync_window       ff.o
    0x08017d5e   0x00000002   PAD
    0x08017d60   0x000000c8   Code   RO         1280    i.system_power_down_process  menutal.o
    0x08017e28   0x00000a06   Code   RO         1281    i.system_setting_item  menutal.o
    0x0801882e   0x00000002   PAD
    0x08018830   0x00000114   Code   RO         1282    i.test_sunriset     menutal.o
    0x08018944   0x00000034   Code   RO         6184    i.timer_guji_type   timer.o
    0x08018978   0x000000bc   Code   RO         6185    i.timer_lower2_type  timer.o
    0x08018a34   0x00000020   Code   RO         6186    i.timer_powermanage_type  timer.o
    0x08018a54   0x00000028   Code   RO         6187    i.timer_save_map_type  timer.o
    0x08018a7c   0x00000050   Code   RO         6188    i.timer_when_user_press_key_type  timer.o
    0x08018acc   0x000000b4   Code   RO         5138    i.uart_init         usart.o
    0x08018b80   0x00000004   Code   RO          289    i.v1000_memalloc    main.o
    0x08018b84   0x00000022   Code   RO         6538    i.validate          ff.o
    0x08018ba6   0x00000002   PAD
    0x08018ba8   0x00000034   Code   RO         5177    i.vddmv_adc_proess  myadc.o
    0x08018bdc   0x00000070   Code   RO         1283    i.what_is_numbe_10  menutal.o
    0x08018c4c   0x00000078   Code   RO         1284    i.write_flash       menutal.o
    0x08018cc4   0x00000012   Data   RO          595    .constdata          usb_desc.o
    0x08018cd6   0x00000020   Data   RO          596    .constdata          usb_desc.o
    0x08018cf6   0x00000004   Data   RO          597    .constdata          usb_desc.o
    0x08018cfa   0x00000026   Data   RO          598    .constdata          usb_desc.o
    0x08018d20   0x00000026   Data   RO          599    .constdata          usb_desc.o
    0x08018d46   0x00000010   Data   RO          600    .constdata          usb_desc.o
    0x08018d56   0x00000002   PAD
    0x08018d58   0x00000264   Data   RO         1286    .constdata          menutal.o
    0x08018fbc   0x00000e32   Data   RO         5701    .constdata          oled.o
    0x08019dee   0x00000023   Data   RO         5702    .constdata          oled.o
    0x08019e11   0x00000093   Data   RO         5703    .constdata          oled.o
    0x08019ea4   0x0000007b   Data   RO         5705    .constdata          oled.o
    0x08019f1f   0x00000063   Data   RO         5706    .constdata          oled.o
    0x08019f82   0x0000004b   Data   RO         5707    .constdata          oled.o
    0x08019fcd   0x00000043   Data   RO         5708    .constdata          oled.o
    0x0801a010   0x00000043   Data   RO         5709    .constdata          oled.o
    0x0801a053   0x0000003f   Data   RO         5710    .constdata          oled.o
    0x0801a092   0x00000403   Data   RO         5711    .constdata          oled.o
    0x0801a495   0x00000243   Data   RO         5712    .constdata          oled.o
    0x0801a6d8   0x00000243   Data   RO         5713    .constdata          oled.o
    0x0801a91b   0x00000403   Data   RO         5714    .constdata          oled.o
    0x0801ad1e   0x00000013   Data   RO         5716    .constdata          oled.o
    0x0801ad31   0x00000023   Data   RO         5717    .constdata          oled.o
    0x0801ad54   0x00000023   Data   RO         5718    .constdata          oled.o
    0x0801ad77   0x00000023   Data   RO         5719    .constdata          oled.o
    0x0801ad9a   0x00000023   Data   RO         5720    .constdata          oled.o
    0x0801adbd   0x00000013   Data   RO         5721    .constdata          oled.o
    0x0801add0   0x00000063   Data   RO         5723    .constdata          oled.o
    0x0801ae33   0x00000013   Data   RO         5724    .constdata          oled.o
    0x0801ae46   0x0000000f   Data   RO         5725    .constdata          oled.o
    0x0801ae55   0x0000006b   Data   RO         5726    .constdata          oled.o
    0x0801aec0   0x00000043   Data   RO         5727    .constdata          oled.o
    0x0801af03   0x00000043   Data   RO         5728    .constdata          oled.o
    0x0801af46   0x0000006b   Data   RO         5729    .constdata          oled.o
    0x0801afb1   0x00000043   Data   RO         5730    .constdata          oled.o
    0x0801aff4   0x00000043   Data   RO         5731    .constdata          oled.o
    0x0801b037   0x00000123   Data   RO         5732    .constdata          oled.o
    0x0801b15a   0x00000123   Data   RO         5733    .constdata          oled.o
    0x0801b27d   0x00000123   Data   RO         5734    .constdata          oled.o
    0x0801b3a0   0x00000123   Data   RO         5735    .constdata          oled.o
    0x0801b4c3   0x00000123   Data   RO         5736    .constdata          oled.o
    0x0801b5e6   0x00000123   Data   RO         5737    .constdata          oled.o
    0x0801b709   0x00000123   Data   RO         5738    .constdata          oled.o
    0x0801b82c   0x00000123   Data   RO         5739    .constdata          oled.o
    0x0801b94f   0x00000123   Data   RO         5740    .constdata          oled.o
    0x0801ba72   0x00000123   Data   RO         5741    .constdata          oled.o
    0x0801bb95   0x00000123   Data   RO         5742    .constdata          oled.o
    0x0801bcb8   0x00000123   Data   RO         5743    .constdata          oled.o
    0x0801bddb   0x00000123   Data   RO         5744    .constdata          oled.o
    0x0801befe   0x00000123   Data   RO         5745    .constdata          oled.o
    0x0801c021   0x00000123   Data   RO         5746    .constdata          oled.o
    0x0801c144   0x00000123   Data   RO         5747    .constdata          oled.o
    0x0801c267   0x00000073   Data   RO         5749    .constdata          oled.o
    0x0801c2da   0x0000000b   Data   RO         5751    .constdata          oled.o
    0x0801c2e5   0x0000000b   Data   RO         5752    .constdata          oled.o
    0x0801c2f0   0x0000000b   Data   RO         5753    .constdata          oled.o
    0x0801c2fb   0x0000000b   Data   RO         5754    .constdata          oled.o
    0x0801c306   0x0000000b   Data   RO         5755    .constdata          oled.o
    0x0801c311   0x0000000b   Data   RO         5756    .constdata          oled.o
    0x0801c31c   0x0000000b   Data   RO         5757    .constdata          oled.o
    0x0801c327   0x0000000b   Data   RO         5758    .constdata          oled.o
    0x0801c332   0x0000000b   Data   RO         5759    .constdata          oled.o
    0x0801c33d   0x0000000b   Data   RO         5760    .constdata          oled.o
    0x0801c348   0x00000063   Data   RO         5761    .constdata          oled.o
    0x0801c3ab   0x00000303   Data   RO         5763    .constdata          oled.o
    0x0801c6ae   0x00000043   Data   RO         5764    .constdata          oled.o
    0x0801c6f1   0x00000023   Data   RO         5765    .constdata          oled.o
    0x0801c714   0x00000023   Data   RO         5766    .constdata          oled.o
    0x0801c737   0x00000043   Data   RO         5767    .constdata          oled.o
    0x0801c77a   0x0000001b   Data   RO         5768    .constdata          oled.o
    0x0801c795   0x000000c3   Data   RO         5769    .constdata          oled.o
    0x0801c858   0x00000023   Data   RO         5770    .constdata          oled.o
    0x0801c87b   0x00000043   Data   RO         5771    .constdata          oled.o
    0x0801c8be   0x00000043   Data   RO         5772    .constdata          oled.o
    0x0801c901   0x00000043   Data   RO         5773    .constdata          oled.o
    0x0801c944   0x00000043   Data   RO         5774    .constdata          oled.o
    0x0801c987   0x00000043   Data   RO         5775    .constdata          oled.o
    0x0801c9ca   0x00000063   Data   RO         5776    .constdata          oled.o
    0x0801ca2d   0x000000a3   Data   RO         5777    .constdata          oled.o
    0x0801cad0   0x00000083   Data   RO         5778    .constdata          oled.o
    0x0801cb53   0x00000023   Data   RO         5779    .constdata          oled.o
    0x0801cb76   0x000000c3   Data   RO         5780    .constdata          oled.o
    0x0801cc39   0x00000023   Data   RO         5781    .constdata          oled.o
    0x0801cc5c   0x00000023   Data   RO         5782    .constdata          oled.o
    0x0801cc7f   0x00000023   Data   RO         5783    .constdata          oled.o
    0x0801cca2   0x00000023   Data   RO         5784    .constdata          oled.o
    0x0801ccc5   0x00000023   Data   RO         5785    .constdata          oled.o
    0x0801cce8   0x00000023   Data   RO         5786    .constdata          oled.o
    0x0801cd0b   0x00000023   Data   RO         5787    .constdata          oled.o
    0x0801cd2e   0x00000023   Data   RO         5788    .constdata          oled.o
    0x0801cd51   0x00000023   Data   RO         5789    .constdata          oled.o
    0x0801cd74   0x00000023   Data   RO         5790    .constdata          oled.o
    0x0801cd97   0x00000023   Data   RO         5791    .constdata          oled.o
    0x0801cdba   0x00000023   Data   RO         5792    .constdata          oled.o
    0x0801cddd   0x00000023   Data   RO         5793    .constdata          oled.o
    0x0801ce00   0x00000023   Data   RO         5794    .constdata          oled.o
    0x0801ce23   0x00000023   Data   RO         5795    .constdata          oled.o
    0x0801ce46   0x00000023   Data   RO         5796    .constdata          oled.o
    0x0801ce69   0x00000043   Data   RO         5797    .constdata          oled.o
    0x0801ceac   0x00000043   Data   RO         5798    .constdata          oled.o
    0x0801ceef   0x000000a3   Data   RO         5799    .constdata          oled.o
    0x0801cf92   0x000000c3   Data   RO         5800    .constdata          oled.o
    0x0801d055   0x000000c3   Data   RO         5801    .constdata          oled.o
    0x0801d118   0x000000c3   Data   RO         5802    .constdata          oled.o
    0x0801d1db   0x0000000e   Data   RO         5803    .constdata          oled.o
    0x0801d1e9   0x0000000e   Data   RO         5804    .constdata          oled.o
    0x0801d1f7   0x0000001b   Data   RO         5805    .constdata          oled.o
    0x0801d212   0x00000063   Data   RO         5806    .constdata          oled.o
    0x0801d275   0x00000153   Data   RO         5807    .constdata          oled.o
    0x0801d3c8   0x00000093   Data   RO         5808    .constdata          oled.o
    0x0801d45b   0x00000193   Data   RO         5809    .constdata          oled.o
    0x0801d5ee   0x00000033   Data   RO         5810    .constdata          oled.o
    0x0801d621   0x000000a3   Data   RO         5811    .constdata          oled.o
    0x0801d6c4   0x00000063   Data   RO         5812    .constdata          oled.o
    0x0801d727   0x00000063   Data   RO         5813    .constdata          oled.o
    0x0801d78a   0x0000004b   Data   RO         5814    .constdata          oled.o
    0x0801d7d5   0x00000063   Data   RO         5815    .constdata          oled.o
    0x0801d838   0x00000045   Data   RO         5816    .constdata          oled.o
    0x0801d87d   0x0000004b   Data   RO         5817    .constdata          oled.o
    0x0801d8c8   0x00000093   Data   RO         5818    .constdata          oled.o
    0x0801d95b   0x00000063   Data   RO         5819    .constdata          oled.o
    0x0801d9be   0x000000b3   Data   RO         5820    .constdata          oled.o
    0x0801da71   0x00000033   Data   RO         5821    .constdata          oled.o
    0x0801daa4   0x00000033   Data   RO         5822    .constdata          oled.o
    0x0801dad7   0x00000033   Data   RO         5823    .constdata          oled.o
    0x0801db0a   0x00000063   Data   RO         5824    .constdata          oled.o
    0x0801db6d   0x00000033   Data   RO         5825    .constdata          oled.o
    0x0801dba0   0x00000033   Data   RO         5826    .constdata          oled.o
    0x0801dbd3   0x00000093   Data   RO         5827    .constdata          oled.o
    0x0801dc66   0x000000db   Data   RO         5828    .constdata          oled.o
    0x0801dd41   0x0000011b   Data   RO         5829    .constdata          oled.o
    0x0801de5c   0x00000063   Data   RO         5830    .constdata          oled.o
    0x0801debf   0x00000063   Data   RO         5831    .constdata          oled.o
    0x0801df22   0x0000016b   Data   RO         5832    .constdata          oled.o
    0x0801e08d   0x0000007b   Data   RO         5833    .constdata          oled.o
    0x0801e108   0x000000a3   Data   RO         5834    .constdata          oled.o
    0x0801e1ab   0x00000033   Data   RO         5835    .constdata          oled.o
    0x0801e1de   0x00000033   Data   RO         5836    .constdata          oled.o
    0x0801e211   0x000000a3   Data   RO         5837    .constdata          oled.o
    0x0801e2b4   0x00000063   Data   RO         5838    .constdata          oled.o
    0x0801e317   0x0000004b   Data   RO         5839    .constdata          oled.o
    0x0801e362   0x00000033   Data   RO         5840    .constdata          oled.o
    0x0801e395   0x0000007b   Data   RO         5841    .constdata          oled.o
    0x0801e410   0x00000093   Data   RO         5842    .constdata          oled.o
    0x0801e4a3   0x0000007b   Data   RO         5843    .constdata          oled.o
    0x0801e51e   0x00000093   Data   RO         5844    .constdata          oled.o
    0x0801e5b1   0x00000033   Data   RO         5845    .constdata          oled.o
    0x0801e5e4   0x00000093   Data   RO         5846    .constdata          oled.o
    0x0801e677   0x00000013   Data   RO         5847    .constdata          oled.o
    0x0801e68a   0x00000013   Data   RO         5848    .constdata          oled.o
    0x0801e69d   0x0000001f   Data   RO         5849    .constdata          oled.o
    0x0801e6bc   0x0000001f   Data   RO         5850    .constdata          oled.o
    0x0801e6db   0x0000001f   Data   RO         5851    .constdata          oled.o
    0x0801e6fa   0x0000001f   Data   RO         5852    .constdata          oled.o
    0x0801e719   0x0000001f   Data   RO         5853    .constdata          oled.o
    0x0801e738   0x0000001f   Data   RO         5854    .constdata          oled.o
    0x0801e757   0x00000033   Data   RO         5855    .constdata          oled.o
    0x0801e78a   0x00000033   Data   RO         5856    .constdata          oled.o
    0x0801e7bd   0x00000033   Data   RO         5857    .constdata          oled.o
    0x0801e7f0   0x00000033   Data   RO         5858    .constdata          oled.o
    0x0801e823   0x00000043   Data   RO         5859    .constdata          oled.o
    0x0801e866   0x00000033   Data   RO         5860    .constdata          oled.o
    0x0801e899   0x00000063   Data   RO         5861    .constdata          oled.o
    0x0801e8fc   0x00000033   Data   RO         5862    .constdata          oled.o
    0x0801e92f   0x00000033   Data   RO         5863    .constdata          oled.o
    0x0801e962   0x00000033   Data   RO         5864    .constdata          oled.o
    0x0801e995   0x00000033   Data   RO         5865    .constdata          oled.o
    0x0801e9c8   0x00000103   Data   RO         5866    .constdata          oled.o
    0x0801eacb   0x00000053   Data   RO         5867    .constdata          oled.o
    0x0801eb1e   0x00000063   Data   RO         5868    .constdata          oled.o
    0x0801eb81   0x00000027   Data   RO         5869    .constdata          oled.o
    0x0801eba8   0x00000027   Data   RO         5870    .constdata          oled.o
    0x0801ebcf   0x00000027   Data   RO         5871    .constdata          oled.o
    0x0801ebf6   0x0000003c   Data   RO         6057    .constdata          rtc.o
    0x0801ec32   0x000000ac   Data   RO         6539    .constdata          ff.o
    0x0801ecde   0x00000002   PAD
    0x0801ece0   0x00000050   Data   RO         6780    .constdata          m_ws.l(acos.o)
    0x0801ed30   0x00000050   Data   RO         6790    .constdata          m_ws.l(asin.o)
    0x0801ed80   0x00000098   Data   RO         6800    .constdata          m_ws.l(atan.o)
    0x0801ee18   0x00000088   Data   RO         6834    .constdata          m_ws.l(pow.o)
    0x0801eea0   0x00000030   Data   RO         7207    .constdata          m_ws.l(cos_i.o)
    0x0801eed0   0x00000008   Data   RO         7215    .constdata          m_ws.l(qnan.o)
    0x0801eed8   0x000000c8   Data   RO         7218    .constdata          m_ws.l(rred.o)
    0x0801efa0   0x00000028   Data   RO         7222    .constdata          m_ws.l(sin_i.o)
    0x0801efc8   0x00000009   Data   RO          290    .conststring        main.o
    0x0801efd1   0x00000003   PAD
    0x0801efd4   0x0000000c   Data   RO          291    .conststring        main.o
    0x0801efe0   0x000000b3   Data   RO         1287    .conststring        menutal.o
    0x0801f093   0x00000001   PAD
    0x0801f094   0x000000e0   Data   RO         6058    .conststring        rtc.o
    0x0801f174   0x00000020   Data   RO         7271    Region$$Table       anon$$obj.o


    Execution Region RW_IRAM1 (Base: 0x20000000, Size: 0x00003320, Max: 0x00004000, ABSOLUTE, COMPRESSED[0x000000f8])

    Base Addr    Size         Type   Attr      Idx    E Section Name        Object

    0x20000000   0x00000008   Data   RW          150    .data               hw_config.o
    0x20000008   0x00000004   Data   RW          292    .data               main.o
    0x2000000c   0x00000004   Data   RW          293    .data               main.o
    0x20000010   0x0000000c   Data   RW          294    .data               main.o
    0x2000001c   0x00000018   Data   RW          431    .data               mass_mal.o
    0x20000034   0x00000024   Data   RW          475    .data               memory.o
    0x20000058   0x00000005   Data   RW          513    .data               scsi_data.o
    0x2000005d   0x00000024   Data   RW          514    .data               scsi_data.o
    0x20000081   0x00000024   Data   RW          515    .data               scsi_data.o
    0x200000a5   0x00000004   Data   RW          516    .data               scsi_data.o
    0x200000a9   0x00000008   Data   RW          517    .data               scsi_data.o
    0x200000b1   0x00000012   Data   RW          518    .data               scsi_data.o
    0x200000c3   0x00000008   Data   RW          519    .data               scsi_data.o
    0x200000cb   0x0000000c   Data   RW          520    .data               scsi_data.o
    0x200000d7   0x00000001   PAD
    0x200000d8   0x0000000c   Data   RW          547    .data               usb_bot.o
    0x200000e4   0x0000001a   Data   RW          601    .data               usb_desc.o
    0x200000fe   0x00000004   Data   RW          651    .data               usb_istr.o
    0x20000102   0x00000002   PAD
    0x20000104   0x0000001c   Data   RW          652    .data               usb_istr.o
    0x20000120   0x0000001c   Data   RW          653    .data               usb_istr.o
    0x2000013c   0x0000006c   Data   RW          692    .data               usb_prop.o
    0x200001a8   0x00000002   Data   RW          693    .data               usb_prop.o
    0x200001aa   0x00000002   PAD
    0x200001ac   0x00000024   Data   RW          694    .data               usb_prop.o
    0x200001d0   0x00000004   Data   RW          799    .data               usb_pwr.o
    0x200001d4   0x00000008   Data   RW          801    .data               usb_pwr.o
    0x200001dc   0x00000010   Data   RW         1071    .data               gongshi.o
    0x200001ec   0x0000006e   Data   RW         1288    .data               menutal.o
    0x2000025a   0x00000002   PAD
    0x2000025c   0x00000010   Data   RW         1677    .data               stm_eeprom.o
    0x2000026c   0x0000001d   Data   RW         1717    .data               system_stm32l1xx.o
    0x20000289   0x00000001   PAD
    0x2000028a   0x00000004   Data   RW         1777    .data               usb_core.o
    0x2000028e   0x00000001   Data   RW         1887    .data               usb_init.o
    0x2000028f   0x00000001   PAD
    0x20000290   0x0000000c   Data   RW         1888    .data               usb_init.o
    0x2000029c   0x00000002   Data   RW         1890    .data               usb_init.o
    0x2000029e   0x00000004   Data   RW         1921    .data               usb_int.o
    0x200002a2   0x00000019   Data   RW         2981    .data               stm32l1xx_rcc.o
    0x200002bb   0x00000001   PAD
    0x200002bc   0x00000004   Data   RW         4933    .data               delay.o
    0x200002c0   0x00000020   Data   RW         4988    .data               sys.o
    0x200002e0   0x00000004   Data   RW         5139    .data               usart.o
    0x200002e4   0x00000008   Data   RW         5178    .data               myadc.o
    0x200002ec   0x00000024   Data   RW         5231    .data               bmp085.o
    0x20000310   0x00000004   Data   RW         5628    .data               key.o
    0x20000314   0x00000018   Data   RW         6059    .data               rtc.o
    0x2000032c   0x00000020   Data   RW         6189    .data               timer.o
    0x2000034c   0x00000002   Data   RW         6284    .data               usart2.o
    0x2000034e   0x00000002   PAD
    0x20000350   0x00000008   Data   RW         6540    .data               ff.o
    0x20000358   0x00000004   Data   RW         7251    .data               mc_w.l(mvars.o)
    0x2000035c   0x00000004   Data   RW         7252    .data               mc_w.l(mvars.o)
    0x20000360   0x00000004   Data   RW         7256    .data               mc_w.l(errno.o)
    0x20000364   0x00000200   Zero   RW          474    .bss                memory.o
    0x20000564   0x00000070   Zero   RW          546    .bss                usb_bot.o
    0x200005d4   0x00000014   Zero   RW         1070    .bss                gongshi.o
    0x200005e8   0x000006fa   Zero   RW         1285    .bss                menutal.o
    0x20000ce2   0x00000002   PAD
    0x20000ce4   0x0000001c   Zero   RW         1886    .bss                usb_init.o
    0x20000d00   0x00000034   Zero   RW         5230    .bss                bmp085.o
    0x20000d34   0x00000400   Zero   RW         5700    .bss                oled.o
    0x20001134   0x00000004   PAD
    0x20001138   0x000000c8   Zero   RW         6282    .bss                usart2.o
    0x20001200   0x00000320   Zero   RW         6283    .bss                usart2.o
    0x20001520   0x00000400   Zero   RW         1750    HEAP                startup_stm32l1xx_md.o
    0x20001920   0x00001a00   Zero   RW         1749    STACK               startup_stm32l1xx_md.o


==============================================================================

Image component sizes


      Code (inc. data)   RO Data    RW Data    ZI Data      Debug   Object Name

      1860        562          0         36         52      20585   bmp085.o
      1526        112          0          0          0       8793   bmp280.o
       148         14          0          4          0       1647   delay.o
       308         44          0          0          0       4142   diskio.o
      7302        108        172          8          0      34930   ff.o
       946        100          0          0          0       8000   flash.o
      6890        834          0         16         20      15989   gongshi.o
      1394         50          0          0          0       6188   gps.o
       334         24          0          8          0       8340   hw_config.o
       784         64          0          4          0       2166   key.o
        64          6          0          0          0        503   led.o
      1248        286         21         20          0      14367   main.o
       112         14          0         24          0       2889   mass_mal.o
       384         48          0         36        512       3368   memory.o
     34784       6626        791        110       1786      63282   menutal.o
       164         24          0          0          0     260455   misc.o
       528        132          0          8          0       2962   myadc.o
       440         36          0          0          0       3965   myiic.o
      1668         56      23610          0       1024      21674   oled.o
       276         24          0          0          0       1286   pwm.o
      1530        530        284         24          0       7885   rtc.o
         0          0          0        127          0        994   scsi_data.o
       340         18          0          0          0       1677   spi.o
        36          8        244          0       7680        900   startup_stm32l1xx_md.o
       126         14          0          0          0       5477   stm32_it.o
       394         10          0          0          0       6764   stm32l1xx_adc.o
       156         14          0          0          0       2256   stm32l1xx_exti.o
       306         48          0          0          0       6713   stm32l1xx_flash.o
       198          0          0          0          0       2835   stm32l1xx_gpio.o
       196         50          0          0          0       6059   stm32l1xx_pwr.o
       584        122          0         25          0      12087   stm32l1xx_rcc.o
       802         68          0          0          0       9250   stm32l1xx_rtc.o
        68         12          0          0          0       1182   stm32l1xx_syscfg.o
       212         22          0          0          0       4460   stm32l1xx_tim.o
       246          6          0          0          0       2849   stm32l1xx_usart.o
       232         60          0         16          0       2594   stm_eeprom.o
      1488        122          0         32          0      33491   sys.o
       284         34          0         29          0       1781   system_stm32l1xx.o
      1624        288          0         32          0       9687   timer.o
       204         14          0          4          0       3550   usart.o
       420         56          0          2       1000       3483   usart2.o
       770         66          0         12        112       4755   usb_bot.o
      2186        284          0          4          0      14603   usb_core.o
         0          0        146         26          0        900   usb_desc.o
         8          0          0          0          0        813   usb_endp.o
        40         18          0         15         28       4210   usb_init.o
       348         30          0          4          0       1716   usb_int.o
       148         16          0         60          0       1368   usb_istr.o
        76         12          0          0          0       1684   usb_mem.o
       598        128          0        146          0      10550   usb_prop.o
       224         28          0         12          0       2998   usb_pwr.o
       570        102          0          0          0       9586   usb_regs.o
       868        128          0          0          0       8593   usb_scsi.o
       106          8          0          0          0       2134   usb_sil.o

    ----------------------------------------------------------------------
     76622      11480      25308        856      12220     675415   Object Totals
         0          0         32          0          0          0   (incl. Generated)
        74          0          8         12          6          0   (incl. Padding)

    ----------------------------------------------------------------------

      Code (inc. data)   RO Data    RW Data    ZI Data      Debug   Library Member Name

       648         62         80          0          0        188   acos.o
       636         52         80          0          0        168   asin.o
       548         70        152          0          0        124   atan.o
       384         38          0          0          0        144   atan2.o
       220         16          0          0          0         84   ceil.o
       172          8          0          0          0        112   cos.o
       252         22         48          0          0        124   cos_i.o
        16          6          0          0          0         68   dunder.o
       220         16          0          0          0         84   floor.o
        40          0          0          0          0         68   fpclassify.o
       170          0          0          0          0         96   poly.o
      2528        190        136          0          0        332   pow.o
         0          0          8          0          0          0   qnan.o
       904         74        200          0          0        140   rred.o
       176         10          0          0          0        116   sin.o
       236         12         40          0          0        128   sin_i.o
        76          0          0          0          0         84   sqrt.o
        86          0          0          0          0          0   __dczerorl2.o
         0          0          0          0          0          0   entry.o
         0          0          0          0          0          0   entry10a.o
         0          0          0          0          0          0   entry11a.o
         8          4          0          0          0          0   entry2.o
         4          0          0          0          0          0   entry5.o
         0          0          0          0          0          0   entry7b.o
         0          0          0          0          0          0   entry8b.o
         8          4          0          0          0          0   entry9a.o
        12          6          0          4          0         68   errno.o
        30          0          0          0          0          0   handlers.o
        36          8          0          0          0         68   init.o
         0          0          0          0          0          0   iusefp.o
        30          0          0          0          0         68   llshl.o
        36          0          0          0          0         68   llsshr.o
        32          0          0          0          0         68   llushr.o
       108         16          0          0          0         84   malloc.o
        36          0          0          0          0         68   memcpya.o
        36          0          0          0          0        108   memseta.o
         0          0          0          8          0          0   mvars.o
      2276         96          0          0          0        596   printfa.o
        28          0          0          0          0         76   strcmp.o
        36          0          0          0          0         80   strstr.o
        44          0          0          0          0         80   uidiv.o
        98          0          0          0          0         92   uldiv.o
        40          2          0          0          0         68   cdcmple.o
        40          2          0          0          0         68   cdrcmple.o
        20          0          0          0          0         68   cfrcmple.o
        56          0          0          0          0         88   d2f.o
       334          0          0          0          0        148   dadd.o
       222          0          0          0          0        100   ddiv.o
       182          0          0          0          0        176   depilogue.o
        62          0          0          0          0         80   dfixi.o
        50          0          0          0          0         76   dfixui.o
        48          0          0          0          0         68   dfixul.o
        34          0          0          0          0         76   dflti.o
        26          0          0          0          0         76   dfltui.o
       228          0          0          0          0         96   dmul.o
        46          0          0          0          0         80   dscalb.o
       162          0          0          0          0        100   dsqrt.o
        38          0          0          0          0         68   f2d.o
       176          0          0          0          0        140   fadd.o
       124          0          0          0          0         88   fdiv.o
       110          0          0          0          0        168   fepilogue.o
        50          0          0          0          0         68   ffixi.o
        40          0          0          0          0         68   ffixui.o
        18          0          0          0          0         68   fflti.o
        10          0          0          0          0         68   ffltui.o
       100          0          0          0          0         76   fmul.o
        24          0          0          0          0         68   fscalb.o

    ----------------------------------------------------------------------
     12418        714        744         12          0       5832   Library Totals
         8          0          0          0          0          0   (incl. Padding)

    ----------------------------------------------------------------------

      Code (inc. data)   RO Data    RW Data    ZI Data      Debug   Library Name

      7226        576        744          0          0       2060   m_ws.l
      2944        134          0         12          0       1524   mc_w.l
      2240          4          0          0          0       2248   mf_w.l

    ----------------------------------------------------------------------
     12418        714        744         12          0       5832   Library Totals

    ----------------------------------------------------------------------

==============================================================================


      Code (inc. data)   RO Data    RW Data    ZI Data      Debug   

     89040      12194      26052        868      12220     653971   Grand Totals
     89040      12194      26052        248      12220     653971   ELF Image Totals (compressed)
     89040      12194      26052        248          0          0   ROM Totals

==============================================================================

    Total RO  Size (Code + RO Data)               115092 ( 112.39kB)
    Total RW  Size (RW Data + ZI Data)             13088 (  12.78kB)
    Total ROM Size (Code + RO Data + RW Data)     115340 ( 112.64kB)

==============================================================================

