<!doctype html public "-//w3c//dtd html 4.0 transitional//en">
<html><head>
<title>Static Call Graph - [.\STM32L152-EVAL\STM32L152-EVAL.axf]</title></head>
<body><HR>
<H1>Static Call Graph for image .\STM32L152-EVAL\STM32L152-EVAL.axf</H1><HR>
<BR><P>#&#060CALLGRAPH&#062# ARM Linker, 5040049: Last Updated: Tue May 12 11:14:30 2020
<BR><P>
<H3>Maximum Stack Usage =       5232 bytes + Unknown(Cycles, Untraceable Function Pointers)</H3><H3>
Call chain for Maximum Stack Depth:</H3>
menu_home_display &rArr; save_the_interest_place &rArr; f_printf &rArr; putc_bfd &rArr;  putc_bfd (Cycle)
<P>
<H3>
Mutually Recursive functions
</H3> <LI><a href="#[2c]">ADC1_IRQHandler</a>&nbsp;&nbsp;&nbsp;&rArr;&nbsp;&nbsp;&nbsp;<a href="#[2c]">ADC1_IRQHandler</a><BR>
 <LI><a href="#[14]">BusFault_Handler</a>&nbsp;&nbsp;&nbsp;&rArr;&nbsp;&nbsp;&nbsp;<a href="#[14]">BusFault_Handler</a><BR>
 <LI><a href="#[12]">HardFault_Handler</a>&nbsp;&nbsp;&nbsp;&rArr;&nbsp;&nbsp;&nbsp;<a href="#[12]">HardFault_Handler</a><BR>
 <LI><a href="#[13]">MemManage_Handler</a>&nbsp;&nbsp;&nbsp;&rArr;&nbsp;&nbsp;&nbsp;<a href="#[13]">MemManage_Handler</a><BR>
 <LI><a href="#[1fb]">putc_bfd</a>&nbsp;&nbsp;&nbsp;&rArr;&nbsp;&nbsp;&nbsp;<a href="#[1fb]">putc_bfd</a><BR>
 <LI><a href="#[ed]">scan_directory_oldfile</a>&nbsp;&nbsp;&nbsp;&rArr;&nbsp;&nbsp;&nbsp;<a href="#[ed]">scan_directory_oldfile</a><BR>
 <LI><a href="#[195]">menu_keyprocess</a>&nbsp;&nbsp;&nbsp;&rArr;&nbsp;&nbsp;&nbsp;<a href="#[195]">menu_keyprocess</a><BR>
 <LI><a href="#[15]">UsageFault_Handler</a>&nbsp;&nbsp;&nbsp;&rArr;&nbsp;&nbsp;&nbsp;<a href="#[15]">UsageFault_Handler</a><BR>
</UL>
<P>
<H3>
Function Pointers
</H3><UL>
 <LI><a href="#[2c]">ADC1_IRQHandler</a> from startup_stm32l1xx_md.o(.text) referenced from startup_stm32l1xx_md.o(RESET)
 <LI><a href="#[14]">BusFault_Handler</a> from stm32_it.o(i.BusFault_Handler) referenced from startup_stm32l1xx_md.o(RESET)
 <LI><a href="#[30]">COMP_IRQHandler</a> from startup_stm32l1xx_md.o(.text) referenced from startup_stm32l1xx_md.o(RESET)
 <LI><a href="#[2f]">DAC_IRQHandler</a> from startup_stm32l1xx_md.o(.text) referenced from startup_stm32l1xx_md.o(RESET)
 <LI><a href="#[25]">DMA1_Channel1_IRQHandler</a> from startup_stm32l1xx_md.o(.text) referenced from startup_stm32l1xx_md.o(RESET)
 <LI><a href="#[26]">DMA1_Channel2_IRQHandler</a> from startup_stm32l1xx_md.o(.text) referenced from startup_stm32l1xx_md.o(RESET)
 <LI><a href="#[27]">DMA1_Channel3_IRQHandler</a> from startup_stm32l1xx_md.o(.text) referenced from startup_stm32l1xx_md.o(RESET)
 <LI><a href="#[28]">DMA1_Channel4_IRQHandler</a> from startup_stm32l1xx_md.o(.text) referenced from startup_stm32l1xx_md.o(RESET)
 <LI><a href="#[29]">DMA1_Channel5_IRQHandler</a> from startup_stm32l1xx_md.o(.text) referenced from startup_stm32l1xx_md.o(RESET)
 <LI><a href="#[2a]">DMA1_Channel6_IRQHandler</a> from startup_stm32l1xx_md.o(.text) referenced from startup_stm32l1xx_md.o(RESET)
 <LI><a href="#[2b]">DMA1_Channel7_IRQHandler</a> from startup_stm32l1xx_md.o(.text) referenced from startup_stm32l1xx_md.o(RESET)
 <LI><a href="#[17]">DebugMon_Handler</a> from stm32_it.o(i.DebugMon_Handler) referenced from startup_stm32l1xx_md.o(RESET)
 <LI><a href="#[0]">EP1_IN_Callback</a> from usb_endp.o(i.EP1_IN_Callback) referenced 2 times from usb_istr.o(.data)
 <LI><a href="#[2]">EP2_OUT_Callback</a> from usb_endp.o(i.EP2_OUT_Callback) referenced 2 times from usb_istr.o(.data)
 <LI><a href="#[20]">EXTI0_IRQHandler</a> from stm32_it.o(i.EXTI0_IRQHandler) referenced from startup_stm32l1xx_md.o(RESET)
 <LI><a href="#[42]">EXTI15_10_IRQHandler</a> from stm32_it.o(i.EXTI15_10_IRQHandler) referenced from startup_stm32l1xx_md.o(RESET)
 <LI><a href="#[21]">EXTI1_IRQHandler</a> from startup_stm32l1xx_md.o(.text) referenced from startup_stm32l1xx_md.o(RESET)
 <LI><a href="#[22]">EXTI2_IRQHandler</a> from startup_stm32l1xx_md.o(.text) referenced from startup_stm32l1xx_md.o(RESET)
 <LI><a href="#[23]">EXTI3_IRQHandler</a> from startup_stm32l1xx_md.o(.text) referenced from startup_stm32l1xx_md.o(RESET)
 <LI><a href="#[24]">EXTI4_IRQHandler</a> from startup_stm32l1xx_md.o(.text) referenced from startup_stm32l1xx_md.o(RESET)
 <LI><a href="#[31]">EXTI9_5_IRQHandler</a> from startup_stm32l1xx_md.o(.text) referenced from startup_stm32l1xx_md.o(RESET)
 <LI><a href="#[1e]">FLASH_IRQHandler</a> from startup_stm32l1xx_md.o(.text) referenced from startup_stm32l1xx_md.o(RESET)
 <LI><a href="#[4d]">Get_Max_Lun</a> from usb_prop.o(i.Get_Max_Lun) referenced from usb_prop.o(i.MASS_Data_Setup)
 <LI><a href="#[12]">HardFault_Handler</a> from stm32_it.o(i.HardFault_Handler) referenced from startup_stm32l1xx_md.o(RESET)
 <LI><a href="#[3a]">I2C1_ER_IRQHandler</a> from startup_stm32l1xx_md.o(.text) referenced from startup_stm32l1xx_md.o(RESET)
 <LI><a href="#[39]">I2C1_EV_IRQHandler</a> from startup_stm32l1xx_md.o(.text) referenced from startup_stm32l1xx_md.o(RESET)
 <LI><a href="#[3c]">I2C2_ER_IRQHandler</a> from startup_stm32l1xx_md.o(.text) referenced from startup_stm32l1xx_md.o(RESET)
 <LI><a href="#[3b]">I2C2_EV_IRQHandler</a> from startup_stm32l1xx_md.o(.text) referenced from startup_stm32l1xx_md.o(RESET)
 <LI><a href="#[32]">LCD_IRQHandler</a> from startup_stm32l1xx_md.o(.text) referenced from startup_stm32l1xx_md.o(RESET)
 <LI><a href="#[7]">MASS_Data_Setup</a> from usb_prop.o(i.MASS_Data_Setup) referenced 2 times from usb_prop.o(.data)
 <LI><a href="#[b]">MASS_GetConfigDescriptor</a> from usb_prop.o(i.MASS_GetConfigDescriptor) referenced 2 times from usb_prop.o(.data)
 <LI><a href="#[a]">MASS_GetDeviceDescriptor</a> from usb_prop.o(i.MASS_GetDeviceDescriptor) referenced 2 times from usb_prop.o(.data)
 <LI><a href="#[c]">MASS_GetStringDescriptor</a> from usb_prop.o(i.MASS_GetStringDescriptor) referenced 2 times from usb_prop.o(.data)
 <LI><a href="#[9]">MASS_Get_Interface_Setting</a> from usb_prop.o(i.MASS_Get_Interface_Setting) referenced 2 times from usb_prop.o(.data)
 <LI><a href="#[8]">MASS_NoData_Setup</a> from usb_prop.o(i.MASS_NoData_Setup) referenced 2 times from usb_prop.o(.data)
 <LI><a href="#[4]">MASS_Reset</a> from usb_prop.o(i.MASS_Reset) referenced 2 times from usb_prop.o(.data)
 <LI><a href="#[5]">MASS_Status_In</a> from usb_prop.o(i.MASS_Status_In) referenced 2 times from usb_prop.o(.data)
 <LI><a href="#[6]">MASS_Status_Out</a> from usb_prop.o(i.MASS_Status_Out) referenced 2 times from usb_prop.o(.data)
 <LI><a href="#[3]">MASS_init</a> from usb_prop.o(i.MASS_init) referenced 2 times from usb_prop.o(.data)
 <LI><a href="#[e]">Mass_Storage_ClearFeature</a> from usb_prop.o(i.Mass_Storage_ClearFeature) referenced 2 times from usb_prop.o(.data)
 <LI><a href="#[d]">Mass_Storage_SetConfiguration</a> from usb_prop.o(i.Mass_Storage_SetConfiguration) referenced 2 times from usb_prop.o(.data)
 <LI><a href="#[f]">Mass_Storage_SetDeviceAddress</a> from usb_prop.o(i.Mass_Storage_SetDeviceAddress) referenced 2 times from usb_prop.o(.data)
 <LI><a href="#[13]">MemManage_Handler</a> from stm32_it.o(i.MemManage_Handler) referenced from startup_stm32l1xx_md.o(RESET)
 <LI><a href="#[11]">NMI_Handler</a> from stm32_it.o(i.NMI_Handler) referenced from startup_stm32l1xx_md.o(RESET)
 <LI><a href="#[1]">NOP_Process</a> from usb_core.o(i.NOP_Process) referenced 36 times from usb_istr.o(.data)
 <LI><a href="#[1b]">PVD_IRQHandler</a> from startup_stm32l1xx_md.o(.text) referenced from startup_stm32l1xx_md.o(RESET)
 <LI><a href="#[18]">PendSV_Handler</a> from stm32_it.o(i.PendSV_Handler) referenced from startup_stm32l1xx_md.o(RESET)
 <LI><a href="#[1f]">RCC_IRQHandler</a> from startup_stm32l1xx_md.o(.text) referenced from startup_stm32l1xx_md.o(RESET)
 <LI><a href="#[43]">RTC_Alarm_IRQHandler</a> from startup_stm32l1xx_md.o(.text) referenced from startup_stm32l1xx_md.o(RESET)
 <LI><a href="#[1d]">RTC_WKUP_IRQHandler</a> from startup_stm32l1xx_md.o(.text) referenced from startup_stm32l1xx_md.o(RESET)
 <LI><a href="#[10]">Reset_Handler</a> from startup_stm32l1xx_md.o(.text) referenced from startup_stm32l1xx_md.o(RESET)
 <LI><a href="#[3d]">SPI1_IRQHandler</a> from startup_stm32l1xx_md.o(.text) referenced from startup_stm32l1xx_md.o(RESET)
 <LI><a href="#[3e]">SPI2_IRQHandler</a> from startup_stm32l1xx_md.o(.text) referenced from startup_stm32l1xx_md.o(RESET)
 <LI><a href="#[16]">SVC_Handler</a> from stm32_it.o(i.SVC_Handler) referenced from startup_stm32l1xx_md.o(RESET)
 <LI><a href="#[4b]">Standard_GetConfiguration</a> from usb_core.o(i.Standard_GetConfiguration) referenced from usb_core.o(i.Data_Setup0)
 <LI><a href="#[4c]">Standard_GetInterface</a> from usb_core.o(i.Standard_GetInterface) referenced from usb_core.o(i.Data_Setup0)
 <LI><a href="#[4a]">Standard_GetStatus</a> from usb_core.o(i.Standard_GetStatus) referenced from usb_core.o(i.Data_Setup0)
 <LI><a href="#[19]">SysTick_Handler</a> from stm32_it.o(i.SysTick_Handler) referenced from startup_stm32l1xx_md.o(RESET)
 <LI><a href="#[48]">SystemInit</a> from system_stm32l1xx.o(i.SystemInit) referenced from startup_stm32l1xx_md.o(.text)
 <LI><a href="#[1c]">TAMPER_STAMP_IRQHandler</a> from startup_stm32l1xx_md.o(.text) referenced from startup_stm32l1xx_md.o(RESET)
 <LI><a href="#[34]">TIM10_IRQHandler</a> from startup_stm32l1xx_md.o(.text) referenced from startup_stm32l1xx_md.o(RESET)
 <LI><a href="#[35]">TIM11_IRQHandler</a> from startup_stm32l1xx_md.o(.text) referenced from startup_stm32l1xx_md.o(RESET)
 <LI><a href="#[36]">TIM2_IRQHandler</a> from startup_stm32l1xx_md.o(.text) referenced from startup_stm32l1xx_md.o(RESET)
 <LI><a href="#[37]">TIM3_IRQHandler</a> from timer.o(i.TIM3_IRQHandler) referenced from startup_stm32l1xx_md.o(RESET)
 <LI><a href="#[38]">TIM4_IRQHandler</a> from usart2.o(i.TIM4_IRQHandler) referenced from startup_stm32l1xx_md.o(RESET)
 <LI><a href="#[45]">TIM6_IRQHandler</a> from startup_stm32l1xx_md.o(.text) referenced from startup_stm32l1xx_md.o(RESET)
 <LI><a href="#[46]">TIM7_IRQHandler</a> from startup_stm32l1xx_md.o(.text) referenced from startup_stm32l1xx_md.o(RESET)
 <LI><a href="#[33]">TIM9_IRQHandler</a> from startup_stm32l1xx_md.o(.text) referenced from startup_stm32l1xx_md.o(RESET)
 <LI><a href="#[3f]">USART1_IRQHandler</a> from startup_stm32l1xx_md.o(.text) referenced from startup_stm32l1xx_md.o(RESET)
 <LI><a href="#[40]">USART2_IRQHandler</a> from usart2.o(i.USART2_IRQHandler) referenced from startup_stm32l1xx_md.o(RESET)
 <LI><a href="#[41]">USART3_IRQHandler</a> from startup_stm32l1xx_md.o(.text) referenced from startup_stm32l1xx_md.o(RESET)
 <LI><a href="#[44]">USB_FS_WKUP_IRQHandler</a> from stm32_it.o(i.USB_FS_WKUP_IRQHandler) referenced from startup_stm32l1xx_md.o(RESET)
 <LI><a href="#[2d]">USB_HP_IRQHandler</a> from startup_stm32l1xx_md.o(.text) referenced from startup_stm32l1xx_md.o(RESET)
 <LI><a href="#[2e]">USB_LP_IRQHandler</a> from stm32_it.o(i.USB_LP_IRQHandler) referenced from startup_stm32l1xx_md.o(RESET)
 <LI><a href="#[15]">UsageFault_Handler</a> from stm32_it.o(i.UsageFault_Handler) referenced from startup_stm32l1xx_md.o(RESET)
 <LI><a href="#[1a]">WWDG_IRQHandler</a> from startup_stm32l1xx_md.o(.text) referenced from startup_stm32l1xx_md.o(RESET)
 <LI><a href="#[49]">__main</a> from entry.o(.ARM.Collect$$$$00000000) referenced from startup_stm32l1xx_md.o(.text)
 <LI><a href="#[4f]">_sputc</a> from printfa.o(i._sputc) referenced from printfa.o(i.__0sprintf)
 <LI><a href="#[50]">delay_ms</a> from delay.o(i.delay_ms) referenced from bmp085.o(i.bmp_moudle_preinit)
 <LI><a href="#[4e]">fputc</a> from usart.o(i.fputc) referenced from printfa.o(i.__0printf)
 <LI><a href="#[51]">i2c_reg_read</a> from bmp085.o(i.i2c_reg_read) referenced from bmp085.o(i.bmp_moudle_preinit)
 <LI><a href="#[52]">i2c_reg_write</a> from bmp085.o(i.i2c_reg_write) referenced from bmp085.o(i.bmp_moudle_preinit)
 <LI><a href="#[47]">main</a> from main.o(i.main) referenced from entry9a.o(.ARM.Collect$$$$0000000B)
 <LI><a href="#[5a]">menu_3D_display</a> from menutal.o(i.menu_3D_display) referenced from menutal.o(.constdata)
 <LI><a href="#[57]">menu_Pressure_display</a> from menutal.o(i.menu_Pressure_display) referenced from menutal.o(.constdata)
 <LI><a href="#[58]">menu_arruite_change_display</a> from menutal.o(i.menu_arruite_change_display) referenced from menutal.o(.constdata)
 <LI><a href="#[5d]">menu_chaoxi_display</a> from menutal.o(i.menu_chaoxi_display) referenced from menutal.o(.constdata)
 <LI><a href="#[5e]">menu_display_setting</a> from menutal.o(i.menu_display_setting) referenced from menutal.o(.constdata)
 <LI><a href="#[5c]">menu_guiji_display</a> from menutal.o(i.menu_guiji_display) referenced from menutal.o(.constdata)
 <LI><a href="#[5b]">menu_home_display</a> from menutal.o(i.menu_home_display) referenced from menutal.o(.constdata)
 <LI><a href="#[53]">menu_main_display</a> from menutal.o(i.menu_main_display) referenced from menutal.o(.constdata)
 <LI><a href="#[55]">menu_real_crood_display</a> from menutal.o(i.menu_real_crood_display) referenced from menutal.o(.constdata)
 <LI><a href="#[54]">menu_real_speed_display</a> from menutal.o(i.menu_real_speed_display) referenced from menutal.o(.constdata)
 <LI><a href="#[59]">menu_speed_change_display</a> from menutal.o(i.menu_speed_change_display) referenced from menutal.o(.constdata)
 <LI><a href="#[56]">menu_temp_change_display</a> from menutal.o(i.menu_temp_change_display) referenced from menutal.o(.constdata)
</UL>
<P>
<H3>
Global Symbols
</H3>
<P><STRONG><a name="[49]"></a>__main</STRONG> (Thumb, 0 bytes, Stack size unknown bytes, entry.o(.ARM.Collect$$$$00000000))
<BR>[Address Reference Count : 1]<UL><LI> startup_stm32l1xx_md.o(.text)
</UL>
<P><STRONG><a name="[24e]"></a>_main_stk</STRONG> (Thumb, 0 bytes, Stack size unknown bytes, entry2.o(.ARM.Collect$$$$00000001))

<P><STRONG><a name="[5f]"></a>_main_scatterload</STRONG> (Thumb, 0 bytes, Stack size unknown bytes, entry5.o(.ARM.Collect$$$$00000004))
<BR><BR>[Calls]<UL><LI><a href="#[60]">&gt;&gt;</a>&nbsp;&nbsp;&nbsp;__scatterload
</UL>

<P><STRONG><a name="[7e]"></a>__main_after_scatterload</STRONG> (Thumb, 0 bytes, Stack size unknown bytes, entry5.o(.ARM.Collect$$$$00000004))
<BR><BR>[Called By]<UL><LI><a href="#[60]">&gt;&gt;</a>&nbsp;&nbsp;&nbsp;__scatterload
</UL>

<P><STRONG><a name="[24f]"></a>_main_clock</STRONG> (Thumb, 0 bytes, Stack size unknown bytes, entry7b.o(.ARM.Collect$$$$00000008))

<P><STRONG><a name="[250]"></a>_main_cpp_init</STRONG> (Thumb, 0 bytes, Stack size unknown bytes, entry8b.o(.ARM.Collect$$$$0000000A))

<P><STRONG><a name="[251]"></a>_main_init</STRONG> (Thumb, 0 bytes, Stack size unknown bytes, entry9a.o(.ARM.Collect$$$$0000000B))

<P><STRONG><a name="[252]"></a>__rt_final_cpp</STRONG> (Thumb, 0 bytes, Stack size unknown bytes, entry10a.o(.ARM.Collect$$$$0000000D))

<P><STRONG><a name="[253]"></a>__rt_final_exit</STRONG> (Thumb, 0 bytes, Stack size unknown bytes, entry11a.o(.ARM.Collect$$$$0000000F))

<P><STRONG><a name="[10]"></a>Reset_Handler</STRONG> (Thumb, 8 bytes, Stack size 0 bytes, startup_stm32l1xx_md.o(.text))
<BR>[Address Reference Count : 1]<UL><LI> startup_stm32l1xx_md.o(RESET)
</UL>
<P><STRONG><a name="[2c]"></a>ADC1_IRQHandler</STRONG> (Thumb, 0 bytes, Stack size 0 bytes, startup_stm32l1xx_md.o(.text))
<BR><BR>[Calls]<UL><LI><a href="#[2c]">&gt;&gt;</a>&nbsp;&nbsp;&nbsp;ADC1_IRQHandler
</UL>
<BR>[Called By]<UL><LI><a href="#[2c]">&gt;&gt;</a>&nbsp;&nbsp;&nbsp;ADC1_IRQHandler
</UL>
<BR>[Address Reference Count : 1]<UL><LI> startup_stm32l1xx_md.o(RESET)
</UL>
<P><STRONG><a name="[30]"></a>COMP_IRQHandler</STRONG> (Thumb, 0 bytes, Stack size 0 bytes, startup_stm32l1xx_md.o(.text))
<BR>[Address Reference Count : 1]<UL><LI> startup_stm32l1xx_md.o(RESET)
</UL>
<P><STRONG><a name="[2f]"></a>DAC_IRQHandler</STRONG> (Thumb, 0 bytes, Stack size 0 bytes, startup_stm32l1xx_md.o(.text))
<BR>[Address Reference Count : 1]<UL><LI> startup_stm32l1xx_md.o(RESET)
</UL>
<P><STRONG><a name="[25]"></a>DMA1_Channel1_IRQHandler</STRONG> (Thumb, 0 bytes, Stack size 0 bytes, startup_stm32l1xx_md.o(.text))
<BR>[Address Reference Count : 1]<UL><LI> startup_stm32l1xx_md.o(RESET)
</UL>
<P><STRONG><a name="[26]"></a>DMA1_Channel2_IRQHandler</STRONG> (Thumb, 0 bytes, Stack size 0 bytes, startup_stm32l1xx_md.o(.text))
<BR>[Address Reference Count : 1]<UL><LI> startup_stm32l1xx_md.o(RESET)
</UL>
<P><STRONG><a name="[27]"></a>DMA1_Channel3_IRQHandler</STRONG> (Thumb, 0 bytes, Stack size 0 bytes, startup_stm32l1xx_md.o(.text))
<BR>[Address Reference Count : 1]<UL><LI> startup_stm32l1xx_md.o(RESET)
</UL>
<P><STRONG><a name="[28]"></a>DMA1_Channel4_IRQHandler</STRONG> (Thumb, 0 bytes, Stack size 0 bytes, startup_stm32l1xx_md.o(.text))
<BR>[Address Reference Count : 1]<UL><LI> startup_stm32l1xx_md.o(RESET)
</UL>
<P><STRONG><a name="[29]"></a>DMA1_Channel5_IRQHandler</STRONG> (Thumb, 0 bytes, Stack size 0 bytes, startup_stm32l1xx_md.o(.text))
<BR>[Address Reference Count : 1]<UL><LI> startup_stm32l1xx_md.o(RESET)
</UL>
<P><STRONG><a name="[2a]"></a>DMA1_Channel6_IRQHandler</STRONG> (Thumb, 0 bytes, Stack size 0 bytes, startup_stm32l1xx_md.o(.text))
<BR>[Address Reference Count : 1]<UL><LI> startup_stm32l1xx_md.o(RESET)
</UL>
<P><STRONG><a name="[2b]"></a>DMA1_Channel7_IRQHandler</STRONG> (Thumb, 0 bytes, Stack size 0 bytes, startup_stm32l1xx_md.o(.text))
<BR>[Address Reference Count : 1]<UL><LI> startup_stm32l1xx_md.o(RESET)
</UL>
<P><STRONG><a name="[21]"></a>EXTI1_IRQHandler</STRONG> (Thumb, 0 bytes, Stack size 0 bytes, startup_stm32l1xx_md.o(.text))
<BR>[Address Reference Count : 1]<UL><LI> startup_stm32l1xx_md.o(RESET)
</UL>
<P><STRONG><a name="[22]"></a>EXTI2_IRQHandler</STRONG> (Thumb, 0 bytes, Stack size 0 bytes, startup_stm32l1xx_md.o(.text))
<BR>[Address Reference Count : 1]<UL><LI> startup_stm32l1xx_md.o(RESET)
</UL>
<P><STRONG><a name="[23]"></a>EXTI3_IRQHandler</STRONG> (Thumb, 0 bytes, Stack size 0 bytes, startup_stm32l1xx_md.o(.text))
<BR>[Address Reference Count : 1]<UL><LI> startup_stm32l1xx_md.o(RESET)
</UL>
<P><STRONG><a name="[24]"></a>EXTI4_IRQHandler</STRONG> (Thumb, 0 bytes, Stack size 0 bytes, startup_stm32l1xx_md.o(.text))
<BR>[Address Reference Count : 1]<UL><LI> startup_stm32l1xx_md.o(RESET)
</UL>
<P><STRONG><a name="[31]"></a>EXTI9_5_IRQHandler</STRONG> (Thumb, 0 bytes, Stack size 0 bytes, startup_stm32l1xx_md.o(.text))
<BR>[Address Reference Count : 1]<UL><LI> startup_stm32l1xx_md.o(RESET)
</UL>
<P><STRONG><a name="[1e]"></a>FLASH_IRQHandler</STRONG> (Thumb, 0 bytes, Stack size 0 bytes, startup_stm32l1xx_md.o(.text))
<BR>[Address Reference Count : 1]<UL><LI> startup_stm32l1xx_md.o(RESET)
</UL>
<P><STRONG><a name="[3a]"></a>I2C1_ER_IRQHandler</STRONG> (Thumb, 0 bytes, Stack size 0 bytes, startup_stm32l1xx_md.o(.text))
<BR>[Address Reference Count : 1]<UL><LI> startup_stm32l1xx_md.o(RESET)
</UL>
<P><STRONG><a name="[39]"></a>I2C1_EV_IRQHandler</STRONG> (Thumb, 0 bytes, Stack size 0 bytes, startup_stm32l1xx_md.o(.text))
<BR>[Address Reference Count : 1]<UL><LI> startup_stm32l1xx_md.o(RESET)
</UL>
<P><STRONG><a name="[3c]"></a>I2C2_ER_IRQHandler</STRONG> (Thumb, 0 bytes, Stack size 0 bytes, startup_stm32l1xx_md.o(.text))
<BR>[Address Reference Count : 1]<UL><LI> startup_stm32l1xx_md.o(RESET)
</UL>
<P><STRONG><a name="[3b]"></a>I2C2_EV_IRQHandler</STRONG> (Thumb, 0 bytes, Stack size 0 bytes, startup_stm32l1xx_md.o(.text))
<BR>[Address Reference Count : 1]<UL><LI> startup_stm32l1xx_md.o(RESET)
</UL>
<P><STRONG><a name="[32]"></a>LCD_IRQHandler</STRONG> (Thumb, 0 bytes, Stack size 0 bytes, startup_stm32l1xx_md.o(.text))
<BR>[Address Reference Count : 1]<UL><LI> startup_stm32l1xx_md.o(RESET)
</UL>
<P><STRONG><a name="[1b]"></a>PVD_IRQHandler</STRONG> (Thumb, 0 bytes, Stack size 0 bytes, startup_stm32l1xx_md.o(.text))
<BR>[Address Reference Count : 1]<UL><LI> startup_stm32l1xx_md.o(RESET)
</UL>
<P><STRONG><a name="[1f]"></a>RCC_IRQHandler</STRONG> (Thumb, 0 bytes, Stack size 0 bytes, startup_stm32l1xx_md.o(.text))
<BR>[Address Reference Count : 1]<UL><LI> startup_stm32l1xx_md.o(RESET)
</UL>
<P><STRONG><a name="[43]"></a>RTC_Alarm_IRQHandler</STRONG> (Thumb, 0 bytes, Stack size 0 bytes, startup_stm32l1xx_md.o(.text))
<BR>[Address Reference Count : 1]<UL><LI> startup_stm32l1xx_md.o(RESET)
</UL>
<P><STRONG><a name="[1d]"></a>RTC_WKUP_IRQHandler</STRONG> (Thumb, 0 bytes, Stack size 0 bytes, startup_stm32l1xx_md.o(.text))
<BR>[Address Reference Count : 1]<UL><LI> startup_stm32l1xx_md.o(RESET)
</UL>
<P><STRONG><a name="[3d]"></a>SPI1_IRQHandler</STRONG> (Thumb, 0 bytes, Stack size 0 bytes, startup_stm32l1xx_md.o(.text))
<BR>[Address Reference Count : 1]<UL><LI> startup_stm32l1xx_md.o(RESET)
</UL>
<P><STRONG><a name="[3e]"></a>SPI2_IRQHandler</STRONG> (Thumb, 0 bytes, Stack size 0 bytes, startup_stm32l1xx_md.o(.text))
<BR>[Address Reference Count : 1]<UL><LI> startup_stm32l1xx_md.o(RESET)
</UL>
<P><STRONG><a name="[1c]"></a>TAMPER_STAMP_IRQHandler</STRONG> (Thumb, 0 bytes, Stack size 0 bytes, startup_stm32l1xx_md.o(.text))
<BR>[Address Reference Count : 1]<UL><LI> startup_stm32l1xx_md.o(RESET)
</UL>
<P><STRONG><a name="[34]"></a>TIM10_IRQHandler</STRONG> (Thumb, 0 bytes, Stack size 0 bytes, startup_stm32l1xx_md.o(.text))
<BR>[Address Reference Count : 1]<UL><LI> startup_stm32l1xx_md.o(RESET)
</UL>
<P><STRONG><a name="[35]"></a>TIM11_IRQHandler</STRONG> (Thumb, 0 bytes, Stack size 0 bytes, startup_stm32l1xx_md.o(.text))
<BR>[Address Reference Count : 1]<UL><LI> startup_stm32l1xx_md.o(RESET)
</UL>
<P><STRONG><a name="[36]"></a>TIM2_IRQHandler</STRONG> (Thumb, 0 bytes, Stack size 0 bytes, startup_stm32l1xx_md.o(.text))
<BR>[Address Reference Count : 1]<UL><LI> startup_stm32l1xx_md.o(RESET)
</UL>
<P><STRONG><a name="[45]"></a>TIM6_IRQHandler</STRONG> (Thumb, 0 bytes, Stack size 0 bytes, startup_stm32l1xx_md.o(.text))
<BR>[Address Reference Count : 1]<UL><LI> startup_stm32l1xx_md.o(RESET)
</UL>
<P><STRONG><a name="[46]"></a>TIM7_IRQHandler</STRONG> (Thumb, 0 bytes, Stack size 0 bytes, startup_stm32l1xx_md.o(.text))
<BR>[Address Reference Count : 1]<UL><LI> startup_stm32l1xx_md.o(RESET)
</UL>
<P><STRONG><a name="[33]"></a>TIM9_IRQHandler</STRONG> (Thumb, 0 bytes, Stack size 0 bytes, startup_stm32l1xx_md.o(.text))
<BR>[Address Reference Count : 1]<UL><LI> startup_stm32l1xx_md.o(RESET)
</UL>
<P><STRONG><a name="[3f]"></a>USART1_IRQHandler</STRONG> (Thumb, 0 bytes, Stack size 0 bytes, startup_stm32l1xx_md.o(.text))
<BR>[Address Reference Count : 1]<UL><LI> startup_stm32l1xx_md.o(RESET)
</UL>
<P><STRONG><a name="[41]"></a>USART3_IRQHandler</STRONG> (Thumb, 0 bytes, Stack size 0 bytes, startup_stm32l1xx_md.o(.text))
<BR>[Address Reference Count : 1]<UL><LI> startup_stm32l1xx_md.o(RESET)
</UL>
<P><STRONG><a name="[2d]"></a>USB_HP_IRQHandler</STRONG> (Thumb, 0 bytes, Stack size 0 bytes, startup_stm32l1xx_md.o(.text))
<BR>[Address Reference Count : 1]<UL><LI> startup_stm32l1xx_md.o(RESET)
</UL>
<P><STRONG><a name="[1a]"></a>WWDG_IRQHandler</STRONG> (Thumb, 0 bytes, Stack size 0 bytes, startup_stm32l1xx_md.o(.text))
<BR>[Address Reference Count : 1]<UL><LI> startup_stm32l1xx_md.o(RESET)
</UL>
<P><STRONG><a name="[243]"></a>__aeabi_memcpy</STRONG> (Thumb, 36 bytes, Stack size 0 bytes, memcpya.o(.text))
<BR><BR>[Called By]<UL><LI><a href="#[166]">&gt;&gt;</a>&nbsp;&nbsp;&nbsp;save_guiji_message
</UL>

<P><STRONG><a name="[9d]"></a>__aeabi_memcpy4</STRONG> (Thumb, 0 bytes, Stack size 0 bytes, memcpya.o(.text))
<BR><BR>[Called By]<UL><LI><a href="#[21c]">&gt;&gt;</a>&nbsp;&nbsp;&nbsp;menu_show_sl_number
<LI><a href="#[9c]">&gt;&gt;</a>&nbsp;&nbsp;&nbsp;BMP085_get_process
</UL>

<P><STRONG><a name="[254]"></a>__aeabi_memcpy8</STRONG> (Thumb, 0 bytes, Stack size 0 bytes, memcpya.o(.text), UNUSED)

<P><STRONG><a name="[62]"></a>__aeabi_memset</STRONG> (Thumb, 14 bytes, Stack size 0 bytes, memseta.o(.text), UNUSED)
<BR><BR>[Called By]<UL><LI><a href="#[63]">&gt;&gt;</a>&nbsp;&nbsp;&nbsp;_memset$wrapper
<LI><a href="#[61]">&gt;&gt;</a>&nbsp;&nbsp;&nbsp;__aeabi_memclr
</UL>

<P><STRONG><a name="[255]"></a>__aeabi_memset4</STRONG> (Thumb, 0 bytes, Stack size 0 bytes, memseta.o(.text), UNUSED)

<P><STRONG><a name="[256]"></a>__aeabi_memset8</STRONG> (Thumb, 0 bytes, Stack size 0 bytes, memseta.o(.text), UNUSED)

<P><STRONG><a name="[61]"></a>__aeabi_memclr</STRONG> (Thumb, 4 bytes, Stack size 0 bytes, memseta.o(.text), UNUSED)
<BR><BR>[Calls]<UL><LI><a href="#[62]">&gt;&gt;</a>&nbsp;&nbsp;&nbsp;__aeabi_memset
</UL>

<P><STRONG><a name="[ec]"></a>__aeabi_memclr4</STRONG> (Thumb, 0 bytes, Stack size 0 bytes, memseta.o(.text))
<BR><BR>[Called By]<UL><LI><a href="#[47]">&gt;&gt;</a>&nbsp;&nbsp;&nbsp;main
<LI><a href="#[ef]">&gt;&gt;</a>&nbsp;&nbsp;&nbsp;Del_oldfile_nospace
<LI><a href="#[eb]">&gt;&gt;</a>&nbsp;&nbsp;&nbsp;Del_allgujifile
<LI><a href="#[232]">&gt;&gt;</a>&nbsp;&nbsp;&nbsp;menu_setting_secpage_control
<LI><a href="#[15e]">&gt;&gt;</a>&nbsp;&nbsp;&nbsp;Recording_guji
<LI><a href="#[1c4]">&gt;&gt;</a>&nbsp;&nbsp;&nbsp;bmp280_init
</UL>

<P><STRONG><a name="[257]"></a>__aeabi_memclr8</STRONG> (Thumb, 0 bytes, Stack size 0 bytes, memseta.o(.text), UNUSED)

<P><STRONG><a name="[63]"></a>_memset$wrapper</STRONG> (Thumb, 18 bytes, Stack size 8 bytes, memseta.o(.text), UNUSED)
<BR><BR>[Calls]<UL><LI><a href="#[62]">&gt;&gt;</a>&nbsp;&nbsp;&nbsp;__aeabi_memset
</UL>

<P><STRONG><a name="[134]"></a>strstr</STRONG> (Thumb, 36 bytes, Stack size 12 bytes, strstr.o(.text))
<BR><BR>[Stack]<UL><LI>Max Depth = 12<LI>Call Chain = strstr
</UL>
<BR>[Called By]<UL><LI><a href="#[fc]">&gt;&gt;</a>&nbsp;&nbsp;&nbsp;NMEA_GPVTG_Analysis
<LI><a href="#[fb]">&gt;&gt;</a>&nbsp;&nbsp;&nbsp;NMEA_GPRMC_Analysis
<LI><a href="#[f8]">&gt;&gt;</a>&nbsp;&nbsp;&nbsp;NMEA_GPGSV_Analysis
<LI><a href="#[fa]">&gt;&gt;</a>&nbsp;&nbsp;&nbsp;NMEA_GPGSA_Analysis
<LI><a href="#[f9]">&gt;&gt;</a>&nbsp;&nbsp;&nbsp;NMEA_GPGGA_Analysis
</UL>

<P><STRONG><a name="[244]"></a>strcmp</STRONG> (Thumb, 28 bytes, Stack size 8 bytes, strcmp.o(.text))
<BR><BR>[Stack]<UL><LI>Max Depth = 8<LI>Call Chain = strcmp
</UL>
<BR>[Called By]<UL><LI><a href="#[ed]">&gt;&gt;</a>&nbsp;&nbsp;&nbsp;scan_directory_oldfile
</UL>

<P><STRONG><a name="[64]"></a>__aeabi_fadd</STRONG> (Thumb, 164 bytes, Stack size 16 bytes, fadd.o(.text))
<BR><BR>[Stack]<UL><LI>Max Depth = 20<LI>Call Chain = __aeabi_fadd &rArr; _float_epilogue
</UL>
<BR>[Calls]<UL><LI><a href="#[66]">&gt;&gt;</a>&nbsp;&nbsp;&nbsp;_float_round
<LI><a href="#[65]">&gt;&gt;</a>&nbsp;&nbsp;&nbsp;_float_epilogue
</UL>
<BR>[Called By]<UL><LI><a href="#[1d1]">&gt;&gt;</a>&nbsp;&nbsp;&nbsp;check_eeprom_init
<LI><a href="#[67]">&gt;&gt;</a>&nbsp;&nbsp;&nbsp;__aeabi_fsub
<LI><a href="#[68]">&gt;&gt;</a>&nbsp;&nbsp;&nbsp;__aeabi_frsub
<LI><a href="#[24b]">&gt;&gt;</a>&nbsp;&nbsp;&nbsp;sunriset
<LI><a href="#[213]">&gt;&gt;</a>&nbsp;&nbsp;&nbsp;range
<LI><a href="#[202]">&gt;&gt;</a>&nbsp;&nbsp;&nbsp;quad
<LI><a href="#[fe]">&gt;&gt;</a>&nbsp;&nbsp;&nbsp;mjd
<LI><a href="#[23c]">&gt;&gt;</a>&nbsp;&nbsp;&nbsp;minisun
<LI><a href="#[23b]">&gt;&gt;</a>&nbsp;&nbsp;&nbsp;minimoon
<LI><a href="#[209]">&gt;&gt;</a>&nbsp;&nbsp;&nbsp;get_angle
<LI><a href="#[ff]">&gt;&gt;</a>&nbsp;&nbsp;&nbsp;find_moonrise_set
<LI><a href="#[24a]">&gt;&gt;</a>&nbsp;&nbsp;&nbsp;sunpos
<LI><a href="#[249]">&gt;&gt;</a>&nbsp;&nbsp;&nbsp;sun_RA_dec
<LI><a href="#[21e]">&gt;&gt;</a>&nbsp;&nbsp;&nbsp;test_sunriset
<LI><a href="#[245]">&gt;&gt;</a>&nbsp;&nbsp;&nbsp;system_setting_item
<LI><a href="#[56]">&gt;&gt;</a>&nbsp;&nbsp;&nbsp;menu_temp_change_display
<LI><a href="#[59]">&gt;&gt;</a>&nbsp;&nbsp;&nbsp;menu_speed_change_display
<LI><a href="#[5b]">&gt;&gt;</a>&nbsp;&nbsp;&nbsp;menu_home_display
<LI><a href="#[58]">&gt;&gt;</a>&nbsp;&nbsp;&nbsp;menu_arruite_change_display
<LI><a href="#[57]">&gt;&gt;</a>&nbsp;&nbsp;&nbsp;menu_Pressure_display
<LI><a href="#[20b]">&gt;&gt;</a>&nbsp;&nbsp;&nbsp;guji_Distance
<LI><a href="#[fb]">&gt;&gt;</a>&nbsp;&nbsp;&nbsp;NMEA_GPRMC_Analysis
</UL>

<P><STRONG><a name="[67]"></a>__aeabi_fsub</STRONG> (Thumb, 6 bytes, Stack size 0 bytes, fadd.o(.text))
<BR><BR>[Stack]<UL><LI>Max Depth = 20<LI>Call Chain = __aeabi_fsub &rArr; __aeabi_fadd &rArr; _float_epilogue
</UL>
<BR>[Calls]<UL><LI><a href="#[64]">&gt;&gt;</a>&nbsp;&nbsp;&nbsp;__aeabi_fadd
</UL>
<BR>[Called By]<UL><LI><a href="#[24b]">&gt;&gt;</a>&nbsp;&nbsp;&nbsp;sunriset
<LI><a href="#[201]">&gt;&gt;</a>&nbsp;&nbsp;&nbsp;sin_alt
<LI><a href="#[202]">&gt;&gt;</a>&nbsp;&nbsp;&nbsp;quad
<LI><a href="#[23b]">&gt;&gt;</a>&nbsp;&nbsp;&nbsp;minimoon
<LI><a href="#[203]">&gt;&gt;</a>&nbsp;&nbsp;&nbsp;lmst
<LI><a href="#[209]">&gt;&gt;</a>&nbsp;&nbsp;&nbsp;get_angle
<LI><a href="#[207]">&gt;&gt;</a>&nbsp;&nbsp;&nbsp;getDistanceVer2
<LI><a href="#[ff]">&gt;&gt;</a>&nbsp;&nbsp;&nbsp;find_moonrise_set
<LI><a href="#[24a]">&gt;&gt;</a>&nbsp;&nbsp;&nbsp;sunpos
<LI><a href="#[90]">&gt;&gt;</a>&nbsp;&nbsp;&nbsp;BMP085_Get_Altitude
<LI><a href="#[245]">&gt;&gt;</a>&nbsp;&nbsp;&nbsp;system_setting_item
<LI><a href="#[56]">&gt;&gt;</a>&nbsp;&nbsp;&nbsp;menu_temp_change_display
<LI><a href="#[59]">&gt;&gt;</a>&nbsp;&nbsp;&nbsp;menu_speed_change_display
<LI><a href="#[54]">&gt;&gt;</a>&nbsp;&nbsp;&nbsp;menu_real_speed_display
<LI><a href="#[5b]">&gt;&gt;</a>&nbsp;&nbsp;&nbsp;menu_home_display
<LI><a href="#[58]">&gt;&gt;</a>&nbsp;&nbsp;&nbsp;menu_arruite_change_display
<LI><a href="#[57]">&gt;&gt;</a>&nbsp;&nbsp;&nbsp;menu_Pressure_display
<LI><a href="#[1d6]">&gt;&gt;</a>&nbsp;&nbsp;&nbsp;convert_u32_to_index
<LI><a href="#[1d5]">&gt;&gt;</a>&nbsp;&nbsp;&nbsp;convert_show_en
<LI><a href="#[15f]">&gt;&gt;</a>&nbsp;&nbsp;&nbsp;check_time
</UL>

<P><STRONG><a name="[68]"></a>__aeabi_frsub</STRONG> (Thumb, 6 bytes, Stack size 0 bytes, fadd.o(.text))
<BR><BR>[Stack]<UL><LI>Max Depth = 20<LI>Call Chain = __aeabi_frsub &rArr; __aeabi_fadd &rArr; _float_epilogue
</UL>
<BR>[Calls]<UL><LI><a href="#[64]">&gt;&gt;</a>&nbsp;&nbsp;&nbsp;__aeabi_fadd
</UL>
<BR>[Called By]<UL><LI><a href="#[213]">&gt;&gt;</a>&nbsp;&nbsp;&nbsp;range
<LI><a href="#[202]">&gt;&gt;</a>&nbsp;&nbsp;&nbsp;quad
<LI><a href="#[23c]">&gt;&gt;</a>&nbsp;&nbsp;&nbsp;minisun
<LI><a href="#[23b]">&gt;&gt;</a>&nbsp;&nbsp;&nbsp;minimoon
<LI><a href="#[209]">&gt;&gt;</a>&nbsp;&nbsp;&nbsp;get_angle
<LI><a href="#[206]">&gt;&gt;</a>&nbsp;&nbsp;&nbsp;frac
<LI><a href="#[ff]">&gt;&gt;</a>&nbsp;&nbsp;&nbsp;find_moonrise_set
<LI><a href="#[21e]">&gt;&gt;</a>&nbsp;&nbsp;&nbsp;test_sunriset
<LI><a href="#[245]">&gt;&gt;</a>&nbsp;&nbsp;&nbsp;system_setting_item
<LI><a href="#[56]">&gt;&gt;</a>&nbsp;&nbsp;&nbsp;menu_temp_change_display
<LI><a href="#[57]">&gt;&gt;</a>&nbsp;&nbsp;&nbsp;menu_Pressure_display
<LI><a href="#[1d6]">&gt;&gt;</a>&nbsp;&nbsp;&nbsp;convert_u32_to_index
</UL>

<P><STRONG><a name="[93]"></a>__aeabi_fmul</STRONG> (Thumb, 100 bytes, Stack size 8 bytes, fmul.o(.text))
<BR><BR>[Stack]<UL><LI>Max Depth = 8<LI>Call Chain = __aeabi_fmul
</UL>
<BR>[Called By]<UL><LI><a href="#[ee]">&gt;&gt;</a>&nbsp;&nbsp;&nbsp;show_levev_space
<LI><a href="#[201]">&gt;&gt;</a>&nbsp;&nbsp;&nbsp;sin_alt
<LI><a href="#[213]">&gt;&gt;</a>&nbsp;&nbsp;&nbsp;range
<LI><a href="#[202]">&gt;&gt;</a>&nbsp;&nbsp;&nbsp;quad
<LI><a href="#[21f]">&gt;&gt;</a>&nbsp;&nbsp;&nbsp;moon_test
<LI><a href="#[23c]">&gt;&gt;</a>&nbsp;&nbsp;&nbsp;minisun
<LI><a href="#[23b]">&gt;&gt;</a>&nbsp;&nbsp;&nbsp;minimoon
<LI><a href="#[203]">&gt;&gt;</a>&nbsp;&nbsp;&nbsp;lmst
<LI><a href="#[209]">&gt;&gt;</a>&nbsp;&nbsp;&nbsp;get_angle
<LI><a href="#[ff]">&gt;&gt;</a>&nbsp;&nbsp;&nbsp;find_moonrise_set
<LI><a href="#[24a]">&gt;&gt;</a>&nbsp;&nbsp;&nbsp;sunpos
<LI><a href="#[249]">&gt;&gt;</a>&nbsp;&nbsp;&nbsp;sun_RA_dec
<LI><a href="#[90]">&gt;&gt;</a>&nbsp;&nbsp;&nbsp;BMP085_Get_Altitude
<LI><a href="#[21e]">&gt;&gt;</a>&nbsp;&nbsp;&nbsp;test_sunriset
<LI><a href="#[56]">&gt;&gt;</a>&nbsp;&nbsp;&nbsp;menu_temp_change_display
<LI><a href="#[59]">&gt;&gt;</a>&nbsp;&nbsp;&nbsp;menu_speed_change_display
<LI><a href="#[5b]">&gt;&gt;</a>&nbsp;&nbsp;&nbsp;menu_home_display
<LI><a href="#[5c]">&gt;&gt;</a>&nbsp;&nbsp;&nbsp;menu_guiji_display
<LI><a href="#[58]">&gt;&gt;</a>&nbsp;&nbsp;&nbsp;menu_arruite_change_display
<LI><a href="#[57]">&gt;&gt;</a>&nbsp;&nbsp;&nbsp;menu_Pressure_display
<LI><a href="#[1d6]">&gt;&gt;</a>&nbsp;&nbsp;&nbsp;convert_u32_to_index
<LI><a href="#[1d5]">&gt;&gt;</a>&nbsp;&nbsp;&nbsp;convert_show_en
<LI><a href="#[15f]">&gt;&gt;</a>&nbsp;&nbsp;&nbsp;check_time
<LI><a href="#[fb]">&gt;&gt;</a>&nbsp;&nbsp;&nbsp;NMEA_GPRMC_Analysis
</UL>

<P><STRONG><a name="[69]"></a>__aeabi_fdiv</STRONG> (Thumb, 124 bytes, Stack size 8 bytes, fdiv.o(.text))
<BR><BR>[Stack]<UL><LI>Max Depth = 8<LI>Call Chain = __aeabi_fdiv
</UL>
<BR>[Calls]<UL><LI><a href="#[66]">&gt;&gt;</a>&nbsp;&nbsp;&nbsp;_float_round
</UL>
<BR>[Called By]<UL><LI><a href="#[ee]">&gt;&gt;</a>&nbsp;&nbsp;&nbsp;show_levev_space
<LI><a href="#[1d1]">&gt;&gt;</a>&nbsp;&nbsp;&nbsp;check_eeprom_init
<LI><a href="#[213]">&gt;&gt;</a>&nbsp;&nbsp;&nbsp;range
<LI><a href="#[202]">&gt;&gt;</a>&nbsp;&nbsp;&nbsp;quad
<LI><a href="#[23c]">&gt;&gt;</a>&nbsp;&nbsp;&nbsp;minisun
<LI><a href="#[23b]">&gt;&gt;</a>&nbsp;&nbsp;&nbsp;minimoon
<LI><a href="#[203]">&gt;&gt;</a>&nbsp;&nbsp;&nbsp;lmst
<LI><a href="#[209]">&gt;&gt;</a>&nbsp;&nbsp;&nbsp;get_angle
<LI><a href="#[ff]">&gt;&gt;</a>&nbsp;&nbsp;&nbsp;find_moonrise_set
<LI><a href="#[90]">&gt;&gt;</a>&nbsp;&nbsp;&nbsp;BMP085_Get_Altitude
<LI><a href="#[245]">&gt;&gt;</a>&nbsp;&nbsp;&nbsp;system_setting_item
<LI><a href="#[238]">&gt;&gt;</a>&nbsp;&nbsp;&nbsp;setting_index_23page
<LI><a href="#[22b]">&gt;&gt;</a>&nbsp;&nbsp;&nbsp;save_the_interest_place
<LI><a href="#[56]">&gt;&gt;</a>&nbsp;&nbsp;&nbsp;menu_temp_change_display
<LI><a href="#[59]">&gt;&gt;</a>&nbsp;&nbsp;&nbsp;menu_speed_change_display
<LI><a href="#[54]">&gt;&gt;</a>&nbsp;&nbsp;&nbsp;menu_real_speed_display
<LI><a href="#[55]">&gt;&gt;</a>&nbsp;&nbsp;&nbsp;menu_real_crood_display
<LI><a href="#[53]">&gt;&gt;</a>&nbsp;&nbsp;&nbsp;menu_main_display
<LI><a href="#[5b]">&gt;&gt;</a>&nbsp;&nbsp;&nbsp;menu_home_display
<LI><a href="#[5d]">&gt;&gt;</a>&nbsp;&nbsp;&nbsp;menu_chaoxi_display
<LI><a href="#[58]">&gt;&gt;</a>&nbsp;&nbsp;&nbsp;menu_arruite_change_display
<LI><a href="#[57]">&gt;&gt;</a>&nbsp;&nbsp;&nbsp;menu_Pressure_display
<LI><a href="#[20b]">&gt;&gt;</a>&nbsp;&nbsp;&nbsp;guji_Distance
<LI><a href="#[1d6]">&gt;&gt;</a>&nbsp;&nbsp;&nbsp;convert_u32_to_index
<LI><a href="#[1d5]">&gt;&gt;</a>&nbsp;&nbsp;&nbsp;convert_show_en
<LI><a href="#[1cc]">&gt;&gt;</a>&nbsp;&nbsp;&nbsp;buffer_Analysis
<LI><a href="#[15e]">&gt;&gt;</a>&nbsp;&nbsp;&nbsp;Recording_guji
<LI><a href="#[fb]">&gt;&gt;</a>&nbsp;&nbsp;&nbsp;NMEA_GPRMC_Analysis
</UL>

<P><STRONG><a name="[1ff]"></a>__ARM_scalbnf</STRONG> (Thumb, 24 bytes, Stack size 0 bytes, fscalb.o(.text))
<BR><BR>[Called By]<UL><LI><a href="#[202]">&gt;&gt;</a>&nbsp;&nbsp;&nbsp;quad
<LI><a href="#[23c]">&gt;&gt;</a>&nbsp;&nbsp;&nbsp;minisun
<LI><a href="#[23b]">&gt;&gt;</a>&nbsp;&nbsp;&nbsp;minimoon
<LI><a href="#[207]">&gt;&gt;</a>&nbsp;&nbsp;&nbsp;getDistanceVer2
<LI><a href="#[ff]">&gt;&gt;</a>&nbsp;&nbsp;&nbsp;find_moonrise_set
<LI><a href="#[56]">&gt;&gt;</a>&nbsp;&nbsp;&nbsp;menu_temp_change_display
<LI><a href="#[59]">&gt;&gt;</a>&nbsp;&nbsp;&nbsp;menu_speed_change_display
<LI><a href="#[58]">&gt;&gt;</a>&nbsp;&nbsp;&nbsp;menu_arruite_change_display
<LI><a href="#[57]">&gt;&gt;</a>&nbsp;&nbsp;&nbsp;menu_Pressure_display
</UL>

<P><STRONG><a name="[258]"></a>scalbnf</STRONG> (Thumb, 0 bytes, Stack size 0 bytes, fscalb.o(.text), UNUSED)

<P><STRONG><a name="[6a]"></a>__aeabi_dadd</STRONG> (Thumb, 322 bytes, Stack size 48 bytes, dadd.o(.text))
<BR><BR>[Stack]<UL><LI>Max Depth = 88<LI>Call Chain = __aeabi_dadd &rArr; _double_epilogue &rArr; _double_round
</UL>
<BR>[Calls]<UL><LI><a href="#[6c]">&gt;&gt;</a>&nbsp;&nbsp;&nbsp;__aeabi_lasr
<LI><a href="#[6b]">&gt;&gt;</a>&nbsp;&nbsp;&nbsp;__aeabi_llsl
<LI><a href="#[6e]">&gt;&gt;</a>&nbsp;&nbsp;&nbsp;_double_round
<LI><a href="#[6d]">&gt;&gt;</a>&nbsp;&nbsp;&nbsp;_double_epilogue
</UL>
<BR>[Called By]<UL><LI><a href="#[6f]">&gt;&gt;</a>&nbsp;&nbsp;&nbsp;__aeabi_dsub
<LI><a href="#[70]">&gt;&gt;</a>&nbsp;&nbsp;&nbsp;__aeabi_drsub
<LI><a href="#[24b]">&gt;&gt;</a>&nbsp;&nbsp;&nbsp;sunriset
<LI><a href="#[201]">&gt;&gt;</a>&nbsp;&nbsp;&nbsp;sin_alt
<LI><a href="#[fe]">&gt;&gt;</a>&nbsp;&nbsp;&nbsp;mjd
<LI><a href="#[23c]">&gt;&gt;</a>&nbsp;&nbsp;&nbsp;minisun
<LI><a href="#[23b]">&gt;&gt;</a>&nbsp;&nbsp;&nbsp;minimoon
<LI><a href="#[203]">&gt;&gt;</a>&nbsp;&nbsp;&nbsp;lmst
<LI><a href="#[207]">&gt;&gt;</a>&nbsp;&nbsp;&nbsp;getDistanceVer2
<LI><a href="#[206]">&gt;&gt;</a>&nbsp;&nbsp;&nbsp;frac
<LI><a href="#[24a]">&gt;&gt;</a>&nbsp;&nbsp;&nbsp;sunpos
<LI><a href="#[241]">&gt;&gt;</a>&nbsp;&nbsp;&nbsp;rev180
<LI><a href="#[56]">&gt;&gt;</a>&nbsp;&nbsp;&nbsp;menu_temp_change_display
<LI><a href="#[53]">&gt;&gt;</a>&nbsp;&nbsp;&nbsp;menu_main_display
<LI><a href="#[92]">&gt;&gt;</a>&nbsp;&nbsp;&nbsp;pow
<LI><a href="#[205]">&gt;&gt;</a>&nbsp;&nbsp;&nbsp;floor
<LI><a href="#[1cd]">&gt;&gt;</a>&nbsp;&nbsp;&nbsp;ceil
<LI><a href="#[1bb]">&gt;&gt;</a>&nbsp;&nbsp;&nbsp;atan2
<LI><a href="#[1ba]">&gt;&gt;</a>&nbsp;&nbsp;&nbsp;atan
<LI><a href="#[1b9]">&gt;&gt;</a>&nbsp;&nbsp;&nbsp;asin
<LI><a href="#[1b3]">&gt;&gt;</a>&nbsp;&nbsp;&nbsp;acos
<LI><a href="#[1ab]">&gt;&gt;</a>&nbsp;&nbsp;&nbsp;__kernel_sin
<LI><a href="#[1a7]">&gt;&gt;</a>&nbsp;&nbsp;&nbsp;__ieee754_rem_pio2
<LI><a href="#[1aa]">&gt;&gt;</a>&nbsp;&nbsp;&nbsp;__kernel_poly
<LI><a href="#[1ae]">&gt;&gt;</a>&nbsp;&nbsp;&nbsp;_fp_digits
</UL>

<P><STRONG><a name="[6f]"></a>__aeabi_dsub</STRONG> (Thumb, 6 bytes, Stack size 0 bytes, dadd.o(.text))
<BR><BR>[Stack]<UL><LI>Max Depth = 88<LI>Call Chain = __aeabi_dsub &rArr; __aeabi_dadd &rArr; _double_epilogue &rArr; _double_round
</UL>
<BR>[Calls]<UL><LI><a href="#[6a]">&gt;&gt;</a>&nbsp;&nbsp;&nbsp;__aeabi_dadd
</UL>
<BR>[Called By]<UL><LI><a href="#[24b]">&gt;&gt;</a>&nbsp;&nbsp;&nbsp;sunriset
<LI><a href="#[201]">&gt;&gt;</a>&nbsp;&nbsp;&nbsp;sin_alt
<LI><a href="#[202]">&gt;&gt;</a>&nbsp;&nbsp;&nbsp;quad
<LI><a href="#[fe]">&gt;&gt;</a>&nbsp;&nbsp;&nbsp;mjd
<LI><a href="#[203]">&gt;&gt;</a>&nbsp;&nbsp;&nbsp;lmst
<LI><a href="#[24a]">&gt;&gt;</a>&nbsp;&nbsp;&nbsp;sunpos
<LI><a href="#[242]">&gt;&gt;</a>&nbsp;&nbsp;&nbsp;revolution
<LI><a href="#[92]">&gt;&gt;</a>&nbsp;&nbsp;&nbsp;pow
<LI><a href="#[1bb]">&gt;&gt;</a>&nbsp;&nbsp;&nbsp;atan2
<LI><a href="#[1ba]">&gt;&gt;</a>&nbsp;&nbsp;&nbsp;atan
<LI><a href="#[1b9]">&gt;&gt;</a>&nbsp;&nbsp;&nbsp;asin
<LI><a href="#[1b3]">&gt;&gt;</a>&nbsp;&nbsp;&nbsp;acos
<LI><a href="#[1ab]">&gt;&gt;</a>&nbsp;&nbsp;&nbsp;__kernel_sin
<LI><a href="#[1a7]">&gt;&gt;</a>&nbsp;&nbsp;&nbsp;__ieee754_rem_pio2
<LI><a href="#[1a9]">&gt;&gt;</a>&nbsp;&nbsp;&nbsp;__kernel_cos
</UL>

<P><STRONG><a name="[70]"></a>__aeabi_drsub</STRONG> (Thumb, 6 bytes, Stack size 0 bytes, dadd.o(.text))
<BR><BR>[Stack]<UL><LI>Max Depth = 88<LI>Call Chain = __aeabi_drsub &rArr; __aeabi_dadd &rArr; _double_epilogue &rArr; _double_round
</UL>
<BR>[Calls]<UL><LI><a href="#[6a]">&gt;&gt;</a>&nbsp;&nbsp;&nbsp;__aeabi_dadd
</UL>
<BR>[Called By]<UL><LI><a href="#[24b]">&gt;&gt;</a>&nbsp;&nbsp;&nbsp;sunriset
<LI><a href="#[23b]">&gt;&gt;</a>&nbsp;&nbsp;&nbsp;minimoon
<LI><a href="#[24a]">&gt;&gt;</a>&nbsp;&nbsp;&nbsp;sunpos
<LI><a href="#[249]">&gt;&gt;</a>&nbsp;&nbsp;&nbsp;sun_RA_dec
<LI><a href="#[241]">&gt;&gt;</a>&nbsp;&nbsp;&nbsp;rev180
<LI><a href="#[9f]">&gt;&gt;</a>&nbsp;&nbsp;&nbsp;bmp085Convert
<LI><a href="#[92]">&gt;&gt;</a>&nbsp;&nbsp;&nbsp;pow
<LI><a href="#[205]">&gt;&gt;</a>&nbsp;&nbsp;&nbsp;floor
<LI><a href="#[1cd]">&gt;&gt;</a>&nbsp;&nbsp;&nbsp;ceil
<LI><a href="#[1bb]">&gt;&gt;</a>&nbsp;&nbsp;&nbsp;atan2
<LI><a href="#[1ba]">&gt;&gt;</a>&nbsp;&nbsp;&nbsp;atan
<LI><a href="#[1b9]">&gt;&gt;</a>&nbsp;&nbsp;&nbsp;asin
<LI><a href="#[1b3]">&gt;&gt;</a>&nbsp;&nbsp;&nbsp;acos
<LI><a href="#[1ab]">&gt;&gt;</a>&nbsp;&nbsp;&nbsp;__kernel_sin
<LI><a href="#[1a7]">&gt;&gt;</a>&nbsp;&nbsp;&nbsp;__ieee754_rem_pio2
<LI><a href="#[1a9]">&gt;&gt;</a>&nbsp;&nbsp;&nbsp;__kernel_cos
</UL>

<P><STRONG><a name="[71]"></a>__aeabi_dmul</STRONG> (Thumb, 228 bytes, Stack size 48 bytes, dmul.o(.text))
<BR><BR>[Stack]<UL><LI>Max Depth = 88<LI>Call Chain = __aeabi_dmul &rArr; _double_epilogue &rArr; _double_round
</UL>
<BR>[Calls]<UL><LI><a href="#[6d]">&gt;&gt;</a>&nbsp;&nbsp;&nbsp;_double_epilogue
</UL>
<BR>[Called By]<UL><LI><a href="#[1d1]">&gt;&gt;</a>&nbsp;&nbsp;&nbsp;check_eeprom_init
<LI><a href="#[24b]">&gt;&gt;</a>&nbsp;&nbsp;&nbsp;sunriset
<LI><a href="#[201]">&gt;&gt;</a>&nbsp;&nbsp;&nbsp;sin_alt
<LI><a href="#[208]">&gt;&gt;</a>&nbsp;&nbsp;&nbsp;rad
<LI><a href="#[202]">&gt;&gt;</a>&nbsp;&nbsp;&nbsp;quad
<LI><a href="#[21f]">&gt;&gt;</a>&nbsp;&nbsp;&nbsp;moon_test
<LI><a href="#[fe]">&gt;&gt;</a>&nbsp;&nbsp;&nbsp;mjd
<LI><a href="#[23c]">&gt;&gt;</a>&nbsp;&nbsp;&nbsp;minisun
<LI><a href="#[23b]">&gt;&gt;</a>&nbsp;&nbsp;&nbsp;minimoon
<LI><a href="#[203]">&gt;&gt;</a>&nbsp;&nbsp;&nbsp;lmst
<LI><a href="#[209]">&gt;&gt;</a>&nbsp;&nbsp;&nbsp;get_angle
<LI><a href="#[207]">&gt;&gt;</a>&nbsp;&nbsp;&nbsp;getDistanceVer2
<LI><a href="#[24a]">&gt;&gt;</a>&nbsp;&nbsp;&nbsp;sunpos
<LI><a href="#[249]">&gt;&gt;</a>&nbsp;&nbsp;&nbsp;sun_RA_dec
<LI><a href="#[242]">&gt;&gt;</a>&nbsp;&nbsp;&nbsp;revolution
<LI><a href="#[241]">&gt;&gt;</a>&nbsp;&nbsp;&nbsp;rev180
<LI><a href="#[245]">&gt;&gt;</a>&nbsp;&nbsp;&nbsp;system_setting_item
<LI><a href="#[238]">&gt;&gt;</a>&nbsp;&nbsp;&nbsp;setting_index_23page
<LI><a href="#[56]">&gt;&gt;</a>&nbsp;&nbsp;&nbsp;menu_temp_change_display
<LI><a href="#[53]">&gt;&gt;</a>&nbsp;&nbsp;&nbsp;menu_main_display
<LI><a href="#[5c]">&gt;&gt;</a>&nbsp;&nbsp;&nbsp;menu_guiji_display
<LI><a href="#[20b]">&gt;&gt;</a>&nbsp;&nbsp;&nbsp;guji_Distance
<LI><a href="#[9f]">&gt;&gt;</a>&nbsp;&nbsp;&nbsp;bmp085Convert
<LI><a href="#[92]">&gt;&gt;</a>&nbsp;&nbsp;&nbsp;pow
<LI><a href="#[1ba]">&gt;&gt;</a>&nbsp;&nbsp;&nbsp;atan
<LI><a href="#[1b9]">&gt;&gt;</a>&nbsp;&nbsp;&nbsp;asin
<LI><a href="#[1b3]">&gt;&gt;</a>&nbsp;&nbsp;&nbsp;acos
<LI><a href="#[1ab]">&gt;&gt;</a>&nbsp;&nbsp;&nbsp;__kernel_sin
<LI><a href="#[1a7]">&gt;&gt;</a>&nbsp;&nbsp;&nbsp;__ieee754_rem_pio2
<LI><a href="#[1aa]">&gt;&gt;</a>&nbsp;&nbsp;&nbsp;__kernel_poly
<LI><a href="#[1a9]">&gt;&gt;</a>&nbsp;&nbsp;&nbsp;__kernel_cos
<LI><a href="#[1ae]">&gt;&gt;</a>&nbsp;&nbsp;&nbsp;_fp_digits
</UL>

<P><STRONG><a name="[72]"></a>__aeabi_ddiv</STRONG> (Thumb, 222 bytes, Stack size 32 bytes, ddiv.o(.text))
<BR><BR>[Stack]<UL><LI>Max Depth = 40<LI>Call Chain = __aeabi_ddiv &rArr; _double_round
</UL>
<BR>[Calls]<UL><LI><a href="#[6e]">&gt;&gt;</a>&nbsp;&nbsp;&nbsp;_double_round
</UL>
<BR>[Called By]<UL><LI><a href="#[1d1]">&gt;&gt;</a>&nbsp;&nbsp;&nbsp;check_eeprom_init
<LI><a href="#[24b]">&gt;&gt;</a>&nbsp;&nbsp;&nbsp;sunriset
<LI><a href="#[201]">&gt;&gt;</a>&nbsp;&nbsp;&nbsp;sin_alt
<LI><a href="#[208]">&gt;&gt;</a>&nbsp;&nbsp;&nbsp;rad
<LI><a href="#[202]">&gt;&gt;</a>&nbsp;&nbsp;&nbsp;quad
<LI><a href="#[fe]">&gt;&gt;</a>&nbsp;&nbsp;&nbsp;mjd
<LI><a href="#[23c]">&gt;&gt;</a>&nbsp;&nbsp;&nbsp;minisun
<LI><a href="#[23b]">&gt;&gt;</a>&nbsp;&nbsp;&nbsp;minimoon
<LI><a href="#[203]">&gt;&gt;</a>&nbsp;&nbsp;&nbsp;lmst
<LI><a href="#[209]">&gt;&gt;</a>&nbsp;&nbsp;&nbsp;get_angle
<LI><a href="#[238]">&gt;&gt;</a>&nbsp;&nbsp;&nbsp;setting_index_23page
<LI><a href="#[59]">&gt;&gt;</a>&nbsp;&nbsp;&nbsp;menu_speed_change_display
<LI><a href="#[220]">&gt;&gt;</a>&nbsp;&nbsp;&nbsp;menu_setting_control
<LI><a href="#[54]">&gt;&gt;</a>&nbsp;&nbsp;&nbsp;menu_real_speed_display
<LI><a href="#[53]">&gt;&gt;</a>&nbsp;&nbsp;&nbsp;menu_main_display
<LI><a href="#[5b]">&gt;&gt;</a>&nbsp;&nbsp;&nbsp;menu_home_display
<LI><a href="#[5c]">&gt;&gt;</a>&nbsp;&nbsp;&nbsp;menu_guiji_display
<LI><a href="#[58]">&gt;&gt;</a>&nbsp;&nbsp;&nbsp;menu_arruite_change_display
<LI><a href="#[57]">&gt;&gt;</a>&nbsp;&nbsp;&nbsp;menu_Pressure_display
<LI><a href="#[200]">&gt;&gt;</a>&nbsp;&nbsp;&nbsp;sin
<LI><a href="#[92]">&gt;&gt;</a>&nbsp;&nbsp;&nbsp;pow
<LI><a href="#[1d7]">&gt;&gt;</a>&nbsp;&nbsp;&nbsp;cos
<LI><a href="#[1bb]">&gt;&gt;</a>&nbsp;&nbsp;&nbsp;atan2
<LI><a href="#[1ba]">&gt;&gt;</a>&nbsp;&nbsp;&nbsp;atan
<LI><a href="#[1b9]">&gt;&gt;</a>&nbsp;&nbsp;&nbsp;asin
<LI><a href="#[1b3]">&gt;&gt;</a>&nbsp;&nbsp;&nbsp;acos
<LI><a href="#[1ae]">&gt;&gt;</a>&nbsp;&nbsp;&nbsp;_fp_digits
</UL>

<P><STRONG><a name="[1a8]"></a>__ARM_scalbn</STRONG> (Thumb, 46 bytes, Stack size 16 bytes, dscalb.o(.text))
<BR><BR>[Stack]<UL><LI>Max Depth = 16<LI>Call Chain = __ARM_scalbn
</UL>
<BR>[Called By]<UL><LI><a href="#[202]">&gt;&gt;</a>&nbsp;&nbsp;&nbsp;quad
<LI><a href="#[207]">&gt;&gt;</a>&nbsp;&nbsp;&nbsp;getDistanceVer2
<LI><a href="#[5c]">&gt;&gt;</a>&nbsp;&nbsp;&nbsp;menu_guiji_display
<LI><a href="#[200]">&gt;&gt;</a>&nbsp;&nbsp;&nbsp;sin
<LI><a href="#[92]">&gt;&gt;</a>&nbsp;&nbsp;&nbsp;pow
<LI><a href="#[1d7]">&gt;&gt;</a>&nbsp;&nbsp;&nbsp;cos
<LI><a href="#[1ba]">&gt;&gt;</a>&nbsp;&nbsp;&nbsp;atan
<LI><a href="#[1b9]">&gt;&gt;</a>&nbsp;&nbsp;&nbsp;asin
<LI><a href="#[1b3]">&gt;&gt;</a>&nbsp;&nbsp;&nbsp;acos
<LI><a href="#[1ab]">&gt;&gt;</a>&nbsp;&nbsp;&nbsp;__kernel_sin
<LI><a href="#[1a7]">&gt;&gt;</a>&nbsp;&nbsp;&nbsp;__ieee754_rem_pio2
<LI><a href="#[1ad]">&gt;&gt;</a>&nbsp;&nbsp;&nbsp;__mathlib_dbl_underflow
<LI><a href="#[1a9]">&gt;&gt;</a>&nbsp;&nbsp;&nbsp;__kernel_cos
</UL>

<P><STRONG><a name="[259]"></a>scalbn</STRONG> (Thumb, 0 bytes, Stack size 16 bytes, dscalb.o(.text), UNUSED)

<P><STRONG><a name="[73]"></a>__aeabi_i2f</STRONG> (Thumb, 18 bytes, Stack size 0 bytes, fflti.o(.text))
<BR><BR>[Stack]<UL><LI>Max Depth = 4<LI>Call Chain = __aeabi_i2f &rArr; _float_epilogue
</UL>
<BR>[Calls]<UL><LI><a href="#[65]">&gt;&gt;</a>&nbsp;&nbsp;&nbsp;_float_epilogue
</UL>
<BR>[Called By]<UL><LI><a href="#[1d1]">&gt;&gt;</a>&nbsp;&nbsp;&nbsp;check_eeprom_init
<LI><a href="#[206]">&gt;&gt;</a>&nbsp;&nbsp;&nbsp;frac
<LI><a href="#[ff]">&gt;&gt;</a>&nbsp;&nbsp;&nbsp;find_moonrise_set
<LI><a href="#[90]">&gt;&gt;</a>&nbsp;&nbsp;&nbsp;BMP085_Get_Altitude
<LI><a href="#[21e]">&gt;&gt;</a>&nbsp;&nbsp;&nbsp;test_sunriset
<LI><a href="#[245]">&gt;&gt;</a>&nbsp;&nbsp;&nbsp;system_setting_item
<LI><a href="#[238]">&gt;&gt;</a>&nbsp;&nbsp;&nbsp;setting_index_23page
<LI><a href="#[56]">&gt;&gt;</a>&nbsp;&nbsp;&nbsp;menu_temp_change_display
<LI><a href="#[59]">&gt;&gt;</a>&nbsp;&nbsp;&nbsp;menu_speed_change_display
<LI><a href="#[53]">&gt;&gt;</a>&nbsp;&nbsp;&nbsp;menu_main_display
<LI><a href="#[5b]">&gt;&gt;</a>&nbsp;&nbsp;&nbsp;menu_home_display
<LI><a href="#[58]">&gt;&gt;</a>&nbsp;&nbsp;&nbsp;menu_arruite_change_display
<LI><a href="#[57]">&gt;&gt;</a>&nbsp;&nbsp;&nbsp;menu_Pressure_display
</UL>

<P><STRONG><a name="[74]"></a>__aeabi_ui2f</STRONG> (Thumb, 10 bytes, Stack size 0 bytes, ffltui.o(.text))
<BR><BR>[Stack]<UL><LI>Max Depth = 4<LI>Call Chain = __aeabi_ui2f &rArr; _float_epilogue
</UL>
<BR>[Calls]<UL><LI><a href="#[65]">&gt;&gt;</a>&nbsp;&nbsp;&nbsp;_float_epilogue
</UL>
<BR>[Called By]<UL><LI><a href="#[ee]">&gt;&gt;</a>&nbsp;&nbsp;&nbsp;show_levev_space
<LI><a href="#[22b]">&gt;&gt;</a>&nbsp;&nbsp;&nbsp;save_the_interest_place
<LI><a href="#[21b]">&gt;&gt;</a>&nbsp;&nbsp;&nbsp;menu_status_dispplay
<LI><a href="#[59]">&gt;&gt;</a>&nbsp;&nbsp;&nbsp;menu_speed_change_display
<LI><a href="#[54]">&gt;&gt;</a>&nbsp;&nbsp;&nbsp;menu_real_speed_display
<LI><a href="#[55]">&gt;&gt;</a>&nbsp;&nbsp;&nbsp;menu_real_crood_display
<LI><a href="#[5b]">&gt;&gt;</a>&nbsp;&nbsp;&nbsp;menu_home_display
<LI><a href="#[5c]">&gt;&gt;</a>&nbsp;&nbsp;&nbsp;menu_guiji_display
<LI><a href="#[5d]">&gt;&gt;</a>&nbsp;&nbsp;&nbsp;menu_chaoxi_display
<LI><a href="#[20b]">&gt;&gt;</a>&nbsp;&nbsp;&nbsp;guji_Distance
<LI><a href="#[1d6]">&gt;&gt;</a>&nbsp;&nbsp;&nbsp;convert_u32_to_index
<LI><a href="#[1d5]">&gt;&gt;</a>&nbsp;&nbsp;&nbsp;convert_show_en
<LI><a href="#[1cc]">&gt;&gt;</a>&nbsp;&nbsp;&nbsp;buffer_Analysis
<LI><a href="#[15e]">&gt;&gt;</a>&nbsp;&nbsp;&nbsp;Recording_guji
<LI><a href="#[fb]">&gt;&gt;</a>&nbsp;&nbsp;&nbsp;NMEA_GPRMC_Analysis
</UL>

<P><STRONG><a name="[75]"></a>__aeabi_i2d</STRONG> (Thumb, 34 bytes, Stack size 16 bytes, dflti.o(.text))
<BR><BR>[Stack]<UL><LI>Max Depth = 56<LI>Call Chain = __aeabi_i2d &rArr; _double_epilogue &rArr; _double_round
</UL>
<BR>[Calls]<UL><LI><a href="#[6d]">&gt;&gt;</a>&nbsp;&nbsp;&nbsp;_double_epilogue
</UL>
<BR>[Called By]<UL><LI><a href="#[24b]">&gt;&gt;</a>&nbsp;&nbsp;&nbsp;sunriset
<LI><a href="#[fe]">&gt;&gt;</a>&nbsp;&nbsp;&nbsp;mjd
<LI><a href="#[245]">&gt;&gt;</a>&nbsp;&nbsp;&nbsp;system_setting_item
<LI><a href="#[238]">&gt;&gt;</a>&nbsp;&nbsp;&nbsp;setting_index_23page
<LI><a href="#[56]">&gt;&gt;</a>&nbsp;&nbsp;&nbsp;menu_temp_change_display
<LI><a href="#[220]">&gt;&gt;</a>&nbsp;&nbsp;&nbsp;menu_setting_control
<LI><a href="#[54]">&gt;&gt;</a>&nbsp;&nbsp;&nbsp;menu_real_speed_display
<LI><a href="#[53]">&gt;&gt;</a>&nbsp;&nbsp;&nbsp;menu_main_display
<LI><a href="#[58]">&gt;&gt;</a>&nbsp;&nbsp;&nbsp;menu_arruite_change_display
<LI><a href="#[57]">&gt;&gt;</a>&nbsp;&nbsp;&nbsp;menu_Pressure_display
<LI><a href="#[9f]">&gt;&gt;</a>&nbsp;&nbsp;&nbsp;bmp085Convert
<LI><a href="#[92]">&gt;&gt;</a>&nbsp;&nbsp;&nbsp;pow
<LI><a href="#[1a7]">&gt;&gt;</a>&nbsp;&nbsp;&nbsp;__ieee754_rem_pio2
</UL>

<P><STRONG><a name="[76]"></a>__aeabi_ui2d</STRONG> (Thumb, 26 bytes, Stack size 16 bytes, dfltui.o(.text))
<BR><BR>[Stack]<UL><LI>Max Depth = 56<LI>Call Chain = __aeabi_ui2d &rArr; _double_epilogue &rArr; _double_round
</UL>
<BR>[Calls]<UL><LI><a href="#[6d]">&gt;&gt;</a>&nbsp;&nbsp;&nbsp;_double_epilogue
</UL>
<BR>[Called By]<UL><LI><a href="#[1d1]">&gt;&gt;</a>&nbsp;&nbsp;&nbsp;check_eeprom_init
<LI><a href="#[21f]">&gt;&gt;</a>&nbsp;&nbsp;&nbsp;moon_test
<LI><a href="#[5c]">&gt;&gt;</a>&nbsp;&nbsp;&nbsp;menu_guiji_display
<LI><a href="#[1a7]">&gt;&gt;</a>&nbsp;&nbsp;&nbsp;__ieee754_rem_pio2
</UL>

<P><STRONG><a name="[94]"></a>__aeabi_f2iz</STRONG> (Thumb, 50 bytes, Stack size 0 bytes, ffixi.o(.text))
<BR><BR>[Called By]<UL><LI><a href="#[206]">&gt;&gt;</a>&nbsp;&nbsp;&nbsp;frac
<LI><a href="#[90]">&gt;&gt;</a>&nbsp;&nbsp;&nbsp;BMP085_Get_Altitude
<LI><a href="#[21e]">&gt;&gt;</a>&nbsp;&nbsp;&nbsp;test_sunriset
<LI><a href="#[245]">&gt;&gt;</a>&nbsp;&nbsp;&nbsp;system_setting_item
<LI><a href="#[56]">&gt;&gt;</a>&nbsp;&nbsp;&nbsp;menu_temp_change_display
<LI><a href="#[59]">&gt;&gt;</a>&nbsp;&nbsp;&nbsp;menu_speed_change_display
<LI><a href="#[58]">&gt;&gt;</a>&nbsp;&nbsp;&nbsp;menu_arruite_change_display
<LI><a href="#[57]">&gt;&gt;</a>&nbsp;&nbsp;&nbsp;menu_Pressure_display
<LI><a href="#[15f]">&gt;&gt;</a>&nbsp;&nbsp;&nbsp;check_time
</UL>

<P><STRONG><a name="[138]"></a>__aeabi_f2uiz</STRONG> (Thumb, 40 bytes, Stack size 0 bytes, ffixui.o(.text))
<BR><BR>[Called By]<UL><LI><a href="#[ee]">&gt;&gt;</a>&nbsp;&nbsp;&nbsp;show_levev_space
<LI><a href="#[21f]">&gt;&gt;</a>&nbsp;&nbsp;&nbsp;moon_test
<LI><a href="#[59]">&gt;&gt;</a>&nbsp;&nbsp;&nbsp;menu_speed_change_display
<LI><a href="#[54]">&gt;&gt;</a>&nbsp;&nbsp;&nbsp;menu_real_speed_display
<LI><a href="#[5b]">&gt;&gt;</a>&nbsp;&nbsp;&nbsp;menu_home_display
<LI><a href="#[5c]">&gt;&gt;</a>&nbsp;&nbsp;&nbsp;menu_guiji_display
<LI><a href="#[1d6]">&gt;&gt;</a>&nbsp;&nbsp;&nbsp;convert_u32_to_index
<LI><a href="#[1d5]">&gt;&gt;</a>&nbsp;&nbsp;&nbsp;convert_show_en
<LI><a href="#[fb]">&gt;&gt;</a>&nbsp;&nbsp;&nbsp;NMEA_GPRMC_Analysis
</UL>

<P><STRONG><a name="[77]"></a>__aeabi_d2iz</STRONG> (Thumb, 62 bytes, Stack size 16 bytes, dfixi.o(.text))
<BR><BR>[Stack]<UL><LI>Max Depth = 16<LI>Call Chain = __aeabi_d2iz
</UL>
<BR>[Calls]<UL><LI><a href="#[78]">&gt;&gt;</a>&nbsp;&nbsp;&nbsp;__aeabi_llsr
</UL>
<BR>[Called By]<UL><LI><a href="#[56]">&gt;&gt;</a>&nbsp;&nbsp;&nbsp;menu_temp_change_display
<LI><a href="#[220]">&gt;&gt;</a>&nbsp;&nbsp;&nbsp;menu_setting_control
<LI><a href="#[54]">&gt;&gt;</a>&nbsp;&nbsp;&nbsp;menu_real_speed_display
<LI><a href="#[53]">&gt;&gt;</a>&nbsp;&nbsp;&nbsp;menu_main_display
<LI><a href="#[9f]">&gt;&gt;</a>&nbsp;&nbsp;&nbsp;bmp085Convert
<LI><a href="#[1a7]">&gt;&gt;</a>&nbsp;&nbsp;&nbsp;__ieee754_rem_pio2
<LI><a href="#[1a9]">&gt;&gt;</a>&nbsp;&nbsp;&nbsp;__kernel_cos
</UL>

<P><STRONG><a name="[79]"></a>__aeabi_d2uiz</STRONG> (Thumb, 50 bytes, Stack size 8 bytes, dfixui.o(.text))
<BR><BR>[Stack]<UL><LI>Max Depth = 8<LI>Call Chain = __aeabi_d2uiz
</UL>
<BR>[Calls]<UL><LI><a href="#[78]">&gt;&gt;</a>&nbsp;&nbsp;&nbsp;__aeabi_llsr
</UL>
<BR>[Called By]<UL><LI><a href="#[1d1]">&gt;&gt;</a>&nbsp;&nbsp;&nbsp;check_eeprom_init
<LI><a href="#[21f]">&gt;&gt;</a>&nbsp;&nbsp;&nbsp;moon_test
<LI><a href="#[238]">&gt;&gt;</a>&nbsp;&nbsp;&nbsp;setting_index_23page
<LI><a href="#[5b]">&gt;&gt;</a>&nbsp;&nbsp;&nbsp;menu_home_display
<LI><a href="#[5c]">&gt;&gt;</a>&nbsp;&nbsp;&nbsp;menu_guiji_display
</UL>

<P><STRONG><a name="[91]"></a>__aeabi_f2d</STRONG> (Thumb, 38 bytes, Stack size 0 bytes, f2d.o(.text))
<BR><BR>[Called By]<UL><LI><a href="#[1d1]">&gt;&gt;</a>&nbsp;&nbsp;&nbsp;check_eeprom_init
<LI><a href="#[24b]">&gt;&gt;</a>&nbsp;&nbsp;&nbsp;sunriset
<LI><a href="#[201]">&gt;&gt;</a>&nbsp;&nbsp;&nbsp;sin_alt
<LI><a href="#[208]">&gt;&gt;</a>&nbsp;&nbsp;&nbsp;rad
<LI><a href="#[202]">&gt;&gt;</a>&nbsp;&nbsp;&nbsp;quad
<LI><a href="#[fe]">&gt;&gt;</a>&nbsp;&nbsp;&nbsp;mjd
<LI><a href="#[23c]">&gt;&gt;</a>&nbsp;&nbsp;&nbsp;minisun
<LI><a href="#[23b]">&gt;&gt;</a>&nbsp;&nbsp;&nbsp;minimoon
<LI><a href="#[203]">&gt;&gt;</a>&nbsp;&nbsp;&nbsp;lmst
<LI><a href="#[211]">&gt;&gt;</a>&nbsp;&nbsp;&nbsp;ipart
<LI><a href="#[209]">&gt;&gt;</a>&nbsp;&nbsp;&nbsp;get_angle
<LI><a href="#[207]">&gt;&gt;</a>&nbsp;&nbsp;&nbsp;getDistanceVer2
<LI><a href="#[206]">&gt;&gt;</a>&nbsp;&nbsp;&nbsp;frac
<LI><a href="#[ff]">&gt;&gt;</a>&nbsp;&nbsp;&nbsp;find_moonrise_set
<LI><a href="#[24a]">&gt;&gt;</a>&nbsp;&nbsp;&nbsp;sunpos
<LI><a href="#[249]">&gt;&gt;</a>&nbsp;&nbsp;&nbsp;sun_RA_dec
<LI><a href="#[242]">&gt;&gt;</a>&nbsp;&nbsp;&nbsp;revolution
<LI><a href="#[241]">&gt;&gt;</a>&nbsp;&nbsp;&nbsp;rev180
<LI><a href="#[90]">&gt;&gt;</a>&nbsp;&nbsp;&nbsp;BMP085_Get_Altitude
<LI><a href="#[245]">&gt;&gt;</a>&nbsp;&nbsp;&nbsp;system_setting_item
<LI><a href="#[238]">&gt;&gt;</a>&nbsp;&nbsp;&nbsp;setting_index_23page
<LI><a href="#[22b]">&gt;&gt;</a>&nbsp;&nbsp;&nbsp;save_the_interest_place
<LI><a href="#[56]">&gt;&gt;</a>&nbsp;&nbsp;&nbsp;menu_temp_change_display
<LI><a href="#[59]">&gt;&gt;</a>&nbsp;&nbsp;&nbsp;menu_speed_change_display
<LI><a href="#[54]">&gt;&gt;</a>&nbsp;&nbsp;&nbsp;menu_real_speed_display
<LI><a href="#[55]">&gt;&gt;</a>&nbsp;&nbsp;&nbsp;menu_real_crood_display
<LI><a href="#[53]">&gt;&gt;</a>&nbsp;&nbsp;&nbsp;menu_main_display
<LI><a href="#[5b]">&gt;&gt;</a>&nbsp;&nbsp;&nbsp;menu_home_display
<LI><a href="#[5c]">&gt;&gt;</a>&nbsp;&nbsp;&nbsp;menu_guiji_display
<LI><a href="#[57]">&gt;&gt;</a>&nbsp;&nbsp;&nbsp;menu_Pressure_display
<LI><a href="#[20b]">&gt;&gt;</a>&nbsp;&nbsp;&nbsp;guji_Distance
<LI><a href="#[1d6]">&gt;&gt;</a>&nbsp;&nbsp;&nbsp;convert_u32_to_index
<LI><a href="#[1d5]">&gt;&gt;</a>&nbsp;&nbsp;&nbsp;convert_show_en
<LI><a href="#[15f]">&gt;&gt;</a>&nbsp;&nbsp;&nbsp;check_time
<LI><a href="#[1cc]">&gt;&gt;</a>&nbsp;&nbsp;&nbsp;buffer_Analysis
</UL>

<P><STRONG><a name="[25a]"></a>__aeabi_cdcmpeq</STRONG> (Thumb, 0 bytes, Stack size 0 bytes, cdcmple.o(.text), UNUSED)

<P><STRONG><a name="[229]"></a>__aeabi_cdcmple</STRONG> (Thumb, 38 bytes, Stack size 0 bytes, cdcmple.o(.text))
<BR><BR>[Called By]<UL><LI><a href="#[5b]">&gt;&gt;</a>&nbsp;&nbsp;&nbsp;menu_home_display
</UL>

<P><STRONG><a name="[1af]"></a>__aeabi_cdrcmple</STRONG> (Thumb, 38 bytes, Stack size 0 bytes, cdrcmple.o(.text))
<BR><BR>[Called By]<UL><LI><a href="#[5b]">&gt;&gt;</a>&nbsp;&nbsp;&nbsp;menu_home_display
<LI><a href="#[5c]">&gt;&gt;</a>&nbsp;&nbsp;&nbsp;menu_guiji_display
<LI><a href="#[92]">&gt;&gt;</a>&nbsp;&nbsp;&nbsp;pow
<LI><a href="#[205]">&gt;&gt;</a>&nbsp;&nbsp;&nbsp;floor
<LI><a href="#[1cd]">&gt;&gt;</a>&nbsp;&nbsp;&nbsp;ceil
<LI><a href="#[1ae]">&gt;&gt;</a>&nbsp;&nbsp;&nbsp;_fp_digits
</UL>

<P><STRONG><a name="[7a]"></a>__aeabi_d2f</STRONG> (Thumb, 56 bytes, Stack size 8 bytes, d2f.o(.text))
<BR><BR>[Stack]<UL><LI>Max Depth = 8<LI>Call Chain = __aeabi_d2f
</UL>
<BR>[Calls]<UL><LI><a href="#[66]">&gt;&gt;</a>&nbsp;&nbsp;&nbsp;_float_round
</UL>
<BR>[Called By]<UL><LI><a href="#[24b]">&gt;&gt;</a>&nbsp;&nbsp;&nbsp;sunriset
<LI><a href="#[201]">&gt;&gt;</a>&nbsp;&nbsp;&nbsp;sin_alt
<LI><a href="#[208]">&gt;&gt;</a>&nbsp;&nbsp;&nbsp;rad
<LI><a href="#[202]">&gt;&gt;</a>&nbsp;&nbsp;&nbsp;quad
<LI><a href="#[fe]">&gt;&gt;</a>&nbsp;&nbsp;&nbsp;mjd
<LI><a href="#[23c]">&gt;&gt;</a>&nbsp;&nbsp;&nbsp;minisun
<LI><a href="#[23b]">&gt;&gt;</a>&nbsp;&nbsp;&nbsp;minimoon
<LI><a href="#[203]">&gt;&gt;</a>&nbsp;&nbsp;&nbsp;lmst
<LI><a href="#[211]">&gt;&gt;</a>&nbsp;&nbsp;&nbsp;ipart
<LI><a href="#[209]">&gt;&gt;</a>&nbsp;&nbsp;&nbsp;get_angle
<LI><a href="#[207]">&gt;&gt;</a>&nbsp;&nbsp;&nbsp;getDistanceVer2
<LI><a href="#[206]">&gt;&gt;</a>&nbsp;&nbsp;&nbsp;frac
<LI><a href="#[ff]">&gt;&gt;</a>&nbsp;&nbsp;&nbsp;find_moonrise_set
<LI><a href="#[24a]">&gt;&gt;</a>&nbsp;&nbsp;&nbsp;sunpos
<LI><a href="#[249]">&gt;&gt;</a>&nbsp;&nbsp;&nbsp;sun_RA_dec
<LI><a href="#[242]">&gt;&gt;</a>&nbsp;&nbsp;&nbsp;revolution
<LI><a href="#[241]">&gt;&gt;</a>&nbsp;&nbsp;&nbsp;rev180
<LI><a href="#[90]">&gt;&gt;</a>&nbsp;&nbsp;&nbsp;BMP085_Get_Altitude
<LI><a href="#[245]">&gt;&gt;</a>&nbsp;&nbsp;&nbsp;system_setting_item
<LI><a href="#[56]">&gt;&gt;</a>&nbsp;&nbsp;&nbsp;menu_temp_change_display
<LI><a href="#[53]">&gt;&gt;</a>&nbsp;&nbsp;&nbsp;menu_main_display
<LI><a href="#[57]">&gt;&gt;</a>&nbsp;&nbsp;&nbsp;menu_Pressure_display
<LI><a href="#[20b]">&gt;&gt;</a>&nbsp;&nbsp;&nbsp;guji_Distance
</UL>

<P><STRONG><a name="[20d]"></a>__aeabi_cfrcmple</STRONG> (Thumb, 20 bytes, Stack size 0 bytes, cfrcmple.o(.text))
<BR><BR>[Called By]<UL><LI><a href="#[245]">&gt;&gt;</a>&nbsp;&nbsp;&nbsp;system_setting_item
<LI><a href="#[20b]">&gt;&gt;</a>&nbsp;&nbsp;&nbsp;guji_Distance
</UL>

<P><STRONG><a name="[25b]"></a>__aeabi_uidiv</STRONG> (Thumb, 0 bytes, Stack size 12 bytes, uidiv.o(.text), UNUSED)

<P><STRONG><a name="[1b2]"></a>__aeabi_uidivmod</STRONG> (Thumb, 44 bytes, Stack size 12 bytes, uidiv.o(.text), UNUSED)
<BR><BR>[Called By]<UL><LI><a href="#[1a5]">&gt;&gt;</a>&nbsp;&nbsp;&nbsp;_printf_core
</UL>

<P><STRONG><a name="[7b]"></a>__aeabi_uldivmod</STRONG> (Thumb, 98 bytes, Stack size 40 bytes, uldiv.o(.text), UNUSED)
<BR><BR>[Calls]<UL><LI><a href="#[78]">&gt;&gt;</a>&nbsp;&nbsp;&nbsp;__aeabi_llsr
<LI><a href="#[6b]">&gt;&gt;</a>&nbsp;&nbsp;&nbsp;__aeabi_llsl
</UL>
<BR>[Called By]<UL><LI><a href="#[1a5]">&gt;&gt;</a>&nbsp;&nbsp;&nbsp;_printf_core
<LI><a href="#[1ae]">&gt;&gt;</a>&nbsp;&nbsp;&nbsp;_fp_digits
</UL>

<P><STRONG><a name="[6b]"></a>__aeabi_llsl</STRONG> (Thumb, 30 bytes, Stack size 0 bytes, llshl.o(.text))
<BR><BR>[Called By]<UL><LI><a href="#[6a]">&gt;&gt;</a>&nbsp;&nbsp;&nbsp;__aeabi_dadd
<LI><a href="#[7b]">&gt;&gt;</a>&nbsp;&nbsp;&nbsp;__aeabi_uldivmod
<LI><a href="#[6d]">&gt;&gt;</a>&nbsp;&nbsp;&nbsp;_double_epilogue
<LI><a href="#[7d]">&gt;&gt;</a>&nbsp;&nbsp;&nbsp;__aeabi_d2ulz
</UL>

<P><STRONG><a name="[25c]"></a>_ll_shift_l</STRONG> (Thumb, 0 bytes, Stack size 0 bytes, llshl.o(.text), UNUSED)

<P><STRONG><a name="[78]"></a>__aeabi_llsr</STRONG> (Thumb, 32 bytes, Stack size 0 bytes, llushr.o(.text))
<BR><BR>[Called By]<UL><LI><a href="#[79]">&gt;&gt;</a>&nbsp;&nbsp;&nbsp;__aeabi_d2uiz
<LI><a href="#[77]">&gt;&gt;</a>&nbsp;&nbsp;&nbsp;__aeabi_d2iz
<LI><a href="#[7c]">&gt;&gt;</a>&nbsp;&nbsp;&nbsp;_dsqrt
<LI><a href="#[7b]">&gt;&gt;</a>&nbsp;&nbsp;&nbsp;__aeabi_uldivmod
<LI><a href="#[6d]">&gt;&gt;</a>&nbsp;&nbsp;&nbsp;_double_epilogue
<LI><a href="#[7d]">&gt;&gt;</a>&nbsp;&nbsp;&nbsp;__aeabi_d2ulz
</UL>

<P><STRONG><a name="[25d]"></a>_ll_ushift_r</STRONG> (Thumb, 0 bytes, Stack size 0 bytes, llushr.o(.text), UNUSED)

<P><STRONG><a name="[6c]"></a>__aeabi_lasr</STRONG> (Thumb, 36 bytes, Stack size 0 bytes, llsshr.o(.text))
<BR><BR>[Called By]<UL><LI><a href="#[6a]">&gt;&gt;</a>&nbsp;&nbsp;&nbsp;__aeabi_dadd
</UL>

<P><STRONG><a name="[25e]"></a>_ll_sshift_r</STRONG> (Thumb, 0 bytes, Stack size 0 bytes, llsshr.o(.text), UNUSED)

<P><STRONG><a name="[25f]"></a>__I$use$fp</STRONG> (Thumb, 0 bytes, Stack size 0 bytes, iusefp.o(.text), UNUSED)

<P><STRONG><a name="[66]"></a>_float_round</STRONG> (Thumb, 18 bytes, Stack size 0 bytes, fepilogue.o(.text))
<BR><BR>[Called By]<UL><LI><a href="#[69]">&gt;&gt;</a>&nbsp;&nbsp;&nbsp;__aeabi_fdiv
<LI><a href="#[64]">&gt;&gt;</a>&nbsp;&nbsp;&nbsp;__aeabi_fadd
<LI><a href="#[7a]">&gt;&gt;</a>&nbsp;&nbsp;&nbsp;__aeabi_d2f
</UL>

<P><STRONG><a name="[65]"></a>_float_epilogue</STRONG> (Thumb, 92 bytes, Stack size 4 bytes, fepilogue.o(.text))
<BR><BR>[Stack]<UL><LI>Max Depth = 4<LI>Call Chain = _float_epilogue
</UL>
<BR>[Called By]<UL><LI><a href="#[73]">&gt;&gt;</a>&nbsp;&nbsp;&nbsp;__aeabi_i2f
<LI><a href="#[64]">&gt;&gt;</a>&nbsp;&nbsp;&nbsp;__aeabi_fadd
<LI><a href="#[74]">&gt;&gt;</a>&nbsp;&nbsp;&nbsp;__aeabi_ui2f
</UL>

<P><STRONG><a name="[6e]"></a>_double_round</STRONG> (Thumb, 26 bytes, Stack size 8 bytes, depilogue.o(.text))
<BR><BR>[Stack]<UL><LI>Max Depth = 8<LI>Call Chain = _double_round
</UL>
<BR>[Called By]<UL><LI><a href="#[72]">&gt;&gt;</a>&nbsp;&nbsp;&nbsp;__aeabi_ddiv
<LI><a href="#[6a]">&gt;&gt;</a>&nbsp;&nbsp;&nbsp;__aeabi_dadd
<LI><a href="#[7c]">&gt;&gt;</a>&nbsp;&nbsp;&nbsp;_dsqrt
<LI><a href="#[6d]">&gt;&gt;</a>&nbsp;&nbsp;&nbsp;_double_epilogue
</UL>

<P><STRONG><a name="[6d]"></a>_double_epilogue</STRONG> (Thumb, 156 bytes, Stack size 32 bytes, depilogue.o(.text))
<BR><BR>[Stack]<UL><LI>Max Depth = 40<LI>Call Chain = _double_epilogue &rArr; _double_round
</UL>
<BR>[Calls]<UL><LI><a href="#[78]">&gt;&gt;</a>&nbsp;&nbsp;&nbsp;__aeabi_llsr
<LI><a href="#[6b]">&gt;&gt;</a>&nbsp;&nbsp;&nbsp;__aeabi_llsl
<LI><a href="#[6e]">&gt;&gt;</a>&nbsp;&nbsp;&nbsp;_double_round
</UL>
<BR>[Called By]<UL><LI><a href="#[76]">&gt;&gt;</a>&nbsp;&nbsp;&nbsp;__aeabi_ui2d
<LI><a href="#[75]">&gt;&gt;</a>&nbsp;&nbsp;&nbsp;__aeabi_i2d
<LI><a href="#[71]">&gt;&gt;</a>&nbsp;&nbsp;&nbsp;__aeabi_dmul
<LI><a href="#[6a]">&gt;&gt;</a>&nbsp;&nbsp;&nbsp;__aeabi_dadd
</UL>

<P><STRONG><a name="[7c]"></a>_dsqrt</STRONG> (Thumb, 162 bytes, Stack size 32 bytes, dsqrt.o(.text))
<BR><BR>[Stack]<UL><LI>Max Depth = 40<LI>Call Chain = _dsqrt &rArr; _double_round
</UL>
<BR>[Calls]<UL><LI><a href="#[78]">&gt;&gt;</a>&nbsp;&nbsp;&nbsp;__aeabi_llsr
<LI><a href="#[6e]">&gt;&gt;</a>&nbsp;&nbsp;&nbsp;_double_round
</UL>
<BR>[Called By]<UL><LI><a href="#[1b5]">&gt;&gt;</a>&nbsp;&nbsp;&nbsp;sqrt
</UL>

<P><STRONG><a name="[7d]"></a>__aeabi_d2ulz</STRONG> (Thumb, 48 bytes, Stack size 0 bytes, dfixul.o(.text), UNUSED)
<BR><BR>[Calls]<UL><LI><a href="#[78]">&gt;&gt;</a>&nbsp;&nbsp;&nbsp;__aeabi_llsr
<LI><a href="#[6b]">&gt;&gt;</a>&nbsp;&nbsp;&nbsp;__aeabi_llsl
</UL>
<BR>[Called By]<UL><LI><a href="#[1ae]">&gt;&gt;</a>&nbsp;&nbsp;&nbsp;_fp_digits
</UL>

<P><STRONG><a name="[60]"></a>__scatterload</STRONG> (Thumb, 28 bytes, Stack size 0 bytes, init.o(.text))
<BR><BR>[Calls]<UL><LI><a href="#[7e]">&gt;&gt;</a>&nbsp;&nbsp;&nbsp;__main_after_scatterload
</UL>
<BR>[Called By]<UL><LI><a href="#[5f]">&gt;&gt;</a>&nbsp;&nbsp;&nbsp;_main_scatterload
</UL>

<P><STRONG><a name="[260]"></a>__scatterload_rt2</STRONG> (Thumb, 0 bytes, Stack size 0 bytes, init.o(.text), UNUSED)

<P><STRONG><a name="[261]"></a>__decompress</STRONG> (Thumb, 0 bytes, Stack size unknown bytes, __dczerorl2.o(.text), UNUSED)

<P><STRONG><a name="[262]"></a>__decompress1</STRONG> (Thumb, 86 bytes, Stack size unknown bytes, __dczerorl2.o(.text), UNUSED)

<P><STRONG><a name="[89]"></a>ADC_Cmd</STRONG> (Thumb, 20 bytes, Stack size 0 bytes, stm32l1xx_adc.o(i.ADC_Cmd))
<BR><BR>[Called By]<UL><LI><a href="#[7f]">&gt;&gt;</a>&nbsp;&nbsp;&nbsp;ADC_Config
</UL>

<P><STRONG><a name="[7f]"></a>ADC_Config</STRONG> (Thumb, 186 bytes, Stack size 40 bytes, myadc.o(i.ADC_Config))
<BR><BR>[Stack]<UL><LI>Max Depth = 64<LI>Call Chain = ADC_Config &rArr; __2printf
</UL>
<BR>[Calls]<UL><LI><a href="#[83]">&gt;&gt;</a>&nbsp;&nbsp;&nbsp;RCC_APB2PeriphClockCmd
<LI><a href="#[82]">&gt;&gt;</a>&nbsp;&nbsp;&nbsp;GPIO_Init
<LI><a href="#[84]">&gt;&gt;</a>&nbsp;&nbsp;&nbsp;ADC_StructInit
<LI><a href="#[8c]">&gt;&gt;</a>&nbsp;&nbsp;&nbsp;ADC_SoftwareStartConv
<LI><a href="#[86]">&gt;&gt;</a>&nbsp;&nbsp;&nbsp;ADC_RegularChannelConfig
<LI><a href="#[88]">&gt;&gt;</a>&nbsp;&nbsp;&nbsp;ADC_PowerDownCmd
<LI><a href="#[85]">&gt;&gt;</a>&nbsp;&nbsp;&nbsp;ADC_Init
<LI><a href="#[8b]">&gt;&gt;</a>&nbsp;&nbsp;&nbsp;ADC_GetFlagStatus
<LI><a href="#[87]">&gt;&gt;</a>&nbsp;&nbsp;&nbsp;ADC_DelaySelectionConfig
<LI><a href="#[89]">&gt;&gt;</a>&nbsp;&nbsp;&nbsp;ADC_Cmd
<LI><a href="#[80]">&gt;&gt;</a>&nbsp;&nbsp;&nbsp;RCC_HSICmd
<LI><a href="#[81]">&gt;&gt;</a>&nbsp;&nbsp;&nbsp;RCC_AHBPeriphClockCmd
<LI><a href="#[8a]">&gt;&gt;</a>&nbsp;&nbsp;&nbsp;__2printf
</UL>
<BR>[Called By]<UL><LI><a href="#[be]">&gt;&gt;</a>&nbsp;&nbsp;&nbsp;Choose_power_mode
<LI><a href="#[47]">&gt;&gt;</a>&nbsp;&nbsp;&nbsp;main
<LI><a href="#[197]">&gt;&gt;</a>&nbsp;&nbsp;&nbsp;change_clk_need_int
</UL>

<P><STRONG><a name="[87]"></a>ADC_DelaySelectionConfig</STRONG> (Thumb, 12 bytes, Stack size 0 bytes, stm32l1xx_adc.o(i.ADC_DelaySelectionConfig))
<BR><BR>[Called By]<UL><LI><a href="#[7f]">&gt;&gt;</a>&nbsp;&nbsp;&nbsp;ADC_Config
</UL>

<P><STRONG><a name="[24d]"></a>ADC_GetConversionValue</STRONG> (Thumb, 6 bytes, Stack size 0 bytes, stm32l1xx_adc.o(i.ADC_GetConversionValue))
<BR><BR>[Called By]<UL><LI><a href="#[20f]">&gt;&gt;</a>&nbsp;&nbsp;&nbsp;vddmv_adc_proess
</UL>

<P><STRONG><a name="[8b]"></a>ADC_GetFlagStatus</STRONG> (Thumb, 14 bytes, Stack size 0 bytes, stm32l1xx_adc.o(i.ADC_GetFlagStatus))
<BR><BR>[Called By]<UL><LI><a href="#[7f]">&gt;&gt;</a>&nbsp;&nbsp;&nbsp;ADC_Config
</UL>

<P><STRONG><a name="[85]"></a>ADC_Init</STRONG> (Thumb, 66 bytes, Stack size 12 bytes, stm32l1xx_adc.o(i.ADC_Init))
<BR><BR>[Stack]<UL><LI>Max Depth = 12<LI>Call Chain = ADC_Init
</UL>
<BR>[Called By]<UL><LI><a href="#[7f]">&gt;&gt;</a>&nbsp;&nbsp;&nbsp;ADC_Config
</UL>

<P><STRONG><a name="[88]"></a>ADC_PowerDownCmd</STRONG> (Thumb, 16 bytes, Stack size 0 bytes, stm32l1xx_adc.o(i.ADC_PowerDownCmd))
<BR><BR>[Called By]<UL><LI><a href="#[7f]">&gt;&gt;</a>&nbsp;&nbsp;&nbsp;ADC_Config
</UL>

<P><STRONG><a name="[86]"></a>ADC_RegularChannelConfig</STRONG> (Thumb, 216 bytes, Stack size 16 bytes, stm32l1xx_adc.o(i.ADC_RegularChannelConfig))
<BR><BR>[Stack]<UL><LI>Max Depth = 16<LI>Call Chain = ADC_RegularChannelConfig
</UL>
<BR>[Called By]<UL><LI><a href="#[7f]">&gt;&gt;</a>&nbsp;&nbsp;&nbsp;ADC_Config
</UL>

<P><STRONG><a name="[8c]"></a>ADC_SoftwareStartConv</STRONG> (Thumb, 10 bytes, Stack size 0 bytes, stm32l1xx_adc.o(i.ADC_SoftwareStartConv))
<BR><BR>[Called By]<UL><LI><a href="#[7f]">&gt;&gt;</a>&nbsp;&nbsp;&nbsp;ADC_Config
</UL>

<P><STRONG><a name="[84]"></a>ADC_StructInit</STRONG> (Thumb, 24 bytes, Stack size 0 bytes, stm32l1xx_adc.o(i.ADC_StructInit))
<BR><BR>[Called By]<UL><LI><a href="#[7f]">&gt;&gt;</a>&nbsp;&nbsp;&nbsp;ADC_Config
</UL>

<P><STRONG><a name="[8d]"></a>Auto_Time_Set</STRONG> (Thumb, 224 bytes, Stack size 48 bytes, rtc.o(i.Auto_Time_Set))
<BR><BR>[Stack]<UL><LI>Max Depth = 72<LI>Call Chain = Auto_Time_Set &rArr; __2printf
</UL>
<BR>[Calls]<UL><LI><a href="#[8f]">&gt;&gt;</a>&nbsp;&nbsp;&nbsp;RTC_Get_Week
<LI><a href="#[8e]">&gt;&gt;</a>&nbsp;&nbsp;&nbsp;str_cmpx
<LI><a href="#[8a]">&gt;&gt;</a>&nbsp;&nbsp;&nbsp;__2printf
</UL>
<BR>[Called By]<UL><LI><a href="#[12a]">&gt;&gt;</a>&nbsp;&nbsp;&nbsp;My_RTC_Init
</UL>

<P><STRONG><a name="[90]"></a>BMP085_Get_Altitude</STRONG> (Thumb, 64 bytes, Stack size 8 bytes, bmp085.o(i.BMP085_Get_Altitude))
<BR><BR>[Stack]<UL><LI>Max Depth = 232<LI>Call Chain = BMP085_Get_Altitude &rArr; pow &rArr; __kernel_poly &rArr; __aeabi_dmul &rArr; _double_epilogue &rArr; _double_round
</UL>
<BR>[Calls]<UL><LI><a href="#[73]">&gt;&gt;</a>&nbsp;&nbsp;&nbsp;__aeabi_i2f
<LI><a href="#[67]">&gt;&gt;</a>&nbsp;&nbsp;&nbsp;__aeabi_fsub
<LI><a href="#[93]">&gt;&gt;</a>&nbsp;&nbsp;&nbsp;__aeabi_fmul
<LI><a href="#[69]">&gt;&gt;</a>&nbsp;&nbsp;&nbsp;__aeabi_fdiv
<LI><a href="#[94]">&gt;&gt;</a>&nbsp;&nbsp;&nbsp;__aeabi_f2iz
<LI><a href="#[91]">&gt;&gt;</a>&nbsp;&nbsp;&nbsp;__aeabi_f2d
<LI><a href="#[7a]">&gt;&gt;</a>&nbsp;&nbsp;&nbsp;__aeabi_d2f
<LI><a href="#[92]">&gt;&gt;</a>&nbsp;&nbsp;&nbsp;pow
</UL>
<BR>[Called By]<UL><LI><a href="#[a0]">&gt;&gt;</a>&nbsp;&nbsp;&nbsp;ConvAltitude
<LI><a href="#[245]">&gt;&gt;</a>&nbsp;&nbsp;&nbsp;system_setting_item
</UL>

<P><STRONG><a name="[95]"></a>BMP085_RecvACK</STRONG> (Thumb, 44 bytes, Stack size 16 bytes, bmp085.o(i.BMP085_RecvACK))
<BR><BR>[Stack]<UL><LI>Max Depth = 52<LI>Call Chain = BMP085_RecvACK &rArr; SDA_IN &rArr; GPIO_Init
</UL>
<BR>[Calls]<UL><LI><a href="#[96]">&gt;&gt;</a>&nbsp;&nbsp;&nbsp;SDA_IN
<LI><a href="#[97]">&gt;&gt;</a>&nbsp;&nbsp;&nbsp;delay_us
</UL>
<BR>[Called By]<UL><LI><a href="#[9a]">&gt;&gt;</a>&nbsp;&nbsp;&nbsp;BMP085_SendByte
</UL>

<P><STRONG><a name="[98]"></a>BMP085_SendACK</STRONG> (Thumb, 44 bytes, Stack size 16 bytes, bmp085.o(i.BMP085_SendACK))
<BR><BR>[Stack]<UL><LI>Max Depth = 52<LI>Call Chain = BMP085_SendACK &rArr; SDA_OUT &rArr; GPIO_Init
</UL>
<BR>[Calls]<UL><LI><a href="#[99]">&gt;&gt;</a>&nbsp;&nbsp;&nbsp;SDA_OUT
<LI><a href="#[97]">&gt;&gt;</a>&nbsp;&nbsp;&nbsp;delay_us
</UL>
<BR>[Called By]<UL><LI><a href="#[1b7]">&gt;&gt;</a>&nbsp;&nbsp;&nbsp;arry_Read
<LI><a href="#[10a]">&gt;&gt;</a>&nbsp;&nbsp;&nbsp;Multiple_read
</UL>

<P><STRONG><a name="[9a]"></a>BMP085_SendByte</STRONG> (Thumb, 14 bytes, Stack size 8 bytes, bmp085.o(i.BMP085_SendByte))
<BR><BR>[Stack]<UL><LI>Max Depth = 68<LI>Call Chain = BMP085_SendByte &rArr; IIC_Send_Byte &rArr; SDA_OUT &rArr; GPIO_Init
</UL>
<BR>[Calls]<UL><LI><a href="#[9b]">&gt;&gt;</a>&nbsp;&nbsp;&nbsp;IIC_Send_Byte
<LI><a href="#[95]">&gt;&gt;</a>&nbsp;&nbsp;&nbsp;BMP085_RecvACK
</UL>
<BR>[Called By]<UL><LI><a href="#[1bc]">&gt;&gt;</a>&nbsp;&nbsp;&nbsp;bmp085ReadTemp
<LI><a href="#[1bd]">&gt;&gt;</a>&nbsp;&nbsp;&nbsp;bmp085ReadPressure
<LI><a href="#[1b8]">&gt;&gt;</a>&nbsp;&nbsp;&nbsp;arry_Write
<LI><a href="#[1b7]">&gt;&gt;</a>&nbsp;&nbsp;&nbsp;arry_Read
<LI><a href="#[10a]">&gt;&gt;</a>&nbsp;&nbsp;&nbsp;Multiple_read
</UL>

<P><STRONG><a name="[9c]"></a>BMP085_get_process</STRONG> (Thumb, 48 bytes, Stack size 40 bytes, bmp085.o(i.BMP085_get_process))
<BR><BR>[Stack]<UL><LI>Max Depth = 280<LI>Call Chain = BMP085_get_process &rArr; ConvAltitude &rArr; BMP085_Get_Altitude &rArr; pow &rArr; __kernel_poly &rArr; __aeabi_dmul &rArr; _double_epilogue &rArr; _double_round
</UL>
<BR>[Calls]<UL><LI><a href="#[a0]">&gt;&gt;</a>&nbsp;&nbsp;&nbsp;ConvAltitude
<LI><a href="#[9e]">&gt;&gt;</a>&nbsp;&nbsp;&nbsp;bmp280_read_pressure_tempreature
<LI><a href="#[9f]">&gt;&gt;</a>&nbsp;&nbsp;&nbsp;bmp085Convert
<LI><a href="#[9d]">&gt;&gt;</a>&nbsp;&nbsp;&nbsp;__aeabi_memcpy4
</UL>
<BR>[Called By]<UL><LI><a href="#[194]">&gt;&gt;</a>&nbsp;&nbsp;&nbsp;Timer_task
</UL>

<P><STRONG><a name="[a1]"></a>Bot_Abort</STRONG> (Thumb, 50 bytes, Stack size 8 bytes, usb_bot.o(i.Bot_Abort))
<BR><BR>[Stack]<UL><LI>Max Depth = 8<LI>Call Chain = Bot_Abort
</UL>
<BR>[Calls]<UL><LI><a href="#[a2]">&gt;&gt;</a>&nbsp;&nbsp;&nbsp;SetEPTxStatus
<LI><a href="#[a3]">&gt;&gt;</a>&nbsp;&nbsp;&nbsp;SetEPRxStatus
</UL>
<BR>[Called By]<UL><LI><a href="#[b6]">&gt;&gt;</a>&nbsp;&nbsp;&nbsp;SCSI_Write10_Cmd
<LI><a href="#[b7]">&gt;&gt;</a>&nbsp;&nbsp;&nbsp;SCSI_Verify10_Cmd
<LI><a href="#[b4]">&gt;&gt;</a>&nbsp;&nbsp;&nbsp;SCSI_TestUnitReady_Cmd
<LI><a href="#[b2]">&gt;&gt;</a>&nbsp;&nbsp;&nbsp;SCSI_ReadFormatCapacity_Cmd
<LI><a href="#[b3]">&gt;&gt;</a>&nbsp;&nbsp;&nbsp;SCSI_ReadCapacity10_Cmd
<LI><a href="#[b5]">&gt;&gt;</a>&nbsp;&nbsp;&nbsp;SCSI_Read10_Cmd
<LI><a href="#[b9]">&gt;&gt;</a>&nbsp;&nbsp;&nbsp;SCSI_Invalid_Cmd
<LI><a href="#[b8]">&gt;&gt;</a>&nbsp;&nbsp;&nbsp;SCSI_Format_Cmd
<LI><a href="#[f3]">&gt;&gt;</a>&nbsp;&nbsp;&nbsp;Mass_Storage_Out
<LI><a href="#[aa]">&gt;&gt;</a>&nbsp;&nbsp;&nbsp;CBW_Decode
<LI><a href="#[16e]">&gt;&gt;</a>&nbsp;&nbsp;&nbsp;SCSI_Address_Management
<LI><a href="#[e]">&gt;&gt;</a>&nbsp;&nbsp;&nbsp;Mass_Storage_ClearFeature
</UL>

<P><STRONG><a name="[14]"></a>BusFault_Handler</STRONG> (Thumb, 2 bytes, Stack size 0 bytes, stm32_it.o(i.BusFault_Handler))
<BR><BR>[Calls]<UL><LI><a href="#[14]">&gt;&gt;</a>&nbsp;&nbsp;&nbsp;BusFault_Handler
</UL>
<BR>[Called By]<UL><LI><a href="#[14]">&gt;&gt;</a>&nbsp;&nbsp;&nbsp;BusFault_Handler
</UL>
<BR>[Address Reference Count : 1]<UL><LI> startup_stm32l1xx_md.o(RESET)
</UL>
<P><STRONG><a name="[a4]"></a>Button_key_perss</STRONG> (Thumb, 94 bytes, Stack size 16 bytes, pwm.o(i.Button_key_perss))
<BR><BR>[Stack]<UL><LI>Max Depth = 92<LI>Call Chain = Button_key_perss &rArr; PWM_Init &rArr; GPIO_Init
</UL>
<BR>[Calls]<UL><LI><a href="#[a5]">&gt;&gt;</a>&nbsp;&nbsp;&nbsp;RCC_APB1PeriphClockCmd
<LI><a href="#[82]">&gt;&gt;</a>&nbsp;&nbsp;&nbsp;GPIO_Init
<LI><a href="#[a6]">&gt;&gt;</a>&nbsp;&nbsp;&nbsp;TIM_OC2PreloadConfig
<LI><a href="#[a9]">&gt;&gt;</a>&nbsp;&nbsp;&nbsp;TIM_Cmd
<LI><a href="#[a7]">&gt;&gt;</a>&nbsp;&nbsp;&nbsp;TIM_ARRPreloadConfig
<LI><a href="#[a8]">&gt;&gt;</a>&nbsp;&nbsp;&nbsp;PWM_Init
</UL>
<BR>[Called By]<UL><LI><a href="#[be]">&gt;&gt;</a>&nbsp;&nbsp;&nbsp;Choose_power_mode
<LI><a href="#[47]">&gt;&gt;</a>&nbsp;&nbsp;&nbsp;main
<LI><a href="#[195]">&gt;&gt;</a>&nbsp;&nbsp;&nbsp;menu_keyprocess
<LI><a href="#[d1]">&gt;&gt;</a>&nbsp;&nbsp;&nbsp;di_and_flash_empet
<LI><a href="#[37]">&gt;&gt;</a>&nbsp;&nbsp;&nbsp;TIM3_IRQHandler
</UL>

<P><STRONG><a name="[18a]"></a>ByteSwap</STRONG> (Thumb, 10 bytes, Stack size 0 bytes, usb_regs.o(i.ByteSwap))
<BR><BR>[Called By]<UL><LI><a href="#[bc]">&gt;&gt;</a>&nbsp;&nbsp;&nbsp;Setup0_Process
</UL>

<P><STRONG><a name="[aa]"></a>CBW_Decode</STRONG> (Thumb, 392 bytes, Stack size 16 bytes, usb_bot.o(i.CBW_Decode))
<BR><BR>[Stack]<UL><LI>Max Depth = 4272<LI>Call Chain = CBW_Decode &rArr; SCSI_Write10_Cmd &rArr; Write_Memory &rArr; MAL_Write &rArr; SPI_Flash_Write &rArr; SPI_Flash_Write_NoCheck &rArr; SPI_Flash_Write_Page &rArr; SPI_Flash_Wait_Busy &rArr; SPI_Flash_ReadSR
</UL>
<BR>[Calls]<UL><LI><a href="#[ab]">&gt;&gt;</a>&nbsp;&nbsp;&nbsp;Set_Scsi_Sense_Data
<LI><a href="#[b6]">&gt;&gt;</a>&nbsp;&nbsp;&nbsp;SCSI_Write10_Cmd
<LI><a href="#[b7]">&gt;&gt;</a>&nbsp;&nbsp;&nbsp;SCSI_Verify10_Cmd
<LI><a href="#[b4]">&gt;&gt;</a>&nbsp;&nbsp;&nbsp;SCSI_TestUnitReady_Cmd
<LI><a href="#[af]">&gt;&gt;</a>&nbsp;&nbsp;&nbsp;SCSI_Start_Stop_Unit_Cmd
<LI><a href="#[ad]">&gt;&gt;</a>&nbsp;&nbsp;&nbsp;SCSI_RequestSense_Cmd
<LI><a href="#[b2]">&gt;&gt;</a>&nbsp;&nbsp;&nbsp;SCSI_ReadFormatCapacity_Cmd
<LI><a href="#[b3]">&gt;&gt;</a>&nbsp;&nbsp;&nbsp;SCSI_ReadCapacity10_Cmd
<LI><a href="#[b5]">&gt;&gt;</a>&nbsp;&nbsp;&nbsp;SCSI_Read10_Cmd
<LI><a href="#[b0]">&gt;&gt;</a>&nbsp;&nbsp;&nbsp;SCSI_ModeSense6_Cmd
<LI><a href="#[b1]">&gt;&gt;</a>&nbsp;&nbsp;&nbsp;SCSI_ModeSense10_Cmd
<LI><a href="#[b9]">&gt;&gt;</a>&nbsp;&nbsp;&nbsp;SCSI_Invalid_Cmd
<LI><a href="#[ae]">&gt;&gt;</a>&nbsp;&nbsp;&nbsp;SCSI_Inquiry_Cmd
<LI><a href="#[b8]">&gt;&gt;</a>&nbsp;&nbsp;&nbsp;SCSI_Format_Cmd
<LI><a href="#[a1]">&gt;&gt;</a>&nbsp;&nbsp;&nbsp;Bot_Abort
<LI><a href="#[ac]">&gt;&gt;</a>&nbsp;&nbsp;&nbsp;Set_CSW
</UL>
<BR>[Called By]<UL><LI><a href="#[f3]">&gt;&gt;</a>&nbsp;&nbsp;&nbsp;Mass_Storage_Out
</UL>

<P><STRONG><a name="[ba]"></a>CTR_LP</STRONG> (Thumb, 318 bytes, Stack size 40 bytes, usb_int.o(i.CTR_LP))
<BR><BR>[Stack]<UL><LI>Max Depth = 120<LI>Call Chain = CTR_LP &rArr; Setup0_Process &rArr; Data_Setup0 &rArr; DataStageIn &rArr; UserToPMABufferCopy
</UL>
<BR>[Calls]<UL><LI><a href="#[bc]">&gt;&gt;</a>&nbsp;&nbsp;&nbsp;Setup0_Process
<LI><a href="#[bd]">&gt;&gt;</a>&nbsp;&nbsp;&nbsp;Out0_Process
<LI><a href="#[bb]">&gt;&gt;</a>&nbsp;&nbsp;&nbsp;In0_Process
</UL>
<BR>[Called By]<UL><LI><a href="#[1a2]">&gt;&gt;</a>&nbsp;&nbsp;&nbsp;USB_Istr
</UL>

<P><STRONG><a name="[be]"></a>Choose_power_mode</STRONG> (Thumb, 608 bytes, Stack size 88 bytes, sys.o(i.Choose_power_mode))
<BR><BR>[Stack]<UL><LI>Max Depth = 4888<LI>Call Chain = Choose_power_mode &rArr; is_recoreding &rArr; Recording_guji &rArr; write_flash &rArr; Del_oldfile_nospace &rArr; scan_directory_oldfile &rArr;  scan_directory_oldfile (Cycle)
</UL>
<BR>[Calls]<UL><LI><a href="#[ca]">&gt;&gt;</a>&nbsp;&nbsp;&nbsp;uart_init
<LI><a href="#[c8]">&gt;&gt;</a>&nbsp;&nbsp;&nbsp;delay_init
<LI><a href="#[cb]">&gt;&gt;</a>&nbsp;&nbsp;&nbsp;USART2_Init
<LI><a href="#[c9]">&gt;&gt;</a>&nbsp;&nbsp;&nbsp;Timerx_Init
<LI><a href="#[df]">&gt;&gt;</a>&nbsp;&nbsp;&nbsp;SPI_Flash_WAKEUP
<LI><a href="#[cc]">&gt;&gt;</a>&nbsp;&nbsp;&nbsp;SPI_Flash_Init
<LI><a href="#[d0]">&gt;&gt;</a>&nbsp;&nbsp;&nbsp;OLED_Init
<LI><a href="#[de]">&gt;&gt;</a>&nbsp;&nbsp;&nbsp;LED_Init
<LI><a href="#[d8]">&gt;&gt;</a>&nbsp;&nbsp;&nbsp;KEY_Init
<LI><a href="#[a4]">&gt;&gt;</a>&nbsp;&nbsp;&nbsp;Button_key_perss
<LI><a href="#[7f]">&gt;&gt;</a>&nbsp;&nbsp;&nbsp;ADC_Config
<LI><a href="#[48]">&gt;&gt;</a>&nbsp;&nbsp;&nbsp;SystemInit
<LI><a href="#[db]">&gt;&gt;</a>&nbsp;&nbsp;&nbsp;Leave_LowPowerMode
<LI><a href="#[ce]">&gt;&gt;</a>&nbsp;&nbsp;&nbsp;Enter_LowPowerMode
<LI><a href="#[cd]">&gt;&gt;</a>&nbsp;&nbsp;&nbsp;OLED_Display_On
<LI><a href="#[d3]">&gt;&gt;</a>&nbsp;&nbsp;&nbsp;GPS_power_ctrl
<LI><a href="#[d2]">&gt;&gt;</a>&nbsp;&nbsp;&nbsp;is_recoreding
<LI><a href="#[d1]">&gt;&gt;</a>&nbsp;&nbsp;&nbsp;di_and_flash_empet
<LI><a href="#[d9]">&gt;&gt;</a>&nbsp;&nbsp;&nbsp;PWR_WakeUpPinCmd
<LI><a href="#[c1]">&gt;&gt;</a>&nbsp;&nbsp;&nbsp;PWR_VoltageScalingConfig
<LI><a href="#[c2]">&gt;&gt;</a>&nbsp;&nbsp;&nbsp;PWR_UltraLowPowerCmd
<LI><a href="#[c5]">&gt;&gt;</a>&nbsp;&nbsp;&nbsp;PWR_PVDCmd
<LI><a href="#[c0]">&gt;&gt;</a>&nbsp;&nbsp;&nbsp;PWR_GetFlagStatus
<LI><a href="#[da]">&gt;&gt;</a>&nbsp;&nbsp;&nbsp;PWR_EnterSTANDBYMode
<LI><a href="#[bf]">&gt;&gt;</a>&nbsp;&nbsp;&nbsp;PWR_EnterLowPowerRunMode
<LI><a href="#[c4]">&gt;&gt;</a>&nbsp;&nbsp;&nbsp;PWR_ClearFlag
<LI><a href="#[c3]">&gt;&gt;</a>&nbsp;&nbsp;&nbsp;FLASH_SLEEPPowerDownCmd
<LI><a href="#[d5]">&gt;&gt;</a>&nbsp;&nbsp;&nbsp;SPI_Flash_PowerDown
<LI><a href="#[c6]">&gt;&gt;</a>&nbsp;&nbsp;&nbsp;RTC_Config
<LI><a href="#[d4]">&gt;&gt;</a>&nbsp;&nbsp;&nbsp;OLED_Display_Off
<LI><a href="#[dc]">&gt;&gt;</a>&nbsp;&nbsp;&nbsp;Stm32_Clock_Init
<LI><a href="#[cf]">&gt;&gt;</a>&nbsp;&nbsp;&nbsp;SetHSICLKToMSI
<LI><a href="#[c7]">&gt;&gt;</a>&nbsp;&nbsp;&nbsp;SetHSICLK
<LI><a href="#[dd]">&gt;&gt;</a>&nbsp;&nbsp;&nbsp;Restore_GPIO_Config
<LI><a href="#[d6]">&gt;&gt;</a>&nbsp;&nbsp;&nbsp;GPIO_LowPower_Config
<LI><a href="#[d7]">&gt;&gt;</a>&nbsp;&nbsp;&nbsp;Config_RCC
<LI><a href="#[8a]">&gt;&gt;</a>&nbsp;&nbsp;&nbsp;__2printf
</UL>
<BR>[Called By]<UL><LI><a href="#[194]">&gt;&gt;</a>&nbsp;&nbsp;&nbsp;Timer_task
<LI><a href="#[47]">&gt;&gt;</a>&nbsp;&nbsp;&nbsp;main
<LI><a href="#[22d]">&gt;&gt;</a>&nbsp;&nbsp;&nbsp;system_power_down_process
<LI><a href="#[195]">&gt;&gt;</a>&nbsp;&nbsp;&nbsp;menu_keyprocess
<LI><a href="#[f1]">&gt;&gt;</a>&nbsp;&nbsp;&nbsp;DisplayIDDrunmV
<LI><a href="#[210]">&gt;&gt;</a>&nbsp;&nbsp;&nbsp;powerlow_proess
<LI><a href="#[20e]">&gt;&gt;</a>&nbsp;&nbsp;&nbsp;handler_timer_1s
</UL>

<P><STRONG><a name="[118]"></a>ClearDTOG_RX</STRONG> (Thumb, 36 bytes, Stack size 0 bytes, usb_regs.o(i.ClearDTOG_RX))
<BR><BR>[Called By]<UL><LI><a href="#[d]">&gt;&gt;</a>&nbsp;&nbsp;&nbsp;Mass_Storage_SetConfiguration
<LI><a href="#[8]">&gt;&gt;</a>&nbsp;&nbsp;&nbsp;MASS_NoData_Setup
<LI><a href="#[13d]">&gt;&gt;</a>&nbsp;&nbsp;&nbsp;Standard_ClearFeature
</UL>

<P><STRONG><a name="[117]"></a>ClearDTOG_TX</STRONG> (Thumb, 36 bytes, Stack size 0 bytes, usb_regs.o(i.ClearDTOG_TX))
<BR><BR>[Called By]<UL><LI><a href="#[d]">&gt;&gt;</a>&nbsp;&nbsp;&nbsp;Mass_Storage_SetConfiguration
[...]
</UL>
<BR>[Calls]<UL><LI><a href="#[13c]">&gt;&gt;</a>&nbsp;&nbsp;&nbsp;Standard_SetInterface
<LI><a href="#[13e]">&gt;&gt;</a>&nbsp;&nbsp;&nbsp;Standard_SetEndPointFeature
<LI><a href="#[13b]">&gt;&gt;</a>&nbsp;&nbsp;&nbsp;Standard_SetDeviceFeature
<LI><a href="#[13a]">&gt;&gt;</a>&nbsp;&nbsp;&nbsp;Standard_SetConfiguration
<LI><a href="#[13d]">&gt;&gt;</a>&nbsp;&nbsp;&nbsp;Standard_ClearFeature
</UL>
<BR>[Called By]<UL><LI><a href="#[bc]">&gt;&gt;</a>&nbsp;&nbsp;&nbsp;Setup0_Process
</UL>

<P><STRONG><a name="[154]"></a>RTC_Bcd2ToByte</STRONG> (Thumb, 18 bytes, Stack size 0 bytes, stm32l1xx_rtc.o(i.RTC_Bcd2ToByte))
<BR><BR>[Called By]<UL><LI><a href="#[15a]">&gt;&gt;</a>&nbsp;&nbsp;&nbsp;RTC_SetTime
<LI><a href="#[158]">&gt;&gt;</a>&nbsp;&nbsp;&nbsp;RTC_SetDate
<LI><a href="#[155]">&gt;&gt;</a>&nbsp;&nbsp;&nbsp;RTC_GetTime
<LI><a href="#[151]">&gt;&gt;</a>&nbsp;&nbsp;&nbsp;RTC_GetDate
</UL>

<P><STRONG><a name="[159]"></a>RTC_ByteToBcd2</STRONG> (Thumb, 24 bytes, Stack size 0 bytes, stm32l1xx_rtc.o(i.RTC_ByteToBcd2))
<BR><BR>[Called By]<UL><LI><a href="#[15a]">&gt;&gt;</a>&nbsp;&nbsp;&nbsp;RTC_SetTime
<LI><a href="#[158]">&gt;&gt;</a>&nbsp;&nbsp;&nbsp;RTC_SetDate
</UL>

<P><STRONG><a name="[1c7]"></a>conf_sensor</STRONG> (Thumb, 178 bytes, Stack size 24 bytes, bmp280.o(i.conf_sensor))
<BR><BR>[Stack]<UL><LI>Max Depth = 80<LI>Call Chain = conf_sensor &rArr; bmp280_soft_reset &rArr; bmp280_set_regs
</UL>
<BR>[Calls]<UL><LI><a href="#[1c5]">&gt;&gt;</a>&nbsp;&nbsp;&nbsp;bmp280_soft_reset
<LI><a href="#[1c9]">&gt;&gt;</a>&nbsp;&nbsp;&nbsp;bmp280_set_regs
<LI><a href="#[1c2]">&gt;&gt;</a>&nbsp;&nbsp;&nbsp;bmp280_get_regs
<LI><a href="#[1bf]">&gt;&gt;</a>&nbsp;&nbsp;&nbsp;null_ptr_check
</UL>
<BR>[Called By]<UL><LI><a href="#[1c8]">&gt;&gt;</a>&nbsp;&nbsp;&nbsp;bmp280_set_power_mode
<LI><a href="#[1c6]">&gt;&gt;</a>&nbsp;&nbsp;&nbsp;bmp280_set_config
</UL>

<P><STRONG><a name="[1bf]"></a>null_ptr_check</STRONG> (Thumb, 24 bytes, Stack size 0 bytes, bmp280.o(i.null_ptr_check))
<BR><BR>[Called By]<UL><LI><a href="#[1c8]">&gt;&gt;</a>&nbsp;&nbsp;&nbsp;bmp280_set_power_mode
<LI><a href="#[1c4]">&gt;&gt;</a>&nbsp;&nbsp;&nbsp;bmp280_init
<LI><a href="#[1c3]">&gt;&gt;</a>&nbsp;&nbsp;&nbsp;bmp280_get_uncomp_data
<LI><a href="#[1c1]">&gt;&gt;</a>&nbsp;&nbsp;&nbsp;bmp280_get_config
<LI><a href="#[1c0]">&gt;&gt;</a>&nbsp;&nbsp;&nbsp;bmp280_get_comp_temp_32bit
<LI><a href="#[1be]">&gt;&gt;</a>&nbsp;&nbsp;&nbsp;bmp280_get_comp_pres_32bit
<LI><a href="#[1c5]">&gt;&gt;</a>&nbsp;&nbsp;&nbsp;bmp280_soft_reset
<LI><a href="#[1c9]">&gt;&gt;</a>&nbsp;&nbsp;&nbsp;bmp280_set_regs
<LI><a href="#[1c2]">&gt;&gt;</a>&nbsp;&nbsp;&nbsp;bmp280_get_regs
<LI><a href="#[1c7]">&gt;&gt;</a>&nbsp;&nbsp;&nbsp;conf_sensor
</UL>

<P><STRONG><a name="[1d2]"></a>check_fs</STRONG> (Thumb, 86 bytes, Stack size 8 bytes, ff.o(i.check_fs))
<BR><BR>[Stack]<UL><LI>Max Depth = 4264<LI>Call Chain = check_fs &rArr; move_window &rArr; sync_window &rArr; disk_write &rArr; SPI_Flash_Write &rArr; SPI_Flash_Write_NoCheck &rArr; SPI_Flash_Write_Page &rArr; SPI_Flash_Wait_Busy &rArr; SPI_Flash_ReadSR
</UL>
<BR>[Calls]<UL><LI><a href="#[1d3]">&gt;&gt;</a>&nbsp;&nbsp;&nbsp;move_window
</UL>
<BR>[Called By]<UL><LI><a href="#[1ee]">&gt;&gt;</a>&nbsp;&nbsp;&nbsp;find_volume
</UL>

<P><STRONG><a name="[1d8]"></a>create_chain</STRONG> (Thumb, 158 bytes, Stack size 24 bytes, ff.o(i.create_chain))
<BR><BR>[Stack]<UL><LI>Max Depth = 4312<LI>Call Chain = create_chain &rArr; put_fat &rArr; move_window &rArr; sync_window &rArr; disk_write &rArr; SPI_Flash_Write &rArr; SPI_Flash_Write_NoCheck &rArr; SPI_Flash_Write_Page &rArr; SPI_Flash_Wait_Busy &rArr; SPI_Flash_ReadSR
</UL>
<BR>[Calls]<UL><LI><a href="#[1da]">&gt;&gt;</a>&nbsp;&nbsp;&nbsp;put_fat
<LI><a href="#[1d9]">&gt;&gt;</a>&nbsp;&nbsp;&nbsp;get_fat
</UL>
<BR>[Called By]<UL><LI><a href="#[162]">&gt;&gt;</a>&nbsp;&nbsp;&nbsp;f_mkdir
<LI><a href="#[1ef]">&gt;&gt;</a>&nbsp;&nbsp;&nbsp;f_lseek
<LI><a href="#[164]">&gt;&gt;</a>&nbsp;&nbsp;&nbsp;f_write
<LI><a href="#[1de]">&gt;&gt;</a>&nbsp;&nbsp;&nbsp;dir_next
</UL>

<P><STRONG><a name="[1db]"></a>create_name</STRONG> (Thumb, 232 bytes, Stack size 32 bytes, ff.o(i.create_name))
<BR><BR>[Stack]<UL><LI>Max Depth = 32<LI>Call Chain = create_name
</UL>
<BR>[Calls]<UL><LI><a href="#[1dc]">&gt;&gt;</a>&nbsp;&nbsp;&nbsp;mem_set
</UL>
<BR>[Called By]<UL><LI><a href="#[1f1]">&gt;&gt;</a>&nbsp;&nbsp;&nbsp;follow_path
</UL>

<P><STRONG><a name="[1de]"></a>dir_next</STRONG> (Thumb, 230 bytes, Stack size 24 bytes, ff.o(i.dir_next))
<BR><BR>[Stack]<UL><LI>Max Depth = 4336<LI>Call Chain = dir_next &rArr; create_chain &rArr; put_fat &rArr; move_window &rArr; sync_window &rArr; disk_write &rArr; SPI_Flash_Write &rArr; SPI_Flash_Write_NoCheck &rArr; SPI_Flash_Write_Page &rArr; SPI_Flash_Wait_Busy &rArr; SPI_Flash_ReadSR
</UL>
<BR>[Calls]<UL><LI><a href="#[1d9]">&gt;&gt;</a>&nbsp;&nbsp;&nbsp;get_fat
<LI><a href="#[1e0]">&gt;&gt;</a>&nbsp;&nbsp;&nbsp;clust2sect
<LI><a href="#[1df]">&gt;&gt;</a>&nbsp;&nbsp;&nbsp;sync_window
<LI><a href="#[1dc]">&gt;&gt;</a>&nbsp;&nbsp;&nbsp;mem_set
<LI><a href="#[1d8]">&gt;&gt;</a>&nbsp;&nbsp;&nbsp;create_chain
</UL>
<BR>[Called By]<UL><LI><a href="#[1fd]">&gt;&gt;</a>&nbsp;&nbsp;&nbsp;f_readdir
<LI><a href="#[1f1]">&gt;&gt;</a>&nbsp;&nbsp;&nbsp;follow_path
<LI><a href="#[1e2]">&gt;&gt;</a>&nbsp;&nbsp;&nbsp;dir_register
<LI><a href="#[1e1]">&gt;&gt;</a>&nbsp;&nbsp;&nbsp;dir_read
</UL>

<P><STRONG><a name="[1e1]"></a>dir_read</STRONG> (Thumb, 92 bytes, Stack size 16 bytes, ff.o(i.dir_read))
<BR><BR>[Stack]<UL><LI>Max Depth = 4352<LI>Call Chain = dir_read &rArr; dir_next &rArr; create_chain &rArr; put_fat &rArr; move_window &rArr; sync_window &rArr; disk_write &rArr; SPI_Flash_Write &rArr; SPI_Flash_Write_NoCheck &rArr; SPI_Flash_Write_Page &rArr; SPI_Flash_Wait_Busy &rArr; SPI_Flash_ReadSR
</UL>
<BR>[Calls]<UL><LI><a href="#[1d3]">&gt;&gt;</a>&nbsp;&nbsp;&nbsp;move_window
<LI><a href="#[1de]">&gt;&gt;</a>&nbsp;&nbsp;&nbsp;dir_next
</UL>
<BR>[Called By]<UL><LI><a href="#[f0]">&gt;&gt;</a>&nbsp;&nbsp;&nbsp;f_unlink
<LI><a href="#[1fd]">&gt;&gt;</a>&nbsp;&nbsp;&nbsp;f_readdir
</UL>

<P><STRONG><a name="[1e2]"></a>dir_register</STRONG> (Thumb, 100 bytes, Stack size 16 bytes, ff.o(i.dir_register))
<BR><BR>[Stack]<UL><LI>Max Depth = 4352<LI>Call Chain = dir_register &rArr; dir_next &rArr; create_chain &rArr; put_fat &rArr; move_window &rArr; sync_window &rArr; disk_write &rArr; SPI_Flash_Write &rArr; SPI_Flash_Write_NoCheck &rArr; SPI_Flash_Write_Page &rArr; SPI_Flash_Wait_Busy &rArr; SPI_Flash_ReadSR
</UL>
<BR>[Calls]<UL><LI><a href="#[1d3]">&gt;&gt;</a>&nbsp;&nbsp;&nbsp;move_window
<LI><a href="#[1dc]">&gt;&gt;</a>&nbsp;&nbsp;&nbsp;mem_set
<LI><a href="#[1e4]">&gt;&gt;</a>&nbsp;&nbsp;&nbsp;mem_cpy
<LI><a href="#[1e3]">&gt;&gt;</a>&nbsp;&nbsp;&nbsp;dir_sdi
<LI><a href="#[1de]">&gt;&gt;</a>&nbsp;&nbsp;&nbsp;dir_next
</UL>
<BR>[Called By]<UL><LI><a href="#[1f9]">&gt;&gt;</a>&nbsp;&nbsp;&nbsp;f_open
<LI><a href="#[162]">&gt;&gt;</a>&nbsp;&nbsp;&nbsp;f_mkdir
</UL>

<P><STRONG><a name="[1e5]"></a>dir_remove</STRONG> (Thumb, 52 bytes, Stack size 16 bytes, ff.o(i.dir_remove))
<BR><BR>[Stack]<UL><LI>Max Depth = 4312<LI>Call Chain = dir_remove &rArr; dir_sdi &rArr; get_fat &rArr; move_window &rArr; sync_window &rArr; disk_write &rArr; SPI_Flash_Write &rArr; SPI_Flash_Write_NoCheck &rArr; SPI_Flash_Write_Page &rArr; SPI_Flash_Wait_Busy &rArr; SPI_Flash_ReadSR
</UL>
<BR>[Calls]<UL><LI><a href="#[1d3]">&gt;&gt;</a>&nbsp;&nbsp;&nbsp;move_window
<LI><a href="#[1dc]">&gt;&gt;</a>&nbsp;&nbsp;&nbsp;mem_set
<LI><a href="#[1e3]">&gt;&gt;</a>&nbsp;&nbsp;&nbsp;dir_sdi
</UL>
<BR>[Called By]<UL><LI><a href="#[f0]">&gt;&gt;</a>&nbsp;&nbsp;&nbsp;f_unlink
</UL>

<P><STRONG><a name="[1e3]"></a>dir_sdi</STRONG> (Thumb, 126 bytes, Stack size 16 bytes, ff.o(i.dir_sdi))
<BR><BR>[Stack]<UL><LI>Max Depth = 4296<LI>Call Chain = dir_sdi &rArr; get_fat &rArr; move_window &rArr; sync_window &rArr; disk_write &rArr; SPI_Flash_Write &rArr; SPI_Flash_Write_NoCheck &rArr; SPI_Flash_Write_Page &rArr; SPI_Flash_Wait_Busy &rArr; SPI_Flash_ReadSR
</UL>
<BR>[Calls]<UL><LI><a href="#[1d9]">&gt;&gt;</a>&nbsp;&nbsp;&nbsp;get_fat
<LI><a href="#[1e0]">&gt;&gt;</a>&nbsp;&nbsp;&nbsp;clust2sect
</UL>
<BR>[Called By]<UL><LI><a href="#[f0]">&gt;&gt;</a>&nbsp;&nbsp;&nbsp;f_unlink
<LI><a href="#[1fd]">&gt;&gt;</a>&nbsp;&nbsp;&nbsp;f_readdir
<LI><a href="#[161]">&gt;&gt;</a>&nbsp;&nbsp;&nbsp;f_opendir
<LI><a href="#[1f1]">&gt;&gt;</a>&nbsp;&nbsp;&nbsp;follow_path
<LI><a href="#[1e5]">&gt;&gt;</a>&nbsp;&nbsp;&nbsp;dir_remove
<LI><a href="#[1e2]">&gt;&gt;</a>&nbsp;&nbsp;&nbsp;dir_register
</UL>

<P><STRONG><a name="[1ee]"></a>find_volume</STRONG> (Thumb, 554 bytes, Stack size 48 bytes, ff.o(i.find_volume))
<BR><BR>[Stack]<UL><LI>Max Depth = 4312<LI>Call Chain = find_volume &rArr; check_fs &rArr; move_window &rArr; sync_window &rArr; disk_write &rArr; SPI_Flash_Write &rArr; SPI_Flash_Write_NoCheck &rArr; SPI_Flash_Write_Page &rArr; SPI_Flash_Wait_Busy &rArr; SPI_Flash_ReadSR
</UL>
<BR>[Calls]<UL><LI><a href="#[1d3]">&gt;&gt;</a>&nbsp;&nbsp;&nbsp;move_window
<LI><a href="#[1f6]">&gt;&gt;</a>&nbsp;&nbsp;&nbsp;get_ldnumber
<LI><a href="#[1d2]">&gt;&gt;</a>&nbsp;&nbsp;&nbsp;check_fs
<LI><a href="#[1e8]">&gt;&gt;</a>&nbsp;&nbsp;&nbsp;disk_status
<LI><a href="#[1f7]">&gt;&gt;</a>&nbsp;&nbsp;&nbsp;disk_initialize
</UL>
<BR>[Called By]<UL><LI><a href="#[f0]">&gt;&gt;</a>&nbsp;&nbsp;&nbsp;f_unlink
<LI><a href="#[161]">&gt;&gt;</a>&nbsp;&nbsp;&nbsp;f_opendir
<LI><a href="#[1f9]">&gt;&gt;</a>&nbsp;&nbsp;&nbsp;f_open
<LI><a href="#[1f8]">&gt;&gt;</a>&nbsp;&nbsp;&nbsp;f_mount
<LI><a href="#[162]">&gt;&gt;</a>&nbsp;&nbsp;&nbsp;f_mkdir
<LI><a href="#[1ed]">&gt;&gt;</a>&nbsp;&nbsp;&nbsp;f_getfree
</UL>

<P><STRONG><a name="[1f1]"></a>follow_path</STRONG> (Thumb, 170 bytes, Stack size 24 bytes, ff.o(i.follow_path))
<BR><BR>[Stack]<UL><LI>Max Depth = 4360<LI>Call Chain = follow_path &rArr; dir_next &rArr; create_chain &rArr; put_fat &rArr; move_window &rArr; sync_window &rArr; disk_write &rArr; SPI_Flash_Write &rArr; SPI_Flash_Write_NoCheck &rArr; SPI_Flash_Write_Page &rArr; SPI_Flash_Wait_Busy &rArr; SPI_Flash_ReadSR
</UL>
<BR>[Calls]<UL><LI><a href="#[1d3]">&gt;&gt;</a>&nbsp;&nbsp;&nbsp;move_window
<LI><a href="#[1fa]">&gt;&gt;</a>&nbsp;&nbsp;&nbsp;ld_clust
<LI><a href="#[1e3]">&gt;&gt;</a>&nbsp;&nbsp;&nbsp;dir_sdi
<LI><a href="#[1de]">&gt;&gt;</a>&nbsp;&nbsp;&nbsp;dir_next
<LI><a href="#[1db]">&gt;&gt;</a>&nbsp;&nbsp;&nbsp;create_name
</UL>
<BR>[Called By]<UL><LI><a href="#[f0]">&gt;&gt;</a>&nbsp;&nbsp;&nbsp;f_unlink
<LI><a href="#[161]">&gt;&gt;</a>&nbsp;&nbsp;&nbsp;f_opendir
<LI><a href="#[1f9]">&gt;&gt;</a>&nbsp;&nbsp;&nbsp;f_open
<LI><a href="#[162]">&gt;&gt;</a>&nbsp;&nbsp;&nbsp;f_mkdir
</UL>

<P><STRONG><a name="[1fe]"></a>get_fileinfo</STRONG> (Thumb, 76 bytes, Stack size 12 bytes, ff.o(i.get_fileinfo))
<BR><BR>[Stack]<UL><LI>Max Depth = 12<LI>Call Chain = get_fileinfo
</UL>
<BR>[Called By]<UL><LI><a href="#[1fd]">&gt;&gt;</a>&nbsp;&nbsp;&nbsp;f_readdir
</UL>

<P><STRONG><a name="[1f6]"></a>get_ldnumber</STRONG> (Thumb, 60 bytes, Stack size 8 bytes, ff.o(i.get_ldnumber))
<BR><BR>[Stack]<UL><LI>Max Depth = 8<LI>Call Chain = get_ldnumber
</UL>
<BR>[Called By]<UL><LI><a href="#[1f8]">&gt;&gt;</a>&nbsp;&nbsp;&nbsp;f_mount
<LI><a href="#[1f5]">&gt;&gt;</a>&nbsp;&nbsp;&nbsp;f_mkfs
<LI><a href="#[1ee]">&gt;&gt;</a>&nbsp;&nbsp;&nbsp;find_volume
</UL>

<P><STRONG><a name="[1fa]"></a>ld_clust</STRONG> (Thumb, 18 bytes, Stack size 0 bytes, ff.o(i.ld_clust))
<BR><BR>[Called By]<UL><LI><a href="#[f0]">&gt;&gt;</a>&nbsp;&nbsp;&nbsp;f_unlink
<LI><a href="#[161]">&gt;&gt;</a>&nbsp;&nbsp;&nbsp;f_opendir
<LI><a href="#[1f9]">&gt;&gt;</a>&nbsp;&nbsp;&nbsp;f_open
<LI><a href="#[1f1]">&gt;&gt;</a>&nbsp;&nbsp;&nbsp;follow_path
</UL>

<P><STRONG><a name="[1e4]"></a>mem_cpy</STRONG> (Thumb, 18 bytes, Stack size 0 bytes, ff.o(i.mem_cpy))
<BR><BR>[Called By]<UL><LI><a href="#[f0]">&gt;&gt;</a>&nbsp;&nbsp;&nbsp;f_unlink
<LI><a href="#[1f5]">&gt;&gt;</a>&nbsp;&nbsp;&nbsp;f_mkfs
<LI><a href="#[162]">&gt;&gt;</a>&nbsp;&nbsp;&nbsp;f_mkdir
<LI><a href="#[164]">&gt;&gt;</a>&nbsp;&nbsp;&nbsp;f_write
<LI><a href="#[1fc]">&gt;&gt;</a>&nbsp;&nbsp;&nbsp;f_read
<LI><a href="#[1e2]">&gt;&gt;</a>&nbsp;&nbsp;&nbsp;dir_register
</UL>

<P><STRONG><a name="[1dc]"></a>mem_set</STRONG> (Thumb, 14 bytes, Stack size 0 bytes, ff.o(i.mem_set))
<BR><BR>[Called By]<UL><LI><a href="#[1f5]">&gt;&gt;</a>&nbsp;&nbsp;&nbsp;f_mkfs
<LI><a href="#[162]">&gt;&gt;</a>&nbsp;&nbsp;&nbsp;f_mkdir
<LI><a href="#[1f4]">&gt;&gt;</a>&nbsp;&nbsp;&nbsp;sync_fs
<LI><a href="#[1e5]">&gt;&gt;</a>&nbsp;&nbsp;&nbsp;dir_remove
<LI><a href="#[1e2]">&gt;&gt;</a>&nbsp;&nbsp;&nbsp;dir_register
<LI><a href="#[1de]">&gt;&gt;</a>&nbsp;&nbsp;&nbsp;dir_next
<LI><a href="#[1db]">&gt;&gt;</a>&nbsp;&nbsp;&nbsp;create_name
</UL>

<P><STRONG><a name="[1d3]"></a>move_window</STRONG> (Thumb, 50 bytes, Stack size 16 bytes, ff.o(i.move_window))
<BR><BR>[Stack]<UL><LI>Max Depth = 4256<LI>Call Chain = move_window &rArr; sync_window &rArr; disk_write &rArr; SPI_Flash_Write &rArr; SPI_Flash_Write_NoCheck &rArr; SPI_Flash_Write_Page &rArr; SPI_Flash_Wait_Busy &rArr; SPI_Flash_ReadSR
</UL>
<BR>[Calls]<UL><LI><a href="#[1df]">&gt;&gt;</a>&nbsp;&nbsp;&nbsp;sync_window
<LI><a href="#[1e7]">&gt;&gt;</a>&nbsp;&nbsp;&nbsp;disk_read
</UL>
<BR>[Called By]<UL><LI><a href="#[1f9]">&gt;&gt;</a>&nbsp;&nbsp;&nbsp;f_open
<LI><a href="#[1ed]">&gt;&gt;</a>&nbsp;&nbsp;&nbsp;f_getfree
<LI><a href="#[1da]">&gt;&gt;</a>&nbsp;&nbsp;&nbsp;put_fat
<LI><a href="#[1d9]">&gt;&gt;</a>&nbsp;&nbsp;&nbsp;get_fat
<LI><a href="#[1ea]">&gt;&gt;</a>&nbsp;&nbsp;&nbsp;f_sync
<LI><a href="#[1f1]">&gt;&gt;</a>&nbsp;&nbsp;&nbsp;follow_path
<LI><a href="#[1ee]">&gt;&gt;</a>&nbsp;&nbsp;&nbsp;find_volume
<LI><a href="#[1e5]">&gt;&gt;</a>&nbsp;&nbsp;&nbsp;dir_remove
<LI><a href="#[1e2]">&gt;&gt;</a>&nbsp;&nbsp;&nbsp;dir_register
<LI><a href="#[1e1]">&gt;&gt;</a>&nbsp;&nbsp;&nbsp;dir_read
<LI><a href="#[1d2]">&gt;&gt;</a>&nbsp;&nbsp;&nbsp;check_fs
</UL>

<P><STRONG><a name="[1fb]"></a>putc_bfd</STRONG> (Thumb, 70 bytes, Stack size 24 bytes, ff.o(i.putc_bfd))
<BR><BR>[Stack]<UL><LI>Max Depth = 4384 + In Cycle
<LI>Call Chain = putc_bfd &rArr;  putc_bfd (Cycle)
</UL>
<BR>[Calls]<UL><LI><a href="#[164]">&gt;&gt;</a>&nbsp;&nbsp;&nbsp;f_write
<LI><a href="#[1fb]">&gt;&gt;</a>&nbsp;&nbsp;&nbsp;putc_bfd
</UL>
<BR>[Called By]<UL><LI><a href="#[16a]">&gt;&gt;</a>&nbsp;&nbsp;&nbsp;f_printf
<LI><a href="#[1fb]">&gt;&gt;</a>&nbsp;&nbsp;&nbsp;putc_bfd
</UL>

<P><STRONG><a name="[1f3]"></a>remove_chain</STRONG> (Thumb, 98 bytes, Stack size 24 bytes, ff.o(i.remove_chain))
<BR><BR>[Stack]<UL><LI>Max Depth = 4312<LI>Call Chain = remove_chain &rArr; put_fat &rArr; move_window &rArr; sync_window &rArr; disk_write &rArr; SPI_Flash_Write &rArr; SPI_Flash_Write_NoCheck &rArr; SPI_Flash_Write_Page &rArr; SPI_Flash_Wait_Busy &rArr; SPI_Flash_ReadSR
</UL>
<BR>[Calls]<UL><LI><a href="#[1da]">&gt;&gt;</a>&nbsp;&nbsp;&nbsp;put_fat
<LI><a href="#[1d9]">&gt;&gt;</a>&nbsp;&nbsp;&nbsp;get_fat
</UL>
<BR>[Called By]<UL><LI><a href="#[f0]">&gt;&gt;</a>&nbsp;&nbsp;&nbsp;f_unlink
<LI><a href="#[1f9]">&gt;&gt;</a>&nbsp;&nbsp;&nbsp;f_open
<LI><a href="#[162]">&gt;&gt;</a>&nbsp;&nbsp;&nbsp;f_mkdir
</UL>

<P><STRONG><a name="[1f2]"></a>st_clust</STRONG> (Thumb, 16 bytes, Stack size 0 bytes, ff.o(i.st_clust))
<BR><BR>[Called By]<UL><LI><a href="#[1f9]">&gt;&gt;</a>&nbsp;&nbsp;&nbsp;f_open
<LI><a href="#[162]">&gt;&gt;</a>&nbsp;&nbsp;&nbsp;f_mkdir
<LI><a href="#[1ea]">&gt;&gt;</a>&nbsp;&nbsp;&nbsp;f_sync
</UL>

<P><STRONG><a name="[1f4]"></a>sync_fs</STRONG> (Thumb, 176 bytes, Stack size 16 bytes, ff.o(i.sync_fs))
<BR><BR>[Stack]<UL><LI>Max Depth = 4256<LI>Call Chain = sync_fs &rArr; sync_window &rArr; disk_write &rArr; SPI_Flash_Write &rArr; SPI_Flash_Write_NoCheck &rArr; SPI_Flash_Write_Page &rArr; SPI_Flash_Wait_Busy &rArr; SPI_Flash_ReadSR
</UL>
<BR>[Calls]<UL><LI><a href="#[1df]">&gt;&gt;</a>&nbsp;&nbsp;&nbsp;sync_window
<LI><a href="#[1dc]">&gt;&gt;</a>&nbsp;&nbsp;&nbsp;mem_set
<LI><a href="#[1e9]">&gt;&gt;</a>&nbsp;&nbsp;&nbsp;disk_write
<LI><a href="#[1e6]">&gt;&gt;</a>&nbsp;&nbsp;&nbsp;disk_ioctl
</UL>
<BR>[Called By]<UL><LI><a href="#[f0]">&gt;&gt;</a>&nbsp;&nbsp;&nbsp;f_unlink
<LI><a href="#[162]">&gt;&gt;</a>&nbsp;&nbsp;&nbsp;f_mkdir
<LI><a href="#[1ea]">&gt;&gt;</a>&nbsp;&nbsp;&nbsp;f_sync
</UL>

<P><STRONG><a name="[1df]"></a>sync_window</STRONG> (Thumb, 82 bytes, Stack size 24 bytes, ff.o(i.sync_window))
<BR><BR>[Stack]<UL><LI>Max Depth = 4240<LI>Call Chain = sync_window &rArr; disk_write &rArr; SPI_Flash_Write &rArr; SPI_Flash_Write_NoCheck &rArr; SPI_Flash_Write_Page &rArr; SPI_Flash_Wait_Busy &rArr; SPI_Flash_ReadSR
</UL>
<BR>[Calls]<UL><LI><a href="#[1e9]">&gt;&gt;</a>&nbsp;&nbsp;&nbsp;disk_write
</UL>
<BR>[Called By]<UL><LI><a href="#[162]">&gt;&gt;</a>&nbsp;&nbsp;&nbsp;f_mkdir
<LI><a href="#[1f4]">&gt;&gt;</a>&nbsp;&nbsp;&nbsp;sync_fs
<LI><a href="#[1d3]">&gt;&gt;</a>&nbsp;&nbsp;&nbsp;move_window
<LI><a href="#[1de]">&gt;&gt;</a>&nbsp;&nbsp;&nbsp;dir_next
</UL>

<P><STRONG><a name="[1eb]"></a>validate</STRONG> (Thumb, 34 bytes, Stack size 8 bytes, ff.o(i.validate))
<BR><BR>[Stack]<UL><LI>Max Depth = 24<LI>Call Chain = validate &rArr; disk_status &rArr; SPI_Flash_ReadSR
</UL>
<BR>[Calls]<UL><LI><a href="#[1e8]">&gt;&gt;</a>&nbsp;&nbsp;&nbsp;disk_status
</UL>
<BR>[Called By]<UL><LI><a href="#[1fd]">&gt;&gt;</a>&nbsp;&nbsp;&nbsp;f_readdir
<LI><a href="#[1ef]">&gt;&gt;</a>&nbsp;&nbsp;&nbsp;f_lseek
<LI><a href="#[1ec]">&gt;&gt;</a>&nbsp;&nbsp;&nbsp;f_closedir
<LI><a href="#[16b]">&gt;&gt;</a>&nbsp;&nbsp;&nbsp;f_close
<LI><a href="#[164]">&gt;&gt;</a>&nbsp;&nbsp;&nbsp;f_write
<LI><a href="#[1fc]">&gt;&gt;</a>&nbsp;&nbsp;&nbsp;f_read
<LI><a href="#[1ea]">&gt;&gt;</a>&nbsp;&nbsp;&nbsp;f_sync
</UL>

<P><STRONG><a name="[1ae]"></a>_fp_digits</STRONG> (Thumb, 334 bytes, Stack size 56 bytes, printfa.o(i._fp_digits), UNUSED)
<BR><BR>[Calls]<UL><LI><a href="#[71]">&gt;&gt;</a>&nbsp;&nbsp;&nbsp;__aeabi_dmul
<LI><a href="#[72]">&gt;&gt;</a>&nbsp;&nbsp;&nbsp;__aeabi_ddiv
<LI><a href="#[6a]">&gt;&gt;</a>&nbsp;&nbsp;&nbsp;__aeabi_dadd
<LI><a href="#[1af]">&gt;&gt;</a>&nbsp;&nbsp;&nbsp;__aeabi_cdrcmple
<LI><a href="#[7b]">&gt;&gt;</a>&nbsp;&nbsp;&nbsp;__aeabi_uldivmod
<LI><a href="#[7d]">&gt;&gt;</a>&nbsp;&nbsp;&nbsp;__aeabi_d2ulz
</UL>
<BR>[Called By]<UL><LI><a href="#[1a5]">&gt;&gt;</a>&nbsp;&nbsp;&nbsp;_printf_core
</UL>

<P><STRONG><a name="[1a5]"></a>_printf_core</STRONG> (Thumb, 1744 bytes, Stack size 136 bytes, printfa.o(i._printf_core), UNUSED)
<BR><BR>[Calls]<UL><LI><a href="#[7b]">&gt;&gt;</a>&nbsp;&nbsp;&nbsp;__aeabi_uldivmod
<LI><a href="#[1b2]">&gt;&gt;</a>&nbsp;&nbsp;&nbsp;__aeabi_uidivmod
<LI><a href="#[1b0]">&gt;&gt;</a>&nbsp;&nbsp;&nbsp;_printf_pre_padding
<LI><a href="#[1b1]">&gt;&gt;</a>&nbsp;&nbsp;&nbsp;_printf_post_padding
<LI><a href="#[1ae]">&gt;&gt;</a>&nbsp;&nbsp;&nbsp;_fp_digits
</UL>
<BR>[Called By]<UL><LI><a href="#[1a6]">&gt;&gt;</a>&nbsp;&nbsp;&nbsp;__0sprintf
<LI><a href="#[1a4]">&gt;&gt;</a>&nbsp;&nbsp;&nbsp;__0printf
</UL>

<P><STRONG><a name="[1b1]"></a>_printf_post_padding</STRONG> (Thumb, 36 bytes, Stack size 24 bytes, printfa.o(i._printf_post_padding), UNUSED)
<BR><BR>[Called By]<UL><LI><a href="#[1a5]">&gt;&gt;</a>&nbsp;&nbsp;&nbsp;_printf_core
</UL>

<P><STRONG><a name="[1b0]"></a>_printf_pre_padding</STRONG> (Thumb, 46 bytes, Stack size 24 bytes, printfa.o(i._printf_pre_padding), UNUSED)
<BR><BR>[Called By]<UL><LI><a href="#[1a5]">&gt;&gt;</a>&nbsp;&nbsp;&nbsp;_printf_core
</UL>

<P><STRONG><a name="[4f]"></a>_sputc</STRONG> (Thumb, 10 bytes, Stack size 0 bytes, printfa.o(i._sputc))
<BR><BR>[Called By]<UL><LI><a href="#[1a6]">&gt;&gt;</a>&nbsp;&nbsp;&nbsp;__0sprintf
</UL>
<BR>[Address Reference Count : 1]<UL><LI> printfa.o(i.__0sprintf)
</UL><P>
<H3>
Undefined Global Symbols
</H3><HR></body></html>
